[1.011s] Invoking command in '/home/ciderlab-server3/workspace/2026_industry_cowork/IsaacSim-ros_workspaces/humble_ws/src/moveit/isaac_moveit': PYTHONPATH=/home/ciderlab-server3/workspace/2026_industry_cowork/IsaacSim-ros_workspaces/humble_ws/build/isaac_moveit/prefix_override:/usr/lib/python3/dist-packages/colcon_core/task/python/colcon_distutils_commands:/home/ciderlab-server3/workspace/2026_industry_cowork/IsaacSim-ros_workspaces/humble_ws/install/isaac_moveit/lib/python3.10/site-packages:${PYTHONPATH} /usr/bin/python3 -W ignore:setup.py install is deprecated -W ignore:easy_install command is deprecated setup.py egg_info --egg-base ../../../build/isaac_moveit build --build-base /home/ciderlab-server3/workspace/2026_industry_cowork/IsaacSim-ros_workspaces/humble_ws/build/isaac_moveit/build install --record /home/ciderlab-server3/workspace/2026_industry_cowork/IsaacSim-ros_workspaces/humble_ws/build/isaac_moveit/install.log --install-scripts $base/lib/isaac_moveit --single-version-externally-managed install_data
[1.143s] running egg_info
[1.143s] writing ../../../build/isaac_moveit/isaac_moveit.egg-info/PKG-INFO
[1.143s] writing dependency_links to ../../../build/isaac_moveit/isaac_moveit.egg-info/dependency_links.txt
[1.143s] writing entry points to ../../../build/isaac_moveit/isaac_moveit.egg-info/entry_points.txt
[1.143s] writing requirements to ../../../build/isaac_moveit/isaac_moveit.egg-info/requires.txt
[1.143s] writing top-level names to ../../../build/isaac_moveit/isaac_moveit.egg-info/top_level.txt
[1.144s] reading manifest file '../../../build/isaac_moveit/isaac_moveit.egg-info/SOURCES.txt'
[1.145s] writing manifest file '../../../build/isaac_moveit/isaac_moveit.egg-info/SOURCES.txt'
[1.145s] running build
[1.145s] running build_py
[1.145s] running install
[1.145s] running install_lib
[1.145s] running install_data
[1.145s] running install_egg_info
[1.146s] removing '/home/ciderlab-server3/workspace/2026_industry_cowork/IsaacSim-ros_workspaces/humble_ws/install/isaac_moveit/lib/python3.10/site-packages/isaac_moveit-0.1.0-py3.10.egg-info' (and everything under it)
[1.148s] Copying ../../../build/isaac_moveit/isaac_moveit.egg-info to /home/ciderlab-server3/workspace/2026_industry_cowork/IsaacSim-ros_workspaces/humble_ws/install/isaac_moveit/lib/python3.10/site-packages/isaac_moveit-0.1.0-py3.10.egg-info
[1.148s] running install_scripts
[1.157s] Installing gripper_to_isaac script to /home/ciderlab-server3/workspace/2026_industry_cowork/IsaacSim-ros_workspaces/humble_ws/install/isaac_moveit/lib/isaac_moveit
[1.158s] writing list of installed files to '/home/ciderlab-server3/workspace/2026_industry_cowork/IsaacSim-ros_workspaces/humble_ws/build/isaac_moveit/install.log'
[1.169s] Invoked command in '/home/ciderlab-server3/workspace/2026_industry_cowork/IsaacSim-ros_workspaces/humble_ws/src/moveit/isaac_moveit' returned '0': PYTHONPATH=/home/ciderlab-server3/workspace/2026_industry_cowork/IsaacSim-ros_workspaces/humble_ws/build/isaac_moveit/prefix_override:/usr/lib/python3/dist-packages/colcon_core/task/python/colcon_distutils_commands:/home/ciderlab-server3/workspace/2026_industry_cowork/IsaacSim-ros_workspaces/humble_ws/install/isaac_moveit/lib/python3.10/site-packages:${PYTHONPATH} /usr/bin/python3 -W ignore:setup.py install is deprecated -W ignore:easy_install command is deprecated setup.py egg_info --egg-base ../../../build/isaac_moveit build --build-base /home/ciderlab-server3/workspace/2026_industry_cowork/IsaacSim-ros_workspaces/humble_ws/build/isaac_moveit/build install --record /home/ciderlab-server3/workspace/2026_industry_cowork/IsaacSim-ros_workspaces/humble_ws/build/isaac_moveit/install.log --install-scripts $base/lib/isaac_moveit --single-version-externally-managed install_data
