[1.038s] Invoking command in '/home/students/workspace/build/h1_fullbody_controller': PYTHONPATH=/home/students/workspace/build/h1_fullbody_controller/prefix_override:/usr/lib/python3/dist-packages/colcon_core/task/python/colcon_distutils_commands:/home/students/workspace/install/h1_fullbody_controller/lib/python3.10/site-packages:${PYTHONPATH} /usr/bin/python3 -W ignore:setup.py install is deprecated -W ignore:easy_install command is deprecated setup.py develop --editable --build-directory /home/students/workspace/build/h1_fullbody_controller/build --no-deps symlink_data
[1.146s] running develop
[1.202s] running egg_info
[1.202s] creating h1_fullbody_controller.egg-info
[1.202s] writing h1_fullbody_controller.egg-info/PKG-INFO
[1.202s] writing dependency_links to h1_fullbody_controller.egg-info/dependency_links.txt
[1.202s] writing entry points to h1_fullbody_controller.egg-info/entry_points.txt
[1.202s] writing requirements to h1_fullbody_controller.egg-info/requires.txt
[1.202s] writing top-level names to h1_fullbody_controller.egg-info/top_level.txt
[1.202s] writing manifest file 'h1_fullbody_controller.egg-info/SOURCES.txt'
[1.203s] reading manifest file 'h1_fullbody_controller.egg-info/SOURCES.txt'
[1.203s] writing manifest file 'h1_fullbody_controller.egg-info/SOURCES.txt'
[1.204s] running build_ext
[1.204s] Creating /home/students/workspace/install/h1_fullbody_controller/lib/python3.10/site-packages/h1-fullbody-controller.egg-link (link to .)
[1.204s] Installing h1_fullbody_controller script to /home/students/workspace/install/h1_fullbody_controller/lib/h1_fullbody_controller
[1.204s] 
[1.204s] Installed /home/students/workspace/build/h1_fullbody_controller
[1.204s] running symlink_data
[1.204s] creating /home/students/workspace/install/h1_fullbody_controller/share/ament_index
[1.204s] creating /home/students/workspace/install/h1_fullbody_controller/share/ament_index/resource_index
[1.205s] creating /home/students/workspace/install/h1_fullbody_controller/share/ament_index/resource_index/packages
[1.205s] symbolically linking /home/students/workspace/build/h1_fullbody_controller/resource/h1_fullbody_controller -> /home/students/workspace/install/h1_fullbody_controller/share/ament_index/resource_index/packages
[1.205s] symbolically linking /home/students/workspace/build/h1_fullbody_controller/package.xml -> /home/students/workspace/install/h1_fullbody_controller/share/h1_fullbody_controller
[1.205s] creating /home/students/workspace/install/h1_fullbody_controller/share/h1_fullbody_controller/launch
[1.205s] symbolically linking /home/students/workspace/build/h1_fullbody_controller/launch/h1_fullbody_controller.launch.py -> /home/students/workspace/install/h1_fullbody_controller/share/h1_fullbody_controller/launch
[1.205s] creating /home/students/workspace/install/h1_fullbody_controller/share/h1_fullbody_controller/policy
[1.205s] symbolically linking /home/students/workspace/build/h1_fullbody_controller/policy/h1_env.yaml -> /home/students/workspace/install/h1_fullbody_controller/share/h1_fullbody_controller/policy
[1.205s] symbolically linking /home/students/workspace/build/h1_fullbody_controller/policy/h1_policy.pt -> /home/students/workspace/install/h1_fullbody_controller/share/h1_fullbody_controller/policy
[1.223s] Invoked command in '/home/students/workspace/build/h1_fullbody_controller' returned '0': PYTHONPATH=/home/students/workspace/build/h1_fullbody_controller/prefix_override:/usr/lib/python3/dist-packages/colcon_core/task/python/colcon_distutils_commands:/home/students/workspace/install/h1_fullbody_controller/lib/python3.10/site-packages:${PYTHONPATH} /usr/bin/python3 -W ignore:setup.py install is deprecated -W ignore:easy_install command is deprecated setup.py develop --editable --build-directory /home/students/workspace/build/h1_fullbody_controller/build --no-deps symlink_data
