[35m[1mConsolidate compiler generated dependencies of target perception_interfaces__rosidl_generator_c[0m
[  2%] Built target perception_interfaces__rs
[  5%] Built target perception_interfaces__cpp
[ 15%] Built target perception_interfaces__rosidl_generator_c
[ 15%] Built target ament_cmake_python_copy_perception_interfaces
[35m[1mConsolidate compiler generated dependencies of target perception_interfaces__rosidl_typesupport_fastrtps_cpp[0m
[35m[1mConsolidate compiler generated dependencies of target perception_interfaces__rosidl_typesupport_cpp[0m
[35m[1mConsolidate compiler generated dependencies of target perception_interfaces__rosidl_typesupport_introspection_cpp[0m
[35m[1mConsolidate compiler generated dependencies of target perception_interfaces__rosidl_typesupport_c[0m
[35m[1mConsolidate compiler generated dependencies of target perception_interfaces__rosidl_typesupport_fastrtps_c[0m
[35m[1mConsolidate compiler generated dependencies of target perception_interfaces__rosidl_typesupport_introspection_c[0m
[ 25%] Built target perception_interfaces__rosidl_typesupport_cpp
[ 35%] Built target perception_interfaces__rosidl_typesupport_introspection_cpp
[ 45%] Built target perception_interfaces__rosidl_typesupport_c
[ 55%] Built target perception_interfaces__rosidl_typesupport_fastrtps_cpp
[ 65%] Built target perception_interfaces__rosidl_typesupport_fastrtps_c
[ 75%] Built target perception_interfaces__rosidl_typesupport_introspection_c
[ 75%] Built target perception_interfaces
[ 77%] Built target perception_interfaces__py
[35m[1mConsolidate compiler generated dependencies of target perception_interfaces__rosidl_generator_py[0m
[ 85%] Built target perception_interfaces__rosidl_generator_py
[35m[1mConsolidate compiler generated dependencies of target perception_interfaces__rosidl_typesupport_c__pyext[0m
[35m[1mConsolidate compiler generated dependencies of target perception_interfaces__rosidl_typesupport_introspection_c__pyext[0m
[35m[1mConsolidate compiler generated dependencies of target perception_interfaces__rosidl_typesupport_fastrtps_c__pyext[0m
[ 90%] Built target perception_interfaces__rosidl_typesupport_introspection_c__pyext
[100%] Built target perception_interfaces__rosidl_typesupport_fastrtps_c__pyext
[100%] Built target perception_interfaces__rosidl_typesupport_c__pyext
running egg_info
writing perception_interfaces.egg-info/PKG-INFO
writing dependency_links to perception_interfaces.egg-info/dependency_links.txt
writing top-level names to perception_interfaces.egg-info/top_level.txt
reading manifest file 'perception_interfaces.egg-info/SOURCES.txt'
writing manifest file 'perception_interfaces.egg-info/SOURCES.txt'
[100%] Built target ament_cmake_python_build_perception_interfaces_egg
-- Install configuration: ""
-- Up-to-date: /home/cofla/adaptive_manip_ws/install/perception_interfaces/share/ament_index/resource_index/rosidl_interfaces/perception_interfaces
-- Up-to-date: /home/cofla/adaptive_manip_ws/install/perception_interfaces/include/perception_interfaces/perception_interfaces
-- Up-to-date: /home/cofla/adaptive_manip_ws/install/perception_interfaces/include/perception_interfaces/perception_interfaces/msg
-- Up-to-date: /home/cofla/adaptive_manip_ws/install/perception_interfaces/include/perception_interfaces/perception_interfaces/msg/detected_object_array.h
-- Up-to-date: /home/cofla/adaptive_manip_ws/install/perception_interfaces/include/perception_interfaces/perception_interfaces/msg/detail
-- Up-to-date: /home/cofla/adaptive_manip_ws/install/perception_interfaces/include/perception_interfaces/perception_interfaces/msg/detail/detected_object__functions.h
-- Up-to-date: /home/cofla/adaptive_manip_ws/install/perception_interfaces/include/perception_interfaces/perception_interfaces/msg/detail/detected_object_array__type_support.h
-- Up-to-date: /home/cofla/adaptive_manip_ws/install/perception_interfaces/include/perception_interfaces/perception_interfaces/msg/detail/detected_object__functions.c
-- Up-to-date: /home/cofla/adaptive_manip_ws/install/perception_interfaces/include/perception_interfaces/perception_interfaces/msg/detail/detected_object__type_support.h
-- Up-to-date: /home/cofla/adaptive_manip_ws/install/perception_interfaces/include/perception_interfaces/perception_interfaces/msg/detail/detected_object_array__struct.h
-- Up-to-date: /home/cofla/adaptive_manip_ws/install/perception_interfaces/include/perception_interfaces/perception_interfaces/msg/detail/detected_object__struct.h
-- Up-to-date: /home/cofla/adaptive_manip_ws/install/perception_interfaces/include/perception_interfaces/perception_interfaces/msg/detail/detected_object_array__functions.c
-- Up-to-date: /home/cofla/adaptive_manip_ws/install/perception_interfaces/include/perception_interfaces/perception_interfaces/msg/detail/detected_object_array__functions.h
-- Up-to-date: /home/cofla/adaptive_manip_ws/install/perception_interfaces/include/perception_interfaces/perception_interfaces/msg/rosidl_generator_c__visibility_control.h
-- Up-to-date: /home/cofla/adaptive_manip_ws/install/perception_interfaces/include/perception_interfaces/perception_interfaces/msg/detected_object.h
-- Up-to-date: /home/cofla/adaptive_manip_ws/install/perception_interfaces/share/perception_interfaces/environment/library_path.sh
-- Up-to-date: /home/cofla/adaptive_manip_ws/install/perception_interfaces/share/perception_interfaces/environment/library_path.dsv
-- Up-to-date: /home/cofla/adaptive_manip_ws/install/perception_interfaces/lib/libperception_interfaces__rosidl_generator_c.so
-- Up-to-date: /home/cofla/adaptive_manip_ws/install/perception_interfaces/include/perception_interfaces/perception_interfaces
-- Up-to-date: /home/cofla/adaptive_manip_ws/install/perception_interfaces/include/perception_interfaces/perception_interfaces/msg
-- Up-to-date: /home/cofla/adaptive_manip_ws/install/perception_interfaces/include/perception_interfaces/perception_interfaces/msg/detail
-- Up-to-date: /home/cofla/adaptive_manip_ws/install/perception_interfaces/include/perception_interfaces/perception_interfaces/msg/detail/detected_object__rosidl_typesupport_fastrtps_c.h
-- Up-to-date: /home/cofla/adaptive_manip_ws/install/perception_interfaces/include/perception_interfaces/perception_interfaces/msg/detail/detected_object_array__rosidl_typesupport_fastrtps_c.h
-- Up-to-date: /home/cofla/adaptive_manip_ws/install/perception_interfaces/include/perception_interfaces/perception_interfaces/msg/rosidl_typesupport_fastrtps_c__visibility_control.h
-- Up-to-date: /home/cofla/adaptive_manip_ws/install/perception_interfaces/lib/libperception_interfaces__rosidl_typesupport_fastrtps_c.so
-- Up-to-date: /home/cofla/adaptive_manip_ws/install/perception_interfaces/include/perception_interfaces/perception_interfaces
-- Up-to-date: /home/cofla/adaptive_manip_ws/install/perception_interfaces/include/perception_interfaces/perception_interfaces/msg
-- Up-to-date: /home/cofla/adaptive_manip_ws/install/perception_interfaces/include/perception_interfaces/perception_interfaces/msg/rosidl_typesupport_introspection_c__visibility_control.h
-- Up-to-date: /home/cofla/adaptive_manip_ws/install/perception_interfaces/include/perception_interfaces/perception_interfaces/msg/detail
-- Up-to-date: /home/cofla/adaptive_manip_ws/install/perception_interfaces/include/perception_interfaces/perception_interfaces/msg/detail/detected_object_array__rosidl_typesupport_introspection_c.h
-- Up-to-date: /home/cofla/adaptive_manip_ws/install/perception_interfaces/include/perception_interfaces/perception_interfaces/msg/detail/detected_object__type_support.c
-- Up-to-date: /home/cofla/adaptive_manip_ws/install/perception_interfaces/include/perception_interfaces/perception_interfaces/msg/detail/detected_object_array__type_support.c
-- Up-to-date: /home/cofla/adaptive_manip_ws/install/perception_interfaces/include/perception_interfaces/perception_interfaces/msg/detail/detected_object__rosidl_typesupport_introspection_c.h
-- Up-to-date: /home/cofla/adaptive_manip_ws/install/perception_interfaces/lib/libperception_interfaces__rosidl_typesupport_introspection_c.so
-- Up-to-date: /home/cofla/adaptive_manip_ws/install/perception_interfaces/lib/libperception_interfaces__rosidl_typesupport_c.so
-- Up-to-date: /home/cofla/adaptive_manip_ws/install/perception_interfaces/include/perception_interfaces/perception_interfaces
-- Up-to-date: /home/cofla/adaptive_manip_ws/install/perception_interfaces/include/perception_interfaces/perception_interfaces/msg
-- Up-to-date: /home/cofla/adaptive_manip_ws/install/perception_interfaces/include/perception_interfaces/perception_interfaces/msg/detected_object.hpp
-- Up-to-date: /home/cofla/adaptive_manip_ws/install/perception_interfaces/include/perception_interfaces/perception_interfaces/msg/detail
-- Up-to-date: /home/cofla/adaptive_manip_ws/install/perception_interfaces/include/perception_interfaces/perception_interfaces/msg/detail/detected_object_array__builder.hpp
-- Up-to-date: /home/cofla/adaptive_manip_ws/install/perception_interfaces/include/perception_interfaces/perception_interfaces/msg/detail/detected_object__builder.hpp
-- Up-to-date: /home/cofla/adaptive_manip_ws/install/perception_interfaces/include/perception_interfaces/perception_interfaces/msg/detail/detected_object__struct.hpp
-- Up-to-date: /home/cofla/adaptive_manip_ws/install/perception_interfaces/include/perception_interfaces/perception_interfaces/msg/detail/detected_object__type_support.hpp
-- Up-to-date: /home/cofla/adaptive_manip_ws/install/perception_interfaces/include/perception_interfaces/perception_interfaces/msg/detail/detected_object_array__type_support.hpp
-- Up-to-date: /home/cofla/adaptive_manip_ws/install/perception_interfaces/include/perception_interfaces/perception_interfaces/msg/detail/detected_object_array__traits.hpp
-- Up-to-date: /home/cofla/adaptive_manip_ws/install/perception_interfaces/include/perception_interfaces/perception_interfaces/msg/detail/detected_object__traits.hpp
-- Up-to-date: /home/cofla/adaptive_manip_ws/install/perception_interfaces/include/perception_interfaces/perception_interfaces/msg/detail/detected_object_array__struct.hpp
-- Up-to-date: /home/cofla/adaptive_manip_ws/install/perception_interfaces/include/perception_interfaces/perception_interfaces/msg/rosidl_generator_cpp__visibility_control.hpp
-- Up-to-date: /home/cofla/adaptive_manip_ws/install/perception_interfaces/include/perception_interfaces/perception_interfaces/msg/detected_object_array.hpp
-- Up-to-date: /home/cofla/adaptive_manip_ws/install/perception_interfaces/include/perception_interfaces/perception_interfaces
-- Up-to-date: /home/cofla/adaptive_manip_ws/install/perception_interfaces/include/perception_interfaces/perception_interfaces/msg
-- Up-to-date: /home/cofla/adaptive_manip_ws/install/perception_interfaces/include/perception_interfaces/perception_interfaces/msg/detail
-- Up-to-date: /home/cofla/adaptive_manip_ws/install/perception_interfaces/include/perception_interfaces/perception_interfaces/msg/detail/dds_fastrtps
-- Up-to-date: /home/cofla/adaptive_manip_ws/install/perception_interfaces/include/perception_interfaces/perception_interfaces/msg/detail/detected_object_array__rosidl_typesupport_fastrtps_cpp.hpp
-- Up-to-date: /home/cofla/adaptive_manip_ws/install/perception_interfaces/include/perception_interfaces/perception_interfaces/msg/detail/detected_object__rosidl_typesupport_fastrtps_cpp.hpp
-- Up-to-date: /home/cofla/adaptive_manip_ws/install/perception_interfaces/include/perception_interfaces/perception_interfaces/msg/rosidl_typesupport_fastrtps_cpp__visibility_control.h
-- Up-to-date: /home/cofla/adaptive_manip_ws/install/perception_interfaces/lib/libperception_interfaces__rosidl_typesupport_fastrtps_cpp.so
-- Up-to-date: /home/cofla/adaptive_manip_ws/install/perception_interfaces/include/perception_interfaces/perception_interfaces
-- Up-to-date: /home/cofla/adaptive_manip_ws/install/perception_interfaces/include/perception_interfaces/perception_interfaces/msg
-- Up-to-date: /home/cofla/adaptive_manip_ws/install/perception_interfaces/include/perception_interfaces/perception_interfaces/msg/detail
-- Up-to-date: /home/cofla/adaptive_manip_ws/install/perception_interfaces/include/perception_interfaces/perception_interfaces/msg/detail/detected_object__rosidl_typesupport_introspection_cpp.hpp
-- Up-to-date: /home/cofla/adaptive_manip_ws/install/perception_interfaces/include/perception_interfaces/perception_interfaces/msg/detail/detected_object_array__type_support.cpp
-- Up-to-date: /home/cofla/adaptive_manip_ws/install/perception_interfaces/include/perception_interfaces/perception_interfaces/msg/detail/detected_object__type_support.cpp
-- Up-to-date: /home/cofla/adaptive_manip_ws/install/perception_interfaces/include/perception_interfaces/perception_interfaces/msg/detail/detected_object_array__rosidl_typesupport_introspection_cpp.hpp
-- Up-to-date: /home/cofla/adaptive_manip_ws/install/perception_interfaces/lib/libperception_interfaces__rosidl_typesupport_introspection_cpp.so
-- Up-to-date: /home/cofla/adaptive_manip_ws/install/perception_interfaces/lib/libperception_interfaces__rosidl_typesupport_cpp.so
-- Up-to-date: /home/cofla/adaptive_manip_ws/install/perception_interfaces/share/perception_interfaces/environment/pythonpath.sh
-- Up-to-date: /home/cofla/adaptive_manip_ws/install/perception_interfaces/share/perception_interfaces/environment/pythonpath.dsv
-- Up-to-date: /home/cofla/adaptive_manip_ws/install/perception_interfaces/local/lib/python3.10/dist-packages/perception_interfaces-0.0.1-py3.10.egg-info
-- Installing: /home/cofla/adaptive_manip_ws/install/perception_interfaces/local/lib/python3.10/dist-packages/perception_interfaces-0.0.1-py3.10.egg-info/SOURCES.txt
-- Installing: /home/cofla/adaptive_manip_ws/install/perception_interfaces/local/lib/python3.10/dist-packages/perception_interfaces-0.0.1-py3.10.egg-info/PKG-INFO
-- Installing: /home/cofla/adaptive_manip_ws/install/perception_interfaces/local/lib/python3.10/dist-packages/perception_interfaces-0.0.1-py3.10.egg-info/dependency_links.txt
-- Installing: /home/cofla/adaptive_manip_ws/install/perception_interfaces/local/lib/python3.10/dist-packages/perception_interfaces-0.0.1-py3.10.egg-info/top_level.txt
-- Up-to-date: /home/cofla/adaptive_manip_ws/install/perception_interfaces/local/lib/python3.10/dist-packages/perception_interfaces
-- Up-to-date: /home/cofla/adaptive_manip_ws/install/perception_interfaces/local/lib/python3.10/dist-packages/perception_interfaces/_perception_interfaces_s.ep.rosidl_typesupport_introspection_c.c
-- Up-to-date: /home/cofla/adaptive_manip_ws/install/perception_interfaces/local/lib/python3.10/dist-packages/perception_interfaces/perception_interfaces_s__rosidl_typesupport_introspection_c.cpython-310-x86_64-linux-gnu.so
-- Up-to-date: /home/cofla/adaptive_manip_ws/install/perception_interfaces/local/lib/python3.10/dist-packages/perception_interfaces/perception_interfaces_s__rosidl_typesupport_c.cpython-310-x86_64-linux-gnu.so
-- Up-to-date: /home/cofla/adaptive_manip_ws/install/perception_interfaces/local/lib/python3.10/dist-packages/perception_interfaces/perception_interfaces_s__rosidl_typesupport_fastrtps_c.cpython-310-x86_64-linux-gnu.so
-- Up-to-date: /home/cofla/adaptive_manip_ws/install/perception_interfaces/local/lib/python3.10/dist-packages/perception_interfaces/_perception_interfaces_s.ep.rosidl_typesupport_c.c
-- Up-to-date: /home/cofla/adaptive_manip_ws/install/perception_interfaces/local/lib/python3.10/dist-packages/perception_interfaces/__init__.py
-- Up-to-date: /home/cofla/adaptive_manip_ws/install/perception_interfaces/local/lib/python3.10/dist-packages/perception_interfaces/msg
-- Up-to-date: /home/cofla/adaptive_manip_ws/install/perception_interfaces/local/lib/python3.10/dist-packages/perception_interfaces/msg/_detected_object_s.c
-- Up-to-date: /home/cofla/adaptive_manip_ws/install/perception_interfaces/local/lib/python3.10/dist-packages/perception_interfaces/msg/_detected_object_array_s.c
-- Up-to-date: /home/cofla/adaptive_manip_ws/install/perception_interfaces/local/lib/python3.10/dist-packages/perception_interfaces/msg/_detected_object.py
-- Up-to-date: /home/cofla/adaptive_manip_ws/install/perception_interfaces/local/lib/python3.10/dist-packages/perception_interfaces/msg/__init__.py
-- Up-to-date: /home/cofla/adaptive_manip_ws/install/perception_interfaces/local/lib/python3.10/dist-packages/perception_interfaces/msg/_detected_object_array.py
-- Up-to-date: /home/cofla/adaptive_manip_ws/install/perception_interfaces/local/lib/python3.10/dist-packages/perception_interfaces/_perception_interfaces_s.ep.rosidl_typesupport_fastrtps_c.c
-- Up-to-date: /home/cofla/adaptive_manip_ws/install/perception_interfaces/local/lib/python3.10/dist-packages/perception_interfaces/libperception_interfaces__rosidl_generator_py.so
Listing '/home/cofla/adaptive_manip_ws/install/perception_interfaces/local/lib/python3.10/dist-packages/perception_interfaces'...
Listing '/home/cofla/adaptive_manip_ws/install/perception_interfaces/local/lib/python3.10/dist-packages/perception_interfaces/msg'...
-- Up-to-date: /home/cofla/adaptive_manip_ws/install/perception_interfaces/local/lib/python3.10/dist-packages/perception_interfaces/perception_interfaces_s__rosidl_typesupport_fastrtps_c.cpython-310-x86_64-linux-gnu.so
-- Up-to-date: /home/cofla/adaptive_manip_ws/install/perception_interfaces/local/lib/python3.10/dist-packages/perception_interfaces/perception_interfaces_s__rosidl_typesupport_introspection_c.cpython-310-x86_64-linux-gnu.so
-- Up-to-date: /home/cofla/adaptive_manip_ws/install/perception_interfaces/local/lib/python3.10/dist-packages/perception_interfaces/perception_interfaces_s__rosidl_typesupport_c.cpython-310-x86_64-linux-gnu.so
-- Up-to-date: /home/cofla/adaptive_manip_ws/install/perception_interfaces/lib/libperception_interfaces__rosidl_generator_py.so
-- Up-to-date: /home/cofla/adaptive_manip_ws/install/perception_interfaces/share/ament_index/resource_index/rust_packages/perception_interfaces
-- Up-to-date: /home/cofla/adaptive_manip_ws/install/perception_interfaces/share/perception_interfaces/rust
-- Up-to-date: /home/cofla/adaptive_manip_ws/install/perception_interfaces/share/perception_interfaces/rust/Cargo.toml
-- Up-to-date: /home/cofla/adaptive_manip_ws/install/perception_interfaces/share/perception_interfaces/rust/src
-- Up-to-date: /home/cofla/adaptive_manip_ws/install/perception_interfaces/share/perception_interfaces/rust/src/msg.rs
-- Up-to-date: /home/cofla/adaptive_manip_ws/install/perception_interfaces/share/perception_interfaces/rust/src/lib.rs
-- Up-to-date: /home/cofla/adaptive_manip_ws/install/perception_interfaces/share/perception_interfaces/rust/src/msg
-- Up-to-date: /home/cofla/adaptive_manip_ws/install/perception_interfaces/share/perception_interfaces/rust/src/msg/rmw.rs
-- Up-to-date: /home/cofla/adaptive_manip_ws/install/perception_interfaces/share/perception_interfaces/rust/build.rs
-- Up-to-date: /home/cofla/adaptive_manip_ws/install/perception_interfaces/share/perception_interfaces/msg/DetectedObject.idl
-- Up-to-date: /home/cofla/adaptive_manip_ws/install/perception_interfaces/share/perception_interfaces/msg/DetectedObjectArray.idl
-- Up-to-date: /home/cofla/adaptive_manip_ws/install/perception_interfaces/share/perception_interfaces/msg/DetectedObject.msg
-- Up-to-date: /home/cofla/adaptive_manip_ws/install/perception_interfaces/share/perception_interfaces/msg/DetectedObjectArray.msg
-- Up-to-date: /home/cofla/adaptive_manip_ws/install/perception_interfaces/share/ament_index/resource_index/package_run_dependencies/perception_interfaces
-- Up-to-date: /home/cofla/adaptive_manip_ws/install/perception_interfaces/share/ament_index/resource_index/parent_prefix_path/perception_interfaces
-- Up-to-date: /home/cofla/adaptive_manip_ws/install/perception_interfaces/share/perception_interfaces/environment/ament_prefix_path.sh
-- Up-to-date: /home/cofla/adaptive_manip_ws/install/perception_interfaces/share/perception_interfaces/environment/ament_prefix_path.dsv
-- Up-to-date: /home/cofla/adaptive_manip_ws/install/perception_interfaces/share/perception_interfaces/environment/path.sh
-- Up-to-date: /home/cofla/adaptive_manip_ws/install/perception_interfaces/share/perception_interfaces/environment/path.dsv
-- Up-to-date: /home/cofla/adaptive_manip_ws/install/perception_interfaces/share/perception_interfaces/local_setup.bash
-- Up-to-date: /home/cofla/adaptive_manip_ws/install/perception_interfaces/share/perception_interfaces/local_setup.sh
-- Up-to-date: /home/cofla/adaptive_manip_ws/install/perception_interfaces/share/perception_interfaces/local_setup.zsh
-- Up-to-date: /home/cofla/adaptive_manip_ws/install/perception_interfaces/share/perception_interfaces/local_setup.dsv
-- Installing: /home/cofla/adaptive_manip_ws/install/perception_interfaces/share/perception_interfaces/package.dsv
-- Up-to-date: /home/cofla/adaptive_manip_ws/install/perception_interfaces/share/ament_index/resource_index/packages/perception_interfaces
-- Up-to-date: /home/cofla/adaptive_manip_ws/install/perception_interfaces/share/perception_interfaces/cmake/export_perception_interfaces__rosidl_generator_cExport.cmake
-- Up-to-date: /home/cofla/adaptive_manip_ws/install/perception_interfaces/share/perception_interfaces/cmake/export_perception_interfaces__rosidl_generator_cExport-noconfig.cmake
-- Up-to-date: /home/cofla/adaptive_manip_ws/install/perception_interfaces/share/perception_interfaces/cmake/export_perception_interfaces__rosidl_typesupport_fastrtps_cExport.cmake
-- Up-to-date: /home/cofla/adaptive_manip_ws/install/perception_interfaces/share/perception_interfaces/cmake/export_perception_interfaces__rosidl_typesupport_fastrtps_cExport-noconfig.cmake
-- Up-to-date: /home/cofla/adaptive_manip_ws/install/perception_interfaces/share/perception_interfaces/cmake/perception_interfaces__rosidl_typesupport_introspection_cExport.cmake
-- Up-to-date: /home/cofla/adaptive_manip_ws/install/perception_interfaces/share/perception_interfaces/cmake/perception_interfaces__rosidl_typesupport_introspection_cExport-noconfig.cmake
-- Up-to-date: /home/cofla/adaptive_manip_ws/install/perception_interfaces/share/perception_interfaces/cmake/perception_interfaces__rosidl_typesupport_cExport.cmake
-- Up-to-date: /home/cofla/adaptive_manip_ws/install/perception_interfaces/share/perception_interfaces/cmake/perception_interfaces__rosidl_typesupport_cExport-noconfig.cmake
-- Up-to-date: /home/cofla/adaptive_manip_ws/install/perception_interfaces/share/perception_interfaces/cmake/export_perception_interfaces__rosidl_generator_cppExport.cmake
-- Up-to-date: /home/cofla/adaptive_manip_ws/install/perception_interfaces/share/perception_interfaces/cmake/export_perception_interfaces__rosidl_typesupport_fastrtps_cppExport.cmake
-- Up-to-date: /home/cofla/adaptive_manip_ws/install/perception_interfaces/share/perception_interfaces/cmake/export_perception_interfaces__rosidl_typesupport_fastrtps_cppExport-noconfig.cmake
-- Up-to-date: /home/cofla/adaptive_manip_ws/install/perception_interfaces/share/perception_interfaces/cmake/perception_interfaces__rosidl_typesupport_introspection_cppExport.cmake
-- Up-to-date: /home/cofla/adaptive_manip_ws/install/perception_interfaces/share/perception_interfaces/cmake/perception_interfaces__rosidl_typesupport_introspection_cppExport-noconfig.cmake
-- Up-to-date: /home/cofla/adaptive_manip_ws/install/perception_interfaces/share/perception_interfaces/cmake/perception_interfaces__rosidl_typesupport_cppExport.cmake
-- Up-to-date: /home/cofla/adaptive_manip_ws/install/perception_interfaces/share/perception_interfaces/cmake/perception_interfaces__rosidl_typesupport_cppExport-noconfig.cmake
-- Up-to-date: /home/cofla/adaptive_manip_ws/install/perception_interfaces/share/perception_interfaces/cmake/export_perception_interfaces__rosidl_generator_pyExport.cmake
-- Up-to-date: /home/cofla/adaptive_manip_ws/install/perception_interfaces/share/perception_interfaces/cmake/export_perception_interfaces__rosidl_generator_pyExport-noconfig.cmake
-- Up-to-date: /home/cofla/adaptive_manip_ws/install/perception_interfaces/share/perception_interfaces/cmake/rosidl_cmake-extras.cmake
-- Up-to-date: /home/cofla/adaptive_manip_ws/install/perception_interfaces/share/perception_interfaces/cmake/ament_cmake_export_dependencies-extras.cmake
-- Up-to-date: /home/cofla/adaptive_manip_ws/install/perception_interfaces/share/perception_interfaces/cmake/ament_cmake_export_include_directories-extras.cmake
-- Up-to-date: /home/cofla/adaptive_manip_ws/install/perception_interfaces/share/perception_interfaces/cmake/ament_cmake_export_libraries-extras.cmake
-- Up-to-date: /home/cofla/adaptive_manip_ws/install/perception_interfaces/share/perception_interfaces/cmake/ament_cmake_export_targets-extras.cmake
-- Up-to-date: /home/cofla/adaptive_manip_ws/install/perception_interfaces/share/perception_interfaces/cmake/rosidl_cmake_export_typesupport_targets-extras.cmake
-- Up-to-date: /home/cofla/adaptive_manip_ws/install/perception_interfaces/share/perception_interfaces/cmake/rosidl_cmake_export_typesupport_libraries-extras.cmake
-- Up-to-date: /home/cofla/adaptive_manip_ws/install/perception_interfaces/share/perception_interfaces/cmake/rosidl_cmake_aggregate_target-extras.cmake
-- Up-to-date: /home/cofla/adaptive_manip_ws/install/perception_interfaces/share/perception_interfaces/cmake/perception_interfacesConfig.cmake
-- Up-to-date: /home/cofla/adaptive_manip_ws/install/perception_interfaces/share/perception_interfaces/cmake/perception_interfacesConfig-version.cmake
-- Up-to-date: /home/cofla/adaptive_manip_ws/install/perception_interfaces/share/perception_interfaces/package.xml
