[0.931s] Invoking command in '/home/ciderlab-server3/workspace/2026_industry_cowork/IsaacSim-ros_workspaces/humble_ws/src/isaacsim_bringup': PYTHONPATH=/home/ciderlab-server3/workspace/2026_industry_cowork/IsaacSim-ros_workspaces/humble_ws/build/isaacsim_bringup/prefix_override:/usr/lib/python3/dist-packages/colcon_core/task/python/colcon_distutils_commands:/home/ciderlab-server3/workspace/2026_industry_cowork/IsaacSim-ros_workspaces/humble_ws/install/isaacsim_bringup/lib/python3.10/site-packages:${PYTHONPATH} /usr/bin/python3 -W ignore:setup.py install is deprecated -W ignore:easy_install command is deprecated setup.py egg_info --egg-base ../../build/isaacsim_bringup build --build-base /home/ciderlab-server3/workspace/2026_industry_cowork/IsaacSim-ros_workspaces/humble_ws/build/isaacsim_bringup/build install --record /home/ciderlab-server3/workspace/2026_industry_cowork/IsaacSim-ros_workspaces/humble_ws/build/isaacsim_bringup/install.log --install-scripts $base/lib/isaacsim_bringup --single-version-externally-managed install_data
[1.028s] running egg_info
[1.028s] creating ../../build/isaacsim_bringup/isaacsim_bringup.egg-info
[1.028s] writing ../../build/isaacsim_bringup/isaacsim_bringup.egg-info/PKG-INFO
[1.029s] writing dependency_links to ../../build/isaacsim_bringup/isaacsim_bringup.egg-info/dependency_links.txt
[1.029s] writing entry points to ../../build/isaacsim_bringup/isaacsim_bringup.egg-info/entry_points.txt
[1.029s] writing requirements to ../../build/isaacsim_bringup/isaacsim_bringup.egg-info/requires.txt
[1.029s] writing top-level names to ../../build/isaacsim_bringup/isaacsim_bringup.egg-info/top_level.txt
[1.029s] writing manifest file '../../build/isaacsim_bringup/isaacsim_bringup.egg-info/SOURCES.txt'
[1.030s] reading manifest file '../../build/isaacsim_bringup/isaacsim_bringup.egg-info/SOURCES.txt'
[1.030s] writing manifest file '../../build/isaacsim_bringup/isaacsim_bringup.egg-info/SOURCES.txt'
[1.030s] running build
[1.030s] running build_py
[1.030s] creating /home/ciderlab-server3/workspace/2026_industry_cowork/IsaacSim-ros_workspaces/humble_ws/build/isaacsim_bringup/build
[1.030s] creating /home/ciderlab-server3/workspace/2026_industry_cowork/IsaacSim-ros_workspaces/humble_ws/build/isaacsim_bringup/build/lib
[1.030s] creating /home/ciderlab-server3/workspace/2026_industry_cowork/IsaacSim-ros_workspaces/humble_ws/build/isaacsim_bringup/build/lib/isaacsim_bringup
[1.030s] copying isaacsim_bringup/run_isaacsim.py -> /home/ciderlab-server3/workspace/2026_industry_cowork/IsaacSim-ros_workspaces/humble_ws/build/isaacsim_bringup/build/lib/isaacsim_bringup
[1.030s] copying isaacsim_bringup/__init__.py -> /home/ciderlab-server3/workspace/2026_industry_cowork/IsaacSim-ros_workspaces/humble_ws/build/isaacsim_bringup/build/lib/isaacsim_bringup
[1.030s] running install
[1.030s] running install_lib
[1.030s] creating /home/ciderlab-server3/workspace/2026_industry_cowork/IsaacSim-ros_workspaces/humble_ws/install/isaacsim_bringup/lib/python3.10/site-packages/isaacsim_bringup
[1.030s] copying /home/ciderlab-server3/workspace/2026_industry_cowork/IsaacSim-ros_workspaces/humble_ws/build/isaacsim_bringup/build/lib/isaacsim_bringup/run_isaacsim.py -> /home/ciderlab-server3/workspace/2026_industry_cowork/IsaacSim-ros_workspaces/humble_ws/install/isaacsim_bringup/lib/python3.10/site-packages/isaacsim_bringup
[1.030s] copying /home/ciderlab-server3/workspace/2026_industry_cowork/IsaacSim-ros_workspaces/humble_ws/build/isaacsim_bringup/build/lib/isaacsim_bringup/__init__.py -> /home/ciderlab-server3/workspace/2026_industry_cowork/IsaacSim-ros_workspaces/humble_ws/install/isaacsim_bringup/lib/python3.10/site-packages/isaacsim_bringup
[1.031s] byte-compiling /home/ciderlab-server3/workspace/2026_industry_cowork/IsaacSim-ros_workspaces/humble_ws/install/isaacsim_bringup/lib/python3.10/site-packages/isaacsim_bringup/run_isaacsim.py to run_isaacsim.cpython-310.pyc
[1.032s] byte-compiling /home/ciderlab-server3/workspace/2026_industry_cowork/IsaacSim-ros_workspaces/humble_ws/install/isaacsim_bringup/lib/python3.10/site-packages/isaacsim_bringup/__init__.py to __init__.cpython-310.pyc
[1.032s] running install_data
[1.032s] creating /home/ciderlab-server3/workspace/2026_industry_cowork/IsaacSim-ros_workspaces/humble_ws/install/isaacsim_bringup/share/ament_index
[1.032s] creating /home/ciderlab-server3/workspace/2026_industry_cowork/IsaacSim-ros_workspaces/humble_ws/install/isaacsim_bringup/share/ament_index/resource_index
[1.032s] creating /home/ciderlab-server3/workspace/2026_industry_cowork/IsaacSim-ros_workspaces/humble_ws/install/isaacsim_bringup/share/ament_index/resource_index/packages
[1.032s] copying resource/isaacsim_bringup -> /home/ciderlab-server3/workspace/2026_industry_cowork/IsaacSim-ros_workspaces/humble_ws/install/isaacsim_bringup/share/ament_index/resource_index/packages
[1.032s] copying package.xml -> /home/ciderlab-server3/workspace/2026_industry_cowork/IsaacSim-ros_workspaces/humble_ws/install/isaacsim_bringup/share/isaacsim_bringup
[1.033s] creating /home/ciderlab-server3/workspace/2026_industry_cowork/IsaacSim-ros_workspaces/humble_ws/install/isaacsim_bringup/share/isaacsim_bringup/launch
[1.033s] copying launch/run_isaacsim.launch.py -> /home/ciderlab-server3/workspace/2026_industry_cowork/IsaacSim-ros_workspaces/humble_ws/install/isaacsim_bringup/share/isaacsim_bringup/launch
[1.033s] creating /home/ciderlab-server3/workspace/2026_industry_cowork/IsaacSim-ros_workspaces/humble_ws/install/isaacsim_bringup/share/isaacsim_bringup/scripts
[1.033s] copying scripts/open_isaacsim_stage.py -> /home/ciderlab-server3/workspace/2026_industry_cowork/IsaacSim-ros_workspaces/humble_ws/install/isaacsim_bringup/share/isaacsim_bringup/scripts
[1.033s] running install_egg_info
[1.033s] Copying ../../build/isaacsim_bringup/isaacsim_bringup.egg-info to /home/ciderlab-server3/workspace/2026_industry_cowork/IsaacSim-ros_workspaces/humble_ws/install/isaacsim_bringup/lib/python3.10/site-packages/isaacsim_bringup-0.2.2-py3.10.egg-info
[1.033s] running install_scripts
[1.042s] Installing run_isaacsim script to /home/ciderlab-server3/workspace/2026_industry_cowork/IsaacSim-ros_workspaces/humble_ws/install/isaacsim_bringup/lib/isaacsim_bringup
[1.042s] writing list of installed files to '/home/ciderlab-server3/workspace/2026_industry_cowork/IsaacSim-ros_workspaces/humble_ws/build/isaacsim_bringup/install.log'
[1.057s] Invoked command in '/home/ciderlab-server3/workspace/2026_industry_cowork/IsaacSim-ros_workspaces/humble_ws/src/isaacsim_bringup' returned '0': PYTHONPATH=/home/ciderlab-server3/workspace/2026_industry_cowork/IsaacSim-ros_workspaces/humble_ws/build/isaacsim_bringup/prefix_override:/usr/lib/python3/dist-packages/colcon_core/task/python/colcon_distutils_commands:/home/ciderlab-server3/workspace/2026_industry_cowork/IsaacSim-ros_workspaces/humble_ws/install/isaacsim_bringup/lib/python3.10/site-packages:${PYTHONPATH} /usr/bin/python3 -W ignore:setup.py install is deprecated -W ignore:easy_install command is deprecated setup.py egg_info --egg-base ../../build/isaacsim_bringup build --build-base /home/ciderlab-server3/workspace/2026_industry_cowork/IsaacSim-ros_workspaces/humble_ws/build/isaacsim_bringup/build install --record /home/ciderlab-server3/workspace/2026_industry_cowork/IsaacSim-ros_workspaces/humble_ws/build/isaacsim_bringup/install.log --install-scripts $base/lib/isaacsim_bringup --single-version-externally-managed install_data
