-- Install configuration: ""
-- Up-to-date: /home/ciderlab-server3/workspace/2026_industry_cowork/IsaacSim-ros_workspaces/humble_ws/install/isaacsim_clearpath_nav2/share/isaacsim_clearpath_nav2/launch
-- Up-to-date: /home/ciderlab-server3/workspace/2026_industry_cowork/IsaacSim-ros_workspaces/humble_ws/install/isaacsim_clearpath_nav2/share/isaacsim_clearpath_nav2/launch/clearpath_navigation.launch.py
-- Up-to-date: /home/ciderlab-server3/workspace/2026_industry_cowork/IsaacSim-ros_workspaces/humble_ws/install/isaacsim_clearpath_nav2/share/isaacsim_clearpath_nav2/params
-- Up-to-date: /home/ciderlab-server3/workspace/2026_industry_cowork/IsaacSim-ros_workspaces/humble_ws/install/isaacsim_clearpath_nav2/share/isaacsim_clearpath_nav2/params/dd100
-- Up-to-date: /home/ciderlab-server3/workspace/2026_industry_cowork/IsaacSim-ros_workspaces/humble_ws/install/isaacsim_clearpath_nav2/share/isaacsim_clearpath_nav2/params/dd100/robot.yaml
-- Up-to-date: /home/ciderlab-server3/workspace/2026_industry_cowork/IsaacSim-ros_workspaces/humble_ws/install/isaacsim_clearpath_nav2/share/isaacsim_clearpath_nav2/params/dd100/nav2.yaml
-- Up-to-date: /home/ciderlab-server3/workspace/2026_industry_cowork/IsaacSim-ros_workspaces/humble_ws/install/isaacsim_clearpath_nav2/share/isaacsim_clearpath_nav2/params/rviz2
-- Up-to-date: /home/ciderlab-server3/workspace/2026_industry_cowork/IsaacSim-ros_workspaces/humble_ws/install/isaacsim_clearpath_nav2/share/isaacsim_clearpath_nav2/params/rviz2/isaacsim_clearpath_nav2_namespaced.rviz
-- Up-to-date: /home/ciderlab-server3/workspace/2026_industry_cowork/IsaacSim-ros_workspaces/humble_ws/install/isaacsim_clearpath_nav2/share/ament_index/resource_index/package_run_dependencies/isaacsim_clearpath_nav2
-- Up-to-date: /home/ciderlab-server3/workspace/2026_industry_cowork/IsaacSim-ros_workspaces/humble_ws/install/isaacsim_clearpath_nav2/share/ament_index/resource_index/parent_prefix_path/isaacsim_clearpath_nav2
-- Up-to-date: /home/ciderlab-server3/workspace/2026_industry_cowork/IsaacSim-ros_workspaces/humble_ws/install/isaacsim_clearpath_nav2/share/isaacsim_clearpath_nav2/environment/ament_prefix_path.sh
-- Up-to-date: /home/ciderlab-server3/workspace/2026_industry_cowork/IsaacSim-ros_workspaces/humble_ws/install/isaacsim_clearpath_nav2/share/isaacsim_clearpath_nav2/environment/ament_prefix_path.dsv
-- Up-to-date: /home/ciderlab-server3/workspace/2026_industry_cowork/IsaacSim-ros_workspaces/humble_ws/install/isaacsim_clearpath_nav2/share/isaacsim_clearpath_nav2/environment/path.sh
-- Up-to-date: /home/ciderlab-server3/workspace/2026_industry_cowork/IsaacSim-ros_workspaces/humble_ws/install/isaacsim_clearpath_nav2/share/isaacsim_clearpath_nav2/environment/path.dsv
-- Up-to-date: /home/ciderlab-server3/workspace/2026_industry_cowork/IsaacSim-ros_workspaces/humble_ws/install/isaacsim_clearpath_nav2/share/isaacsim_clearpath_nav2/local_setup.bash
-- Up-to-date: /home/ciderlab-server3/workspace/2026_industry_cowork/IsaacSim-ros_workspaces/humble_ws/install/isaacsim_clearpath_nav2/share/isaacsim_clearpath_nav2/local_setup.sh
-- Up-to-date: /home/ciderlab-server3/workspace/2026_industry_cowork/IsaacSim-ros_workspaces/humble_ws/install/isaacsim_clearpath_nav2/share/isaacsim_clearpath_nav2/local_setup.zsh
-- Up-to-date: /home/ciderlab-server3/workspace/2026_industry_cowork/IsaacSim-ros_workspaces/humble_ws/install/isaacsim_clearpath_nav2/share/isaacsim_clearpath_nav2/local_setup.dsv
-- Installing: /home/ciderlab-server3/workspace/2026_industry_cowork/IsaacSim-ros_workspaces/humble_ws/install/isaacsim_clearpath_nav2/share/isaacsim_clearpath_nav2/package.dsv
-- Up-to-date: /home/ciderlab-server3/workspace/2026_industry_cowork/IsaacSim-ros_workspaces/humble_ws/install/isaacsim_clearpath_nav2/share/ament_index/resource_index/packages/isaacsim_clearpath_nav2
-- Up-to-date: /home/ciderlab-server3/workspace/2026_industry_cowork/IsaacSim-ros_workspaces/humble_ws/install/isaacsim_clearpath_nav2/share/isaacsim_clearpath_nav2/cmake/isaacsim_clearpath_nav2Config.cmake
-- Up-to-date: /home/ciderlab-server3/workspace/2026_industry_cowork/IsaacSim-ros_workspaces/humble_ws/install/isaacsim_clearpath_nav2/share/isaacsim_clearpath_nav2/cmake/isaacsim_clearpath_nav2Config-version.cmake
-- Up-to-date: /home/ciderlab-server3/workspace/2026_industry_cowork/IsaacSim-ros_workspaces/humble_ws/install/isaacsim_clearpath_nav2/share/isaacsim_clearpath_nav2/package.xml
