[0.011s] Invoking command in '/home/cofla/adaptive_manip_ws/build/perception_interfaces': CMAKE_PREFIX_PATH=/opt/ros/humble /usr/bin/cmake /home/cofla/adaptive_manip_ws/src/perception_interfaces -DCMAKE_INSTALL_PREFIX=/home/cofla/adaptive_manip_ws/install/perception_interfaces
[0.166s] -- The C compiler identification is GNU 11.4.0
[0.525s] -- The CXX compiler identification is GNU 11.4.0
[0.773s] -- Detecting C compiler ABI info
[0.872s] -- Detecting C compiler ABI info - done
[0.876s] -- Check for working C compiler: /usr/bin/cc - skipped
[0.877s] -- Detecting C compile features
[0.878s] -- Detecting C compile features - done
[0.881s] -- Detecting CXX compiler ABI info
[0.979s] -- Detecting CXX compiler ABI info - done
[0.984s] -- Check for working CXX compiler: /usr/bin/c++ - skipped
[0.984s] -- Detecting CXX compile features
[0.984s] -- Detecting CXX compile features - done
[0.995s] -- Found ament_cmake: 1.3.14 (/opt/ros/humble/share/ament_cmake/cmake)
[1.112s] -- Found Python3: /usr/bin/python3 (found version "3.10.12") found components: Interpreter 
[1.199s] -- Found rosidl_default_generators: 1.2.1 (/opt/ros/humble/share/rosidl_default_generators/cmake)
[1.205s] -- Using all available rosidl_typesupport_c: rosidl_typesupport_fastrtps_c;rosidl_typesupport_introspection_c
[1.213s] -- Found rosidl_adapter: 3.1.9 (/opt/ros/humble/share/rosidl_adapter/cmake)
[1.366s] -- Using all available rosidl_typesupport_cpp: rosidl_typesupport_fastrtps_cpp;rosidl_typesupport_introspection_cpp
[1.407s] -- Found std_msgs: 4.9.2 (/opt/ros/humble/share/std_msgs/cmake)
[1.442s] -- Found geometry_msgs: 4.9.2 (/opt/ros/humble/share/geometry_msgs/cmake)
[1.682s] -- Found ament_cmake_ros: 0.10.0 (/opt/ros/humble/share/ament_cmake_ros/cmake)
[1.882s] -- Using all available rosidl_typesupport_c: rosidl_typesupport_fastrtps_c;rosidl_typesupport_introspection_c
[2.135s] -- Using all available rosidl_typesupport_cpp: rosidl_typesupport_fastrtps_cpp;rosidl_typesupport_introspection_cpp
[2.230s] -- Found PythonInterp: /usr/bin/python3 (found suitable version "3.10.12", minimum required is "3.6") 
[2.232s] -- Found python_cmake_module: 0.10.0 (/opt/ros/humble/share/python_cmake_module/cmake)
[2.494s] -- Found PythonLibs: /usr/lib/x86_64-linux-gnu/libpython3.10.so (found suitable version "3.10.12", minimum required is "3.5") 
[2.495s] -- Using PYTHON_EXECUTABLE: /usr/bin/python3
[2.495s] -- Using PYTHON_INCLUDE_DIRS: /usr/include/python3.10
[2.495s] -- Using PYTHON_LIBRARIES: /usr/lib/x86_64-linux-gnu/libpython3.10.so
[2.508s] -- Found PythonExtra: .so  
[2.641s] -- Found ament_lint_auto: 0.12.15 (/opt/ros/humble/share/ament_lint_auto/cmake)
[2.654s] -- Configuring done
[2.689s] -- Generating done
[2.698s] -- Build files have been written to: /home/cofla/adaptive_manip_ws/build/perception_interfaces
[2.705s] Invoked command in '/home/cofla/adaptive_manip_ws/build/perception_interfaces' returned '0': CMAKE_PREFIX_PATH=/opt/ros/humble /usr/bin/cmake /home/cofla/adaptive_manip_ws/src/perception_interfaces -DCMAKE_INSTALL_PREFIX=/home/cofla/adaptive_manip_ws/install/perception_interfaces
[2.706s] Invoking command in '/home/cofla/adaptive_manip_ws/build/perception_interfaces': CMAKE_PREFIX_PATH=/opt/ros/humble /usr/bin/cmake --build /home/cofla/adaptive_manip_ws/build/perception_interfaces -- -j18 -l18
[2.733s] [  2%] [34m[1mGenerating C code for ROS interfaces[0m
[2.738s] [  5%] [34m[1mGenerating Rust code for ROS interfaces[0m
[2.744s] [  7%] [34m[1mGenerating C++ code for ROS interfaces[0m
[2.746s] [  7%] Built target ament_cmake_python_copy_perception_interfaces
[2.975s] running egg_info
[2.976s] creating perception_interfaces.egg-info
[2.976s] writing perception_interfaces.egg-info/PKG-INFO
[2.976s] writing dependency_links to perception_interfaces.egg-info/dependency_links.txt
[2.977s] writing top-level names to perception_interfaces.egg-info/top_level.txt
[2.977s] writing manifest file 'perception_interfaces.egg-info/SOURCES.txt'
[2.980s] reading manifest file 'perception_interfaces.egg-info/SOURCES.txt'
[2.981s] writing manifest file 'perception_interfaces.egg-info/SOURCES.txt'
[3.009s] [  7%] Built target ament_cmake_python_build_perception_interfaces_egg
[3.014s] [  7%] Built target perception_interfaces__rs
[3.075s] [  7%] Built target perception_interfaces__cpp
[3.083s] [ 10%] [34m[1mGenerating C++ type support for eProsima Fast-RTPS[0m
[3.087s] [ 12%] [34m[1mGenerating C++ introspection for ROS interfaces[0m
[3.087s] [ 15%] [34m[1mGenerating C++ type support dispatch for ROS interfaces[0m
[3.091s] [ 17%] [32mBuilding C object CMakeFiles/perception_interfaces__rosidl_generator_c.dir/rosidl_generator_c/perception_interfaces/msg/detail/detected_object__functions.c.o[0m
[3.092s] [ 20%] [32mBuilding C object CMakeFiles/perception_interfaces__rosidl_generator_c.dir/rosidl_generator_c/perception_interfaces/msg/detail/detected_object_array__functions.c.o[0m
[3.163s] [ 22%] [32m[1mLinking C shared library libperception_interfaces__rosidl_generator_c.so[0m
[3.242s] [ 22%] Built target perception_interfaces__rosidl_generator_c
[3.253s] [ 25%] [34m[1mGenerating C type support for eProsima Fast-RTPS[0m
[3.253s] [ 27%] [34m[1mGenerating C type support dispatch for ROS interfaces[0m
[3.253s] [ 30%] [34m[1mGenerating C introspection for ROS interfaces[0m
[3.430s] [ 32%] [32mBuilding CXX object CMakeFiles/perception_interfaces__rosidl_typesupport_introspection_cpp.dir/rosidl_typesupport_introspection_cpp/perception_interfaces/msg/detail/detected_object__type_support.cpp.o[0m
[3.431s] [ 35%] [32mBuilding CXX object CMakeFiles/perception_interfaces__rosidl_typesupport_introspection_cpp.dir/rosidl_typesupport_introspection_cpp/perception_interfaces/msg/detail/detected_object_array__type_support.cpp.o[0m
[3.440s] [ 37%] [32mBuilding CXX object CMakeFiles/perception_interfaces__rosidl_typesupport_cpp.dir/rosidl_typesupport_cpp/perception_interfaces/msg/detected_object_array__type_support.cpp.o[0m
[3.441s] [ 40%] [32mBuilding CXX object CMakeFiles/perception_interfaces__rosidl_typesupport_cpp.dir/rosidl_typesupport_cpp/perception_interfaces/msg/detected_object__type_support.cpp.o[0m
[3.471s] [ 45%] [32mBuilding CXX object CMakeFiles/perception_interfaces__rosidl_typesupport_fastrtps_cpp.dir/rosidl_typesupport_fastrtps_cpp/perception_interfaces/msg/detail/dds_fastrtps/detected_object__type_support.cpp.o[0m
[3.471s] [ 45%] [32mBuilding CXX object CMakeFiles/perception_interfaces__rosidl_typesupport_fastrtps_cpp.dir/rosidl_typesupport_fastrtps_cpp/perception_interfaces/msg/detail/dds_fastrtps/detected_object_array__type_support.cpp.o[0m
[3.634s] [ 47%] [32mBuilding CXX object CMakeFiles/perception_interfaces__rosidl_typesupport_c.dir/rosidl_typesupport_c/perception_interfaces/msg/detected_object__type_support.cpp.o[0m
[3.636s] [ 50%] [32mBuilding CXX object CMakeFiles/perception_interfaces__rosidl_typesupport_c.dir/rosidl_typesupport_c/perception_interfaces/msg/detected_object_array__type_support.cpp.o[0m
[3.673s] [ 52%] [32m[1mLinking CXX shared library libperception_interfaces__rosidl_typesupport_c.so[0m
[3.739s] [ 55%] [32mBuilding C object CMakeFiles/perception_interfaces__rosidl_typesupport_introspection_c.dir/rosidl_typesupport_introspection_c/perception_interfaces/msg/detail/detected_object__type_support.c.o[0m
[3.740s] [ 57%] [32mBuilding C object CMakeFiles/perception_interfaces__rosidl_typesupport_introspection_c.dir/rosidl_typesupport_introspection_c/perception_interfaces/msg/detail/detected_object_array__type_support.c.o[0m
[3.784s] [ 62%] [32mBuilding CXX object CMakeFiles/perception_interfaces__rosidl_typesupport_fastrtps_c.dir/rosidl_typesupport_fastrtps_c/perception_interfaces/msg/detail/detected_object__type_support_c.cpp.o[0m
[3.784s] [ 62%] [32mBuilding CXX object CMakeFiles/perception_interfaces__rosidl_typesupport_fastrtps_c.dir/rosidl_typesupport_fastrtps_c/perception_interfaces/msg/detail/detected_object_array__type_support_c.cpp.o[0m
[3.798s] [ 65%] [32m[1mLinking C shared library libperception_interfaces__rosidl_typesupport_introspection_c.so[0m
[3.814s] [ 65%] Built target perception_interfaces__rosidl_typesupport_c
[3.896s] [ 65%] Built target perception_interfaces__rosidl_typesupport_introspection_c
[3.908s] [ 67%] [32m[1mLinking CXX shared library libperception_interfaces__rosidl_typesupport_cpp.so[0m
[4.013s] [ 67%] Built target perception_interfaces__rosidl_typesupport_cpp
[4.121s] [ 70%] [32m[1mLinking CXX shared library libperception_interfaces__rosidl_typesupport_introspection_cpp.so[0m
[4.146s] [ 72%] [32m[1mLinking CXX shared library libperception_interfaces__rosidl_typesupport_fastrtps_cpp.so[0m
[4.220s] [ 72%] Built target perception_interfaces__rosidl_typesupport_introspection_cpp
[4.233s] [ 75%] [32m[1mLinking CXX shared library libperception_interfaces__rosidl_typesupport_fastrtps_c.so[0m
[4.248s] [ 75%] Built target perception_interfaces__rosidl_typesupport_fastrtps_cpp
[4.339s] [ 75%] Built target perception_interfaces__rosidl_typesupport_fastrtps_c
[4.353s] [ 75%] Built target perception_interfaces
[4.367s] [ 77%] [34m[1mGenerating Python code for ROS interfaces[0m
[4.750s] [ 77%] Built target perception_interfaces__py
[4.764s] [ 80%] [32mBuilding C object CMakeFiles/perception_interfaces__rosidl_generator_py.dir/rosidl_generator_py/perception_interfaces/msg/_detected_object_s.c.o[0m
[4.765s] [ 82%] [32mBuilding C object CMakeFiles/perception_interfaces__rosidl_generator_py.dir/rosidl_generator_py/perception_interfaces/msg/_detected_object_array_s.c.o[0m
[4.888s] [ 85%] [32m[1mLinking C shared library rosidl_generator_py/perception_interfaces/libperception_interfaces__rosidl_generator_py.so[0m
[4.965s] [ 85%] Built target perception_interfaces__rosidl_generator_py
[4.981s] [ 87%] [32mBuilding C object CMakeFiles/perception_interfaces__rosidl_typesupport_fastrtps_c__pyext.dir/rosidl_generator_py/perception_interfaces/_perception_interfaces_s.ep.rosidl_typesupport_fastrtps_c.c.o[0m
[4.982s] [ 90%] [32mBuilding C object CMakeFiles/perception_interfaces__rosidl_typesupport_c__pyext.dir/rosidl_generator_py/perception_interfaces/_perception_interfaces_s.ep.rosidl_typesupport_c.c.o[0m
[4.983s] [ 92%] [32mBuilding C object CMakeFiles/perception_interfaces__rosidl_typesupport_introspection_c__pyext.dir/rosidl_generator_py/perception_interfaces/_perception_interfaces_s.ep.rosidl_typesupport_introspection_c.c.o[0m
[5.054s] [ 95%] [32m[1mLinking C shared library rosidl_generator_py/perception_interfaces/perception_interfaces_s__rosidl_typesupport_c.cpython-310-x86_64-linux-gnu.so[0m
[5.063s] [ 97%] [32m[1mLinking C shared library rosidl_generator_py/perception_interfaces/perception_interfaces_s__rosidl_typesupport_fastrtps_c.cpython-310-x86_64-linux-gnu.so[0m
[5.077s] [100%] [32m[1mLinking C shared library rosidl_generator_py/perception_interfaces/perception_interfaces_s__rosidl_typesupport_introspection_c.cpython-310-x86_64-linux-gnu.so[0m
[5.120s] [100%] Built target perception_interfaces__rosidl_typesupport_c__pyext
[5.124s] [100%] Built target perception_interfaces__rosidl_typesupport_fastrtps_c__pyext
[5.155s] [100%] Built target perception_interfaces__rosidl_typesupport_introspection_c__pyext
[5.164s] Invoked command in '/home/cofla/adaptive_manip_ws/build/perception_interfaces' returned '0': CMAKE_PREFIX_PATH=/opt/ros/humble /usr/bin/cmake --build /home/cofla/adaptive_manip_ws/build/perception_interfaces -- -j18 -l18
[5.170s] Invoking command in '/home/cofla/adaptive_manip_ws/build/perception_interfaces': CMAKE_PREFIX_PATH=/opt/ros/humble /usr/bin/cmake --install /home/cofla/adaptive_manip_ws/build/perception_interfaces
[5.178s] -- Install configuration: ""
[5.179s] -- Installing: /home/cofla/adaptive_manip_ws/install/perception_interfaces/share/ament_index/resource_index/rosidl_interfaces/perception_interfaces
[5.179s] -- Installing: /home/cofla/adaptive_manip_ws/install/perception_interfaces/include/perception_interfaces/perception_interfaces
[5.180s] -- Installing: /home/cofla/adaptive_manip_ws/install/perception_interfaces/include/perception_interfaces/perception_interfaces/msg
[5.180s] -- Installing: /home/cofla/adaptive_manip_ws/install/perception_interfaces/include/perception_interfaces/perception_interfaces/msg/detected_object_array.h
[5.180s] -- Installing: /home/cofla/adaptive_manip_ws/install/perception_interfaces/include/perception_interfaces/perception_interfaces/msg/detail
[5.181s] -- Installing: /home/cofla/adaptive_manip_ws/install/perception_interfaces/include/perception_interfaces/perception_interfaces/msg/detail/detected_object__functions.h
[5.181s] -- Installing: /home/cofla/adaptive_manip_ws/install/perception_interfaces/include/perception_interfaces/perception_interfaces/msg/detail/detected_object_array__type_support.h
[5.181s] -- Installing: /home/cofla/adaptive_manip_ws/install/perception_interfaces/include/perception_interfaces/perception_interfaces/msg/detail/detected_object__functions.c
[5.181s] -- Installing: /home/cofla/adaptive_manip_ws/install/perception_interfaces/include/perception_interfaces/perception_interfaces/msg/detail/detected_object__type_support.h
[5.181s] -- Installing: /home/cofla/adaptive_manip_ws/install/perception_interfaces/include/perception_interfaces/perception_interfaces/msg/detail/detected_object_array__struct.h
[5.182s] -- Installing: /home/cofla/adaptive_manip_ws/install/perception_interfaces/include/perception_interfaces/perception_interfaces/msg/detail/detected_object__struct.h
[5.182s] -- Installing: /home/cofla/adaptive_manip_ws/install/perception_interfaces/include/perception_interfaces/perception_interfaces/msg/detail/detected_object_array__functions.c
[5.182s] -- Installing: /home/cofla/adaptive_manip_ws/install/perception_interfaces/include/perception_interfaces/perception_interfaces/msg/detail/detected_object_array__functions.h
[5.182s] -- Installing: /home/cofla/adaptive_manip_ws/install/perception_interfaces/include/perception_interfaces/perception_interfaces/msg/rosidl_generator_c__visibility_control.h
[5.182s] -- Installing: /home/cofla/adaptive_manip_ws/install/perception_interfaces/include/perception_interfaces/perception_interfaces/msg/detected_object.h
[5.182s] -- Installing: /home/cofla/adaptive_manip_ws/install/perception_interfaces/share/perception_interfaces/environment/library_path.sh
[5.182s] -- Installing: /home/cofla/adaptive_manip_ws/install/perception_interfaces/share/perception_interfaces/environment/library_path.dsv
[5.183s] -- Installing: /home/cofla/adaptive_manip_ws/install/perception_interfaces/lib/libperception_interfaces__rosidl_generator_c.so
[5.183s] -- Set runtime path of "/home/cofla/adaptive_manip_ws/install/perception_interfaces/lib/libperception_interfaces__rosidl_generator_c.so" to ""
[5.183s] -- Up-to-date: /home/cofla/adaptive_manip_ws/install/perception_interfaces/include/perception_interfaces/perception_interfaces
[5.183s] -- Up-to-date: /home/cofla/adaptive_manip_ws/install/perception_interfaces/include/perception_interfaces/perception_interfaces/msg
[5.184s] -- Up-to-date: /home/cofla/adaptive_manip_ws/install/perception_interfaces/include/perception_interfaces/perception_interfaces/msg/detail
[5.184s] -- Installing: /home/cofla/adaptive_manip_ws/install/perception_interfaces/include/perception_interfaces/perception_interfaces/msg/detail/detected_object__rosidl_typesupport_fastrtps_c.h
[5.184s] -- Installing: /home/cofla/adaptive_manip_ws/install/perception_interfaces/include/perception_interfaces/perception_interfaces/msg/detail/detected_object_array__rosidl_typesupport_fastrtps_c.h
[5.184s] -- Installing: /home/cofla/adaptive_manip_ws/install/perception_interfaces/include/perception_interfaces/perception_interfaces/msg/rosidl_typesupport_fastrtps_c__visibility_control.h
[5.185s] -- Installing: /home/cofla/adaptive_manip_ws/install/perception_interfaces/lib/libperception_interfaces__rosidl_typesupport_fastrtps_c.so
[5.185s] -- Set runtime path of "/home/cofla/adaptive_manip_ws/install/perception_interfaces/lib/libperception_interfaces__rosidl_typesupport_fastrtps_c.so" to ""
[5.185s] -- Up-to-date: /home/cofla/adaptive_manip_ws/install/perception_interfaces/include/perception_interfaces/perception_interfaces
[5.185s] -- Up-to-date: /home/cofla/adaptive_manip_ws/install/perception_interfaces/include/perception_interfaces/perception_interfaces/msg
[5.185s] -- Installing: /home/cofla/adaptive_manip_ws/install/perception_interfaces/include/perception_interfaces/perception_interfaces/msg/rosidl_typesupport_introspection_c__visibility_control.h
[5.185s] -- Up-to-date: /home/cofla/adaptive_manip_ws/install/perception_interfaces/include/perception_interfaces/perception_interfaces/msg/detail
[5.185s] -- Installing: /home/cofla/adaptive_manip_ws/install/perception_interfaces/include/perception_interfaces/perception_interfaces/msg/detail/detected_object_array__rosidl_typesupport_introspection_c.h
[5.186s] -- Installing: /home/cofla/adaptive_manip_ws/install/perception_interfaces/include/perception_interfaces/perception_interfaces/msg/detail/detected_object__type_support.c
[5.186s] -- Installing: /home/cofla/adaptive_manip_ws/install/perception_interfaces/include/perception_interfaces/perception_interfaces/msg/detail/detected_object_array__type_support.c
[5.186s] -- Installing: /home/cofla/adaptive_manip_ws/install/perception_interfaces/include/perception_interfaces/perception_interfaces/msg/detail/detected_object__rosidl_typesupport_introspection_c.h
[5.186s] -- Installing: /home/cofla/adaptive_manip_ws/install/perception_interfaces/lib/libperception_interfaces__rosidl_typesupport_introspection_c.so
[5.186s] -- Set runtime path of "/home/cofla/adaptive_manip_ws/install/perception_interfaces/lib/libperception_interfaces__rosidl_typesupport_introspection_c.so" to ""
[5.187s] -- Installing: /home/cofla/adaptive_manip_ws/install/perception_interfaces/lib/libperception_interfaces__rosidl_typesupport_c.so
[5.187s] -- Set runtime path of "/home/cofla/adaptive_manip_ws/install/perception_interfaces/lib/libperception_interfaces__rosidl_typesupport_c.so" to ""
[5.187s] -- Up-to-date: /home/cofla/adaptive_manip_ws/install/perception_interfaces/include/perception_interfaces/perception_interfaces
[5.187s] -- Up-to-date: /home/cofla/adaptive_manip_ws/install/perception_interfaces/include/perception_interfaces/perception_interfaces/msg
[5.187s] -- Installing: /home/cofla/adaptive_manip_ws/install/perception_interfaces/include/perception_interfaces/perception_interfaces/msg/detected_object.hpp
[5.187s] -- Up-to-date: /home/cofla/adaptive_manip_ws/install/perception_interfaces/include/perception_interfaces/perception_interfaces/msg/detail
[5.187s] -- Installing: /home/cofla/adaptive_manip_ws/install/perception_interfaces/include/perception_interfaces/perception_interfaces/msg/detail/detected_object_array__builder.hpp
[5.187s] -- Installing: /home/cofla/adaptive_manip_ws/install/perception_interfaces/include/perception_interfaces/perception_interfaces/msg/detail/detected_object__builder.hpp
[5.188s] -- Installing: /home/cofla/adaptive_manip_ws/install/perception_interfaces/include/perception_interfaces/perception_interfaces/msg/detail/detected_object__struct.hpp
[5.188s] -- Installing: /home/cofla/adaptive_manip_ws/install/perception_interfaces/include/perception_interfaces/perception_interfaces/msg/detail/detected_object__type_support.hpp
[5.188s] -- Installing: /home/cofla/adaptive_manip_ws/install/perception_interfaces/include/perception_interfaces/perception_interfaces/msg/detail/detected_object_array__type_support.hpp
[5.188s] -- Installing: /home/cofla/adaptive_manip_ws/install/perception_interfaces/include/perception_interfaces/perception_interfaces/msg/detail/detected_object_array__traits.hpp
[5.188s] -- Installing: /home/cofla/adaptive_manip_ws/install/perception_interfaces/include/perception_interfaces/perception_interfaces/msg/detail/detected_object__traits.hpp
[5.188s] -- Installing: /home/cofla/adaptive_manip_ws/install/perception_interfaces/include/perception_interfaces/perception_interfaces/msg/detail/detected_object_array__struct.hpp
[5.189s] -- Installing: /home/cofla/adaptive_manip_ws/install/perception_interfaces/include/perception_interfaces/perception_interfaces/msg/rosidl_generator_cpp__visibility_control.hpp
[5.189s] -- Installing: /home/cofla/adaptive_manip_ws/install/perception_interfaces/include/perception_interfaces/perception_interfaces/msg/detected_object_array.hpp
[5.189s] -- Up-to-date: /home/cofla/adaptive_manip_ws/install/perception_interfaces/include/perception_interfaces/perception_interfaces
[5.189s] -- Up-to-date: /home/cofla/adaptive_manip_ws/install/perception_interfaces/include/perception_interfaces/perception_interfaces/msg
[5.189s] -- Up-to-date: /home/cofla/adaptive_manip_ws/install/perception_interfaces/include/perception_interfaces/perception_interfaces/msg/detail
[5.189s] -- Installing: /home/cofla/adaptive_manip_ws/install/perception_interfaces/include/perception_interfaces/perception_interfaces/msg/detail/dds_fastrtps
[5.189s] -- Installing: /home/cofla/adaptive_manip_ws/install/perception_interfaces/include/perception_interfaces/perception_interfaces/msg/detail/detected_object_array__rosidl_typesupport_fastrtps_cpp.hpp
[5.189s] -- Installing: /home/cofla/adaptive_manip_ws/install/perception_interfaces/include/perception_interfaces/perception_interfaces/msg/detail/detected_object__rosidl_typesupport_fastrtps_cpp.hpp
[5.189s] -- Installing: /home/cofla/adaptive_manip_ws/install/perception_interfaces/include/perception_interfaces/perception_interfaces/msg/rosidl_typesupport_fastrtps_cpp__visibility_control.h
[5.189s] -- Installing: /home/cofla/adaptive_manip_ws/install/perception_interfaces/lib/libperception_interfaces__rosidl_typesupport_fastrtps_cpp.so
[5.189s] -- Set runtime path of "/home/cofla/adaptive_manip_ws/install/perception_interfaces/lib/libperception_interfaces__rosidl_typesupport_fastrtps_cpp.so" to ""
[5.189s] -- Up-to-date: /home/cofla/adaptive_manip_ws/install/perception_interfaces/include/perception_interfaces/perception_interfaces
[5.189s] -- Up-to-date: /home/cofla/adaptive_manip_ws/install/perception_interfaces/include/perception_interfaces/perception_interfaces/msg
[5.189s] -- Up-to-date: /home/cofla/adaptive_manip_ws/install/perception_interfaces/include/perception_interfaces/perception_interfaces/msg/detail
[5.190s] -- Installing: /home/cofla/adaptive_manip_ws/install/perception_interfaces/include/perception_interfaces/perception_interfaces/msg/detail/detected_object__rosidl_typesupport_introspection_cpp.hpp
[5.190s] -- Installing: /home/cofla/adaptive_manip_ws/install/perception_interfaces/include/perception_interfaces/perception_interfaces/msg/detail/detected_object_array__type_support.cpp
[5.190s] -- Installing: /home/cofla/adaptive_manip_ws/install/perception_interfaces/include/perception_interfaces/perception_interfaces/msg/detail/detected_object__type_support.cpp
[5.190s] -- Installing: /home/cofla/adaptive_manip_ws/install/perception_interfaces/include/perception_interfaces/perception_interfaces/msg/detail/detected_object_array__rosidl_typesupport_introspection_cpp.hpp
[5.190s] -- Installing: /home/cofla/adaptive_manip_ws/install/perception_interfaces/lib/libperception_interfaces__rosidl_typesupport_introspection_cpp.so
[5.190s] -- Set runtime path of "/home/cofla/adaptive_manip_ws/install/perception_interfaces/lib/libperception_interfaces__rosidl_typesupport_introspection_cpp.so" to ""
[5.191s] -- Installing: /home/cofla/adaptive_manip_ws/install/perception_interfaces/lib/libperception_interfaces__rosidl_typesupport_cpp.so
[5.191s] -- Set runtime path of "/home/cofla/adaptive_manip_ws/install/perception_interfaces/lib/libperception_interfaces__rosidl_typesupport_cpp.so" to ""
[5.191s] -- Installing: /home/cofla/adaptive_manip_ws/install/perception_interfaces/share/perception_interfaces/environment/pythonpath.sh
[5.191s] -- Installing: /home/cofla/adaptive_manip_ws/install/perception_interfaces/share/perception_interfaces/environment/pythonpath.dsv
[5.191s] -- Installing: /home/cofla/adaptive_manip_ws/install/perception_interfaces/local/lib/python3.10/dist-packages/perception_interfaces-0.0.1-py3.10.egg-info
[5.192s] -- Installing: /home/cofla/adaptive_manip_ws/install/perception_interfaces/local/lib/python3.10/dist-packages/perception_interfaces-0.0.1-py3.10.egg-info/SOURCES.txt
[5.192s] -- Installing: /home/cofla/adaptive_manip_ws/install/perception_interfaces/local/lib/python3.10/dist-packages/perception_interfaces-0.0.1-py3.10.egg-info/PKG-INFO
[5.192s] -- Installing: /home/cofla/adaptive_manip_ws/install/perception_interfaces/local/lib/python3.10/dist-packages/perception_interfaces-0.0.1-py3.10.egg-info/dependency_links.txt
[5.192s] -- Installing: /home/cofla/adaptive_manip_ws/install/perception_interfaces/local/lib/python3.10/dist-packages/perception_interfaces-0.0.1-py3.10.egg-info/top_level.txt
[5.192s] -- Installing: /home/cofla/adaptive_manip_ws/install/perception_interfaces/local/lib/python3.10/dist-packages/perception_interfaces
[5.192s] -- Installing: /home/cofla/adaptive_manip_ws/install/perception_interfaces/local/lib/python3.10/dist-packages/perception_interfaces/_perception_interfaces_s.ep.rosidl_typesupport_introspection_c.c
[5.193s] -- Installing: /home/cofla/adaptive_manip_ws/install/perception_interfaces/local/lib/python3.10/dist-packages/perception_interfaces/perception_interfaces_s__rosidl_typesupport_introspection_c.cpython-310-x86_64-linux-gnu.so
[5.193s] -- Installing: /home/cofla/adaptive_manip_ws/install/perception_interfaces/local/lib/python3.10/dist-packages/perception_interfaces/perception_interfaces_s__rosidl_typesupport_c.cpython-310-x86_64-linux-gnu.so
[5.193s] -- Installing: /home/cofla/adaptive_manip_ws/install/perception_interfaces/local/lib/python3.10/dist-packages/perception_interfaces/perception_interfaces_s__rosidl_typesupport_fastrtps_c.cpython-310-x86_64-linux-gnu.so
[5.194s] -- Installing: /home/cofla/adaptive_manip_ws/install/perception_interfaces/local/lib/python3.10/dist-packages/perception_interfaces/_perception_interfaces_s.ep.rosidl_typesupport_c.c
[5.194s] -- Installing: /home/cofla/adaptive_manip_ws/install/perception_interfaces/local/lib/python3.10/dist-packages/perception_interfaces/__init__.py
[5.194s] -- Installing: /home/cofla/adaptive_manip_ws/install/perception_interfaces/local/lib/python3.10/dist-packages/perception_interfaces/msg
[5.194s] -- Installing: /home/cofla/adaptive_manip_ws/install/perception_interfaces/local/lib/python3.10/dist-packages/perception_interfaces/msg/_detected_object_s.c
[5.194s] -- Installing: /home/cofla/adaptive_manip_ws/install/perception_interfaces/local/lib/python3.10/dist-packages/perception_interfaces/msg/_detected_object_array_s.c
[5.194s] -- Installing: /home/cofla/adaptive_manip_ws/install/perception_interfaces/local/lib/python3.10/dist-packages/perception_interfaces/msg/_detected_object.py
[5.194s] -- Installing: /home/cofla/adaptive_manip_ws/install/perception_interfaces/local/lib/python3.10/dist-packages/perception_interfaces/msg/__init__.py
[5.195s] -- Installing: /home/cofla/adaptive_manip_ws/install/perception_interfaces/local/lib/python3.10/dist-packages/perception_interfaces/msg/_detected_object_array.py
[5.195s] -- Installing: /home/cofla/adaptive_manip_ws/install/perception_interfaces/local/lib/python3.10/dist-packages/perception_interfaces/_perception_interfaces_s.ep.rosidl_typesupport_fastrtps_c.c
[5.195s] -- Installing: /home/cofla/adaptive_manip_ws/install/perception_interfaces/local/lib/python3.10/dist-packages/perception_interfaces/libperception_interfaces__rosidl_generator_py.so
[5.223s] Listing '/home/cofla/adaptive_manip_ws/install/perception_interfaces/local/lib/python3.10/dist-packages/perception_interfaces'...
[5.223s] Compiling '/home/cofla/adaptive_manip_ws/install/perception_interfaces/local/lib/python3.10/dist-packages/perception_interfaces/__init__.py'...
[5.223s] Listing '/home/cofla/adaptive_manip_ws/install/perception_interfaces/local/lib/python3.10/dist-packages/perception_interfaces/msg'...
[5.223s] Compiling '/home/cofla/adaptive_manip_ws/install/perception_interfaces/local/lib/python3.10/dist-packages/perception_interfaces/msg/__init__.py'...
[5.223s] Compiling '/home/cofla/adaptive_manip_ws/install/perception_interfaces/local/lib/python3.10/dist-packages/perception_interfaces/msg/_detected_object.py'...
[5.223s] Compiling '/home/cofla/adaptive_manip_ws/install/perception_interfaces/local/lib/python3.10/dist-packages/perception_interfaces/msg/_detected_object_array.py'...
[5.227s] -- Installing: /home/cofla/adaptive_manip_ws/install/perception_interfaces/local/lib/python3.10/dist-packages/perception_interfaces/perception_interfaces_s__rosidl_typesupport_fastrtps_c.cpython-310-x86_64-linux-gnu.so
[5.227s] -- Set runtime path of "/home/cofla/adaptive_manip_ws/install/perception_interfaces/local/lib/python3.10/dist-packages/perception_interfaces/perception_interfaces_s__rosidl_typesupport_fastrtps_c.cpython-310-x86_64-linux-gnu.so" to ""
[5.228s] -- Installing: /home/cofla/adaptive_manip_ws/install/perception_interfaces/local/lib/python3.10/dist-packages/perception_interfaces/perception_interfaces_s__rosidl_typesupport_introspection_c.cpython-310-x86_64-linux-gnu.so
[5.228s] -- Set runtime path of "/home/cofla/adaptive_manip_ws/install/perception_interfaces/local/lib/python3.10/dist-packages/perception_interfaces/perception_interfaces_s__rosidl_typesupport_introspection_c.cpython-310-x86_64-linux-gnu.so" to ""
[5.228s] -- Installing: /home/cofla/adaptive_manip_ws/install/perception_interfaces/local/lib/python3.10/dist-packages/perception_interfaces/perception_interfaces_s__rosidl_typesupport_c.cpython-310-x86_64-linux-gnu.so
[5.228s] -- Set runtime path of "/home/cofla/adaptive_manip_ws/install/perception_interfaces/local/lib/python3.10/dist-packages/perception_interfaces/perception_interfaces_s__rosidl_typesupport_c.cpython-310-x86_64-linux-gnu.so" to ""
[5.228s] -- Installing: /home/cofla/adaptive_manip_ws/install/perception_interfaces/lib/libperception_interfaces__rosidl_generator_py.so
[5.228s] -- Set runtime path of "/home/cofla/adaptive_manip_ws/install/perception_interfaces/lib/libperception_interfaces__rosidl_generator_py.so" to ""
[5.229s] -- Installing: /home/cofla/adaptive_manip_ws/install/perception_interfaces/share/ament_index/resource_index/rust_packages/perception_interfaces
[5.229s] -- Installing: /home/cofla/adaptive_manip_ws/install/perception_interfaces/share/perception_interfaces/rust
[5.229s] -- Installing: /home/cofla/adaptive_manip_ws/install/perception_interfaces/share/perception_interfaces/rust/Cargo.toml
[5.229s] -- Installing: /home/cofla/adaptive_manip_ws/install/perception_interfaces/share/perception_interfaces/rust/src
[5.229s] -- Installing: /home/cofla/adaptive_manip_ws/install/perception_interfaces/share/perception_interfaces/rust/src/msg.rs
[5.229s] -- Installing: /home/cofla/adaptive_manip_ws/install/perception_interfaces/share/perception_interfaces/rust/src/lib.rs
[5.231s] -- Installing: /home/cofla/adaptive_manip_ws/install/perception_interfaces/share/perception_interfaces/rust/src/msg
[5.231s] -- Installing: /home/cofla/adaptive_manip_ws/install/perception_interfaces/share/perception_interfaces/rust/src/msg/rmw.rs
[5.231s] -- Installing: /home/cofla/adaptive_manip_ws/install/perception_interfaces/share/perception_interfaces/rust/build.rs
[5.231s] -- Installing: /home/cofla/adaptive_manip_ws/install/perception_interfaces/share/perception_interfaces/msg/DetectedObject.idl
[5.231s] -- Installing: /home/cofla/adaptive_manip_ws/install/perception_interfaces/share/perception_interfaces/msg/DetectedObjectArray.idl
[5.231s] -- Installing: /home/cofla/adaptive_manip_ws/install/perception_interfaces/share/perception_interfaces/msg/DetectedObject.msg
[5.231s] -- Installing: /home/cofla/adaptive_manip_ws/install/perception_interfaces/share/perception_interfaces/msg/DetectedObjectArray.msg
[5.231s] -- Installing: /home/cofla/adaptive_manip_ws/install/perception_interfaces/share/ament_index/resource_index/package_run_dependencies/perception_interfaces
[5.231s] -- Installing: /home/cofla/adaptive_manip_ws/install/perception_interfaces/share/ament_index/resource_index/parent_prefix_path/perception_interfaces
[5.231s] -- Installing: /home/cofla/adaptive_manip_ws/install/perception_interfaces/share/perception_interfaces/environment/ament_prefix_path.sh
[5.231s] -- Installing: /home/cofla/adaptive_manip_ws/install/perception_interfaces/share/perception_interfaces/environment/ament_prefix_path.dsv
[5.231s] -- Installing: /home/cofla/adaptive_manip_ws/install/perception_interfaces/share/perception_interfaces/environment/path.sh
[5.232s] -- Installing: /home/cofla/adaptive_manip_ws/install/perception_interfaces/share/perception_interfaces/environment/path.dsv
[5.232s] -- Installing: /home/cofla/adaptive_manip_ws/install/perception_interfaces/share/perception_interfaces/local_setup.bash
[5.232s] -- Installing: /home/cofla/adaptive_manip_ws/install/perception_interfaces/share/perception_interfaces/local_setup.sh
[5.232s] -- Installing: /home/cofla/adaptive_manip_ws/install/perception_interfaces/share/perception_interfaces/local_setup.zsh
[5.232s] -- Installing: /home/cofla/adaptive_manip_ws/install/perception_interfaces/share/perception_interfaces/local_setup.dsv
[5.232s] -- Installing: /home/cofla/adaptive_manip_ws/install/perception_interfaces/share/perception_interfaces/package.dsv
[5.232s] -- Installing: /home/cofla/adaptive_manip_ws/install/perception_interfaces/share/ament_index/resource_index/packages/perception_interfaces
[5.232s] -- Installing: /home/cofla/adaptive_manip_ws/install/perception_interfaces/share/perception_interfaces/cmake/export_perception_interfaces__rosidl_generator_cExport.cmake
[5.232s] -- Installing: /home/cofla/adaptive_manip_ws/install/perception_interfaces/share/perception_interfaces/cmake/export_perception_interfaces__rosidl_generator_cExport-noconfig.cmake
[5.233s] -- Installing: /home/cofla/adaptive_manip_ws/install/perception_interfaces/share/perception_interfaces/cmake/export_perception_interfaces__rosidl_typesupport_fastrtps_cExport.cmake
[5.233s] -- Installing: /home/cofla/adaptive_manip_ws/install/perception_interfaces/share/perception_interfaces/cmake/export_perception_interfaces__rosidl_typesupport_fastrtps_cExport-noconfig.cmake
[5.233s] -- Installing: /home/cofla/adaptive_manip_ws/install/perception_interfaces/share/perception_interfaces/cmake/perception_interfaces__rosidl_typesupport_introspection_cExport.cmake
[5.233s] -- Installing: /home/cofla/adaptive_manip_ws/install/perception_interfaces/share/perception_interfaces/cmake/perception_interfaces__rosidl_typesupport_introspection_cExport-noconfig.cmake
[5.234s] -- Installing: /home/cofla/adaptive_manip_ws/install/perception_interfaces/share/perception_interfaces/cmake/perception_interfaces__rosidl_typesupport_cExport.cmake
[5.234s] -- Installing: /home/cofla/adaptive_manip_ws/install/perception_interfaces/share/perception_interfaces/cmake/perception_interfaces__rosidl_typesupport_cExport-noconfig.cmake
[5.234s] -- Installing: /home/cofla/adaptive_manip_ws/install/perception_interfaces/share/perception_interfaces/cmake/export_perception_interfaces__rosidl_generator_cppExport.cmake
[5.234s] -- Installing: /home/cofla/adaptive_manip_ws/install/perception_interfaces/share/perception_interfaces/cmake/export_perception_interfaces__rosidl_typesupport_fastrtps_cppExport.cmake
[5.234s] -- Installing: /home/cofla/adaptive_manip_ws/install/perception_interfaces/share/perception_interfaces/cmake/export_perception_interfaces__rosidl_typesupport_fastrtps_cppExport-noconfig.cmake
[5.235s] -- Installing: /home/cofla/adaptive_manip_ws/install/perception_interfaces/share/perception_interfaces/cmake/perception_interfaces__rosidl_typesupport_introspection_cppExport.cmake
[5.235s] -- Installing: /home/cofla/adaptive_manip_ws/install/perception_interfaces/share/perception_interfaces/cmake/perception_interfaces__rosidl_typesupport_introspection_cppExport-noconfig.cmake
[5.235s] -- Installing: /home/cofla/adaptive_manip_ws/install/perception_interfaces/share/perception_interfaces/cmake/perception_interfaces__rosidl_typesupport_cppExport.cmake
[5.235s] -- Installing: /home/cofla/adaptive_manip_ws/install/perception_interfaces/share/perception_interfaces/cmake/perception_interfaces__rosidl_typesupport_cppExport-noconfig.cmake
[5.235s] -- Installing: /home/cofla/adaptive_manip_ws/install/perception_interfaces/share/perception_interfaces/cmake/export_perception_interfaces__rosidl_generator_pyExport.cmake
[5.235s] -- Installing: /home/cofla/adaptive_manip_ws/install/perception_interfaces/share/perception_interfaces/cmake/export_perception_interfaces__rosidl_generator_pyExport-noconfig.cmake
[5.237s] -- Installing: /home/cofla/adaptive_manip_ws/install/perception_interfaces/share/perception_interfaces/cmake/rosidl_cmake-extras.cmake
[5.237s] -- Installing: /home/cofla/adaptive_manip_ws/install/perception_interfaces/share/perception_interfaces/cmake/ament_cmake_export_dependencies-extras.cmake
[5.237s] -- Installing: /home/cofla/adaptive_manip_ws/install/perception_interfaces/share/perception_interfaces/cmake/ament_cmake_export_include_directories-extras.cmake
[5.238s] -- Installing: /home/cofla/adaptive_manip_ws/install/perception_interfaces/share/perception_interfaces/cmake/ament_cmake_export_libraries-extras.cmake
[5.238s] -- Installing: /home/cofla/adaptive_manip_ws/install/perception_interfaces/share/perception_interfaces/cmake/ament_cmake_export_targets-extras.cmake
[5.238s] -- Installing: /home/cofla/adaptive_manip_ws/install/perception_interfaces/share/perception_interfaces/cmake/rosidl_cmake_export_typesupport_targets-extras.cmake
[5.238s] -- Installing: /home/cofla/adaptive_manip_ws/install/perception_interfaces/share/perception_interfaces/cmake/rosidl_cmake_export_typesupport_libraries-extras.cmake
[5.238s] -- Installing: /home/cofla/adaptive_manip_ws/install/perception_interfaces/share/perception_interfaces/cmake/rosidl_cmake_aggregate_target-extras.cmake
[5.238s] -- Installing: /home/cofla/adaptive_manip_ws/install/perception_interfaces/share/perception_interfaces/cmake/perception_interfacesConfig.cmake
[5.238s] -- Installing: /home/cofla/adaptive_manip_ws/install/perception_interfaces/share/perception_interfaces/cmake/perception_interfacesConfig-version.cmake
[5.239s] -- Installing: /home/cofla/adaptive_manip_ws/install/perception_interfaces/share/perception_interfaces/package.xml
[5.240s] Invoked command in '/home/cofla/adaptive_manip_ws/build/perception_interfaces' returned '0': CMAKE_PREFIX_PATH=/opt/ros/humble /usr/bin/cmake --install /home/cofla/adaptive_manip_ws/build/perception_interfaces
