[0.046s] DEBUG:colcon:Command line arguments: ['/usr/bin/colcon', 'build', '--base-paths', 'ai_festa_src', '--packages-select', 'ai_festa_navigation', '--symlink-install']
[0.046s] DEBUG:colcon:Parsed command line arguments: Namespace(log_base=None, log_level=None, verb_name='build', build_base='build', install_base='install', merge_install=False, symlink_install=True, test_result_base=None, continue_on_error=False, executor='parallel', parallel_workers=24, event_handlers=None, ignore_user_meta=False, metas=['./colcon.meta'], base_paths=['ai_festa_src'], packages_ignore=None, packages_ignore_regex=None, paths=None, packages_up_to=None, packages_up_to_regex=None, packages_above=None, packages_above_and_dependencies=None, packages_above_depth=None, packages_select_by_dep=None, packages_skip_by_dep=None, packages_skip_up_to=None, packages_select_build_failed=False, packages_skip_build_finished=False, packages_select_test_failures=False, packages_skip_test_passed=False, packages_select=['ai_festa_navigation'], packages_skip=None, packages_select_regex=None, packages_skip_regex=None, packages_start=None, packages_end=None, allow_overriding=[], cmake_args=None, cmake_target=None, cmake_target_skip_unavailable=False, cmake_clean_cache=False, cmake_clean_first=False, cmake_force_configure=False, ament_cmake_args=None, catkin_cmake_args=None, catkin_skip_building_tests=False, mixin_files=None, mixin=None, verb_parser=<colcon_mixin.mixin.mixin_argument.MixinArgumentDecorator object at 0x7a2cd9890fd0>, verb_extension=<colcon_core.verb.build.BuildVerb object at 0x7a2cd9ff20e0>, main=<bound method BuildVerb.main of <colcon_core.verb.build.BuildVerb object at 0x7a2cd9ff20e0>>, mixin_verb=('build',))
[0.108s] Level 1:colcon.colcon_core.package_discovery:discover_packages(colcon_meta) check parameters
[0.108s] Level 1:colcon.colcon_core.package_discovery:discover_packages(recursive) check parameters
[0.108s] Level 1:colcon.colcon_core.package_discovery:discover_packages(ignore) check parameters
[0.108s] Level 1:colcon.colcon_core.package_discovery:discover_packages(path) check parameters
[0.108s] Level 1:colcon.colcon_core.package_discovery:discover_packages(recursive) discover
[0.108s] INFO:colcon.colcon_core.package_discovery:Crawling recursively for packages in '/home/students/workspace/ai_festa_src'
[0.108s] Level 1:colcon.colcon_core.package_identification:_identify(ai_festa_src) by extensions ['ignore', 'ignore_ament_install']
[0.108s] Level 1:colcon.colcon_core.package_identification:_identify(ai_festa_src) by extension 'ignore'
[0.108s] Level 1:colcon.colcon_core.package_identification:_identify(ai_festa_src) by extension 'ignore_ament_install'
[0.108s] Level 1:colcon.colcon_core.package_identification:_identify(ai_festa_src) by extensions ['colcon_pkg']
[0.108s] Level 1:colcon.colcon_core.package_identification:_identify(ai_festa_src) by extension 'colcon_pkg'
[0.108s] Level 1:colcon.colcon_core.package_identification:_identify(ai_festa_src) by extensions ['colcon_meta']
[0.108s] Level 1:colcon.colcon_core.package_identification:_identify(ai_festa_src) by extension 'colcon_meta'
[0.108s] Level 1:colcon.colcon_core.package_identification:_identify(ai_festa_src) by extensions ['ros']
[0.108s] Level 1:colcon.colcon_core.package_identification:_identify(ai_festa_src) by extension 'ros'
[0.113s] Level 1:colcon.colcon_core.package_identification:_identify(ai_festa_src) by extensions ['cmake', 'python']
[0.113s] Level 1:colcon.colcon_core.package_identification:_identify(ai_festa_src) by extension 'cmake'
[0.113s] Level 1:colcon.colcon_core.package_identification:_identify(ai_festa_src) by extension 'python'
[0.113s] Level 1:colcon.colcon_core.package_identification:_identify(ai_festa_src) by extensions ['python_setup_py']
[0.113s] Level 1:colcon.colcon_core.package_identification:_identify(ai_festa_src) by extension 'python_setup_py'
[0.113s] Level 1:colcon.colcon_core.package_identification:_identify(ai_festa_src/ai_festa_navigation) by extensions ['ignore', 'ignore_ament_install']
[0.113s] Level 1:colcon.colcon_core.package_identification:_identify(ai_festa_src/ai_festa_navigation) by extension 'ignore'
[0.113s] Level 1:colcon.colcon_core.package_identification:_identify(ai_festa_src/ai_festa_navigation) by extension 'ignore_ament_install'
[0.113s] Level 1:colcon.colcon_core.package_identification:_identify(ai_festa_src/ai_festa_navigation) by extensions ['colcon_pkg']
[0.113s] Level 1:colcon.colcon_core.package_identification:_identify(ai_festa_src/ai_festa_navigation) by extension 'colcon_pkg'
[0.113s] Level 1:colcon.colcon_core.package_identification:_identify(ai_festa_src/ai_festa_navigation) by extensions ['colcon_meta']
[0.113s] Level 1:colcon.colcon_core.package_identification:_identify(ai_festa_src/ai_festa_navigation) by extension 'colcon_meta'
[0.113s] Level 1:colcon.colcon_core.package_identification:_identify(ai_festa_src/ai_festa_navigation) by extensions ['ros']
[0.113s] Level 1:colcon.colcon_core.package_identification:_identify(ai_festa_src/ai_festa_navigation) by extension 'ros'
[0.114s] DEBUG:colcon.colcon_core.package_identification:Failed to parse potential ROS package manifest in'ai_festa_src/ai_festa_navigation': Error(s) in package 'ai_festa_src/ai_festa_navigation/package.xml':
Invalid email "students@localhost" for person "students"
[0.114s] Level 1:colcon.colcon_core.package_identification:_identify(ai_festa_src/ai_festa_navigation) by extensions ['cmake', 'python']
[0.114s] Level 1:colcon.colcon_core.package_identification:_identify(ai_festa_src/ai_festa_navigation) by extension 'cmake'
[0.115s] Level 1:colcon.colcon_core.package_identification:_identify(ai_festa_src/ai_festa_navigation) by extension 'python'
[0.115s] DEBUG:colcon.colcon_core.package_identification:Package 'ai_festa_src/ai_festa_navigation' with type 'cmake' and name 'ai_festa_navigation'
[0.115s] Level 1:colcon.colcon_core.package_discovery:discover_packages(recursive) using defaults
[0.128s] Level 1:colcon.colcon_core.package_discovery:discover_packages(prefix_path) check parameters
[0.129s] Level 1:colcon.colcon_core.package_discovery:discover_packages(prefix_path) discover
[0.130s] DEBUG:colcon.colcon_installed_package_information.package_discovery:Found 21 installed packages in /home/students/workspace/install
[0.130s] DEBUG:colcon.colcon_installed_package_information.package_discovery:Found 446 installed packages in /opt/ros/humble
[0.131s] Level 1:colcon.colcon_core.package_discovery:discover_packages(prefix_path) using defaults
[0.151s] Level 5:colcon.colcon_core.verb:set package 'ai_festa_navigation' build argument 'cmake_args' from command line to 'None'
[0.151s] Level 5:colcon.colcon_core.verb:set package 'ai_festa_navigation' build argument 'cmake_target' from command line to 'None'
[0.151s] Level 5:colcon.colcon_core.verb:set package 'ai_festa_navigation' build argument 'cmake_target_skip_unavailable' from command line to 'False'
[0.151s] Level 5:colcon.colcon_core.verb:set package 'ai_festa_navigation' build argument 'cmake_clean_cache' from command line to 'False'
[0.151s] Level 5:colcon.colcon_core.verb:set package 'ai_festa_navigation' build argument 'cmake_clean_first' from command line to 'False'
[0.151s] Level 5:colcon.colcon_core.verb:set package 'ai_festa_navigation' build argument 'cmake_force_configure' from command line to 'False'
[0.151s] Level 5:colcon.colcon_core.verb:set package 'ai_festa_navigation' build argument 'ament_cmake_args' from command line to 'None'
[0.151s] Level 5:colcon.colcon_core.verb:set package 'ai_festa_navigation' build argument 'catkin_cmake_args' from command line to 'None'
[0.151s] Level 5:colcon.colcon_core.verb:set package 'ai_festa_navigation' build argument 'catkin_skip_building_tests' from command line to 'False'
[0.151s] DEBUG:colcon.colcon_core.verb:Building package 'ai_festa_navigation' with the following arguments: {'ament_cmake_args': None, 'build_base': '/home/students/workspace/build/ai_festa_navigation', 'catkin_cmake_args': None, 'catkin_skip_building_tests': False, 'cmake_args': None, 'cmake_clean_cache': False, 'cmake_clean_first': False, 'cmake_force_configure': False, 'cmake_target': None, 'cmake_target_skip_unavailable': False, 'install_base': '/home/students/workspace/install/ai_festa_navigation', 'merge_install': False, 'path': '/home/students/workspace/ai_festa_src/ai_festa_navigation', 'symlink_install': True, 'test_result_base': None}
[0.151s] INFO:colcon.colcon_core.executor:Executing jobs using 'parallel' executor
[0.152s] DEBUG:colcon.colcon_parallel_executor.executor.parallel:run_until_complete
[0.152s] INFO:colcon.colcon_cmake.task.cmake.build:Building CMake package in '/home/students/workspace/ai_festa_src/ai_festa_navigation'
[0.155s] INFO:colcon.colcon_core.plugin_system:Skipping extension 'colcon_core.shell.bat': Not used on non-Windows systems
[0.155s] INFO:colcon.colcon_core.shell:Skip shell extension 'powershell' for command environment: Not usable outside of PowerShell
[0.155s] DEBUG:colcon.colcon_core.shell:Skip shell extension 'dsv' for command environment
[30.184s] DEBUG:colcon.colcon_core.event_handler.log_command:Invoking command in '/home/students/workspace/build/ai_festa_navigation': /usr/bin/cmake /home/students/workspace/ai_festa_src/ai_festa_navigation -DCMAKE_INSTALL_PREFIX=/home/students/workspace/install/ai_festa_navigation
[60.213s] DEBUG:colcon.colcon_core.event_handler.log_command:Invoked command in '/home/students/workspace/build/ai_festa_navigation' returned '1': /usr/bin/cmake /home/students/workspace/ai_festa_src/ai_festa_navigation -DCMAKE_INSTALL_PREFIX=/home/students/workspace/install/ai_festa_navigation
[60.223s] DEBUG:colcon.colcon_parallel_executor.executor.parallel:closing loop
[60.223s] DEBUG:colcon.colcon_parallel_executor.executor.parallel:loop closed
[60.223s] DEBUG:colcon.colcon_parallel_executor.executor.parallel:run_until_complete finished with '1'
[60.223s] DEBUG:colcon.colcon_core.event_reactor:joining thread
[60.223s] DEBUG:colcon.colcon_core.event_reactor:joined thread
[60.223s] INFO:colcon.colcon_core.shell:Creating prefix script '/home/students/workspace/install/local_setup.ps1'
[60.224s] INFO:colcon.colcon_core.shell:Creating prefix util module '/home/students/workspace/install/_local_setup_util_ps1.py'
[60.224s] INFO:colcon.colcon_core.shell:Creating prefix chain script '/home/students/workspace/install/setup.ps1'
[60.225s] INFO:colcon.colcon_core.shell:Creating prefix script '/home/students/workspace/install/local_setup.sh'
[60.226s] INFO:colcon.colcon_core.shell:Creating prefix util module '/home/students/workspace/install/_local_setup_util_sh.py'
[60.226s] INFO:colcon.colcon_core.shell:Creating prefix chain script '/home/students/workspace/install/setup.sh'
[60.226s] INFO:colcon.colcon_core.shell:Creating prefix script '/home/students/workspace/install/local_setup.bash'
[60.227s] INFO:colcon.colcon_core.shell:Creating prefix chain script '/home/students/workspace/install/setup.bash'
[60.227s] INFO:colcon.colcon_core.shell:Creating prefix script '/home/students/workspace/install/local_setup.zsh'
[60.228s] INFO:colcon.colcon_core.shell:Creating prefix chain script '/home/students/workspace/install/setup.zsh'
