[0.008s] Invoking command in '/home/students/workspace/build/turtlebot3_manipulation_teleop': AMENT_PREFIX_PATH=/home/students/workspace/install/turtlebot3_manipulation_description:${AMENT_PREFIX_PATH} CMAKE_PREFIX_PATH=/home/students/workspace/install/turtlebot3_manipulation_moveit_config:/home/students/workspace/install/turtlebot3_manipulation_bringup:/home/students/workspace/install/turtlebot3_manipulation_description:/home/students/workspace/install/turtlebot3_manipulation:/home/students/workspace/install/turtlebot3_manipulation_teleop:/home/students/workspace/install/turtlebot3_manipulation_navigation2:/home/students/workspace/install/turtlebot3_manipulation_cartographer:/home/students/workspace/install/iw_hub_navigation:/home/students/workspace/install/isaacsim_clearpath_nav2:/home/students/workspace/install/isaac_tutorials:/home/students/workspace/install/isaac_ros2_messages:/home/students/workspace/install/custom_message:/home/students/workspace/install/carter_navigation:/home/students/workspace/install/isaacsim_bringup:/home/students/workspace/install/isaac_ros_navigation_goal:/home/students/workspace/install/isaac_moveit:/home/students/workspace/install/isaac_compressed_image_decoder:/home/students/workspace/install/h1_fullbody_controller:/home/students/workspace/install/cmdvel_to_ackermann:/opt/ros/humble /usr/bin/cmake /home/students/workspace/src/turtlebot3_manipulation/turtlebot3_manipulation_teleop -DAMENT_CMAKE_SYMLINK_INSTALL=1 -DCMAKE_INSTALL_PREFIX=/home/students/workspace/install/turtlebot3_manipulation_teleop
[0.040s] -- The C compiler identification is GNU 11.4.0
[0.073s] -- The CXX compiler identification is GNU 11.4.0
[0.077s] -- Detecting C compiler ABI info
[0.123s] -- Detecting C compiler ABI info - done
[0.124s] -- Check for working C compiler: /usr/bin/cc - skipped
[0.124s] -- Detecting C compile features
[0.124s] -- Detecting C compile features - done
[0.125s] -- Detecting CXX compiler ABI info
[0.172s] -- Detecting CXX compiler ABI info - done
[0.172s] -- Check for working CXX compiler: /usr/bin/c++ - skipped
[0.172s] -- Detecting CXX compile features
[0.173s] -- Detecting CXX compile features - done
[0.174s] -- Found ament_cmake: 1.3.14 (/opt/ros/humble/share/ament_cmake/cmake)
[0.266s] -- Found Python3: /usr/bin/python3 (found version "3.10.12") found components: Interpreter 
[0.295s] -- Override CMake install command with custom implementation using symlinks instead of copying resources
[0.320s] -- Found rclcpp: 16.0.19 (/opt/ros/humble/share/rclcpp/cmake)
[0.351s] -- Found rosidl_generator_c: 3.1.9 (/opt/ros/humble/share/rosidl_generator_c/cmake)
[0.353s] -- Found rosidl_adapter: 3.1.9 (/opt/ros/humble/share/rosidl_adapter/cmake)
[0.359s] -- Found rosidl_generator_cpp: 3.1.9 (/opt/ros/humble/share/rosidl_generator_cpp/cmake)
[0.367s] -- Using all available rosidl_typesupport_c: rosidl_typesupport_fastrtps_c;rosidl_typesupport_introspection_c
[0.378s] -- Using all available rosidl_typesupport_cpp: rosidl_typesupport_fastrtps_cpp;rosidl_typesupport_introspection_cpp
[0.410s] -- Found rmw_implementation_cmake: 6.1.2 (/opt/ros/humble/share/rmw_implementation_cmake/cmake)
[0.412s] -- Found rmw_fastrtps_cpp: 6.2.10 (/opt/ros/humble/share/rmw_fastrtps_cpp/cmake)
[0.464s] -- Found OpenSSL: /usr/lib/x86_64-linux-gnu/libcrypto.so (found version "3.0.2")  
[0.482s] -- Found FastRTPS: /opt/ros/humble/include  
[0.508s] -- Using RMW implementation 'rmw_fastrtps_cpp' as default
[0.515s] -- Looking for pthread.h
[0.561s] -- Looking for pthread.h - found
[0.561s] -- Performing Test CMAKE_HAVE_LIBC_PTHREAD
[0.605s] -- Performing Test CMAKE_HAVE_LIBC_PTHREAD - Success
[0.605s] -- Found Threads: TRUE  
[0.636s] -- Found turtlebot3_manipulation_bringup: 2.2.1 (/home/students/workspace/install/turtlebot3_manipulation_bringup/share/turtlebot3_manipulation_bringup/cmake)
[0.636s] -- Found turtlebot3_manipulation_moveit_config: 2.2.1 (/home/students/workspace/install/turtlebot3_manipulation_moveit_config/share/turtlebot3_manipulation_moveit_config/cmake)
[0.636s] -- Found turtlebot3_manipulation_description: 2.2.1 (/home/students/workspace/install/turtlebot3_manipulation_description/share/turtlebot3_manipulation_description/cmake)
[0.638s] -- Found geometry_msgs: 4.9.1 (/opt/ros/humble/share/geometry_msgs/cmake)
[0.647s] -- Found nav_msgs: 4.9.1 (/opt/ros/humble/share/nav_msgs/cmake)
[0.656s] -- Found control_msgs: 4.9.0 (/opt/ros/humble/share/control_msgs/cmake)
[0.713s] -- Found std_srvs: 4.9.1 (/opt/ros/humble/share/std_srvs/cmake)
[0.720s] -- Found rclcpp_action: 16.0.19 (/opt/ros/humble/share/rclcpp_action/cmake)
[0.800s] -- Configuring done
[0.809s] -- Generating done
[0.811s] -- Build files have been written to: /home/students/workspace/build/turtlebot3_manipulation_teleop
[0.822s] Invoked command in '/home/students/workspace/build/turtlebot3_manipulation_teleop' returned '0': AMENT_PREFIX_PATH=/home/students/workspace/install/turtlebot3_manipulation_description:${AMENT_PREFIX_PATH} CMAKE_PREFIX_PATH=/home/students/workspace/install/turtlebot3_manipulation_moveit_config:/home/students/workspace/install/turtlebot3_manipulation_bringup:/home/students/workspace/install/turtlebot3_manipulation_description:/home/students/workspace/install/turtlebot3_manipulation:/home/students/workspace/install/turtlebot3_manipulation_teleop:/home/students/workspace/install/turtlebot3_manipulation_navigation2:/home/students/workspace/install/turtlebot3_manipulation_cartographer:/home/students/workspace/install/iw_hub_navigation:/home/students/workspace/install/isaacsim_clearpath_nav2:/home/students/workspace/install/isaac_tutorials:/home/students/workspace/install/isaac_ros2_messages:/home/students/workspace/install/custom_message:/home/students/workspace/install/carter_navigation:/home/students/workspace/install/isaacsim_bringup:/home/students/workspace/install/isaac_ros_navigation_goal:/home/students/workspace/install/isaac_moveit:/home/students/workspace/install/isaac_compressed_image_decoder:/home/students/workspace/install/h1_fullbody_controller:/home/students/workspace/install/cmdvel_to_ackermann:/opt/ros/humble /usr/bin/cmake /home/students/workspace/src/turtlebot3_manipulation/turtlebot3_manipulation_teleop -DAMENT_CMAKE_SYMLINK_INSTALL=1 -DCMAKE_INSTALL_PREFIX=/home/students/workspace/install/turtlebot3_manipulation_teleop
[0.826s] Invoking command in '/home/students/workspace/build/turtlebot3_manipulation_teleop': AMENT_PREFIX_PATH=/home/students/workspace/install/turtlebot3_manipulation_description:${AMENT_PREFIX_PATH} CMAKE_PREFIX_PATH=/home/students/workspace/install/turtlebot3_manipulation_moveit_config:/home/students/workspace/install/turtlebot3_manipulation_bringup:/home/students/workspace/install/turtlebot3_manipulation_description:/home/students/workspace/install/turtlebot3_manipulation:/home/students/workspace/install/turtlebot3_manipulation_teleop:/home/students/workspace/install/turtlebot3_manipulation_navigation2:/home/students/workspace/install/turtlebot3_manipulation_cartographer:/home/students/workspace/install/iw_hub_navigation:/home/students/workspace/install/isaacsim_clearpath_nav2:/home/students/workspace/install/isaac_tutorials:/home/students/workspace/install/isaac_ros2_messages:/home/students/workspace/install/custom_message:/home/students/workspace/install/carter_navigation:/home/students/workspace/install/isaacsim_bringup:/home/students/workspace/install/isaac_ros_navigation_goal:/home/students/workspace/install/isaac_moveit:/home/students/workspace/install/isaac_compressed_image_decoder:/home/students/workspace/install/h1_fullbody_controller:/home/students/workspace/install/cmdvel_to_ackermann:/opt/ros/humble /usr/bin/cmake --build /home/students/workspace/build/turtlebot3_manipulation_teleop -- -j24 -l24
[0.863s] [ 50%] [32mBuilding CXX object CMakeFiles/turtlebot3_manipulation_teleop.dir/src/turtlebot3_manipulation_teleop.cpp.o[0m
[3.991s] [100%] [32m[1mLinking CXX executable turtlebot3_manipulation_teleop[0m
[4.151s] [100%] Built target turtlebot3_manipulation_teleop
[4.163s] Invoked command in '/home/students/workspace/build/turtlebot3_manipulation_teleop' returned '0': AMENT_PREFIX_PATH=/home/students/workspace/install/turtlebot3_manipulation_description:${AMENT_PREFIX_PATH} CMAKE_PREFIX_PATH=/home/students/workspace/install/turtlebot3_manipulation_moveit_config:/home/students/workspace/install/turtlebot3_manipulation_bringup:/home/students/workspace/install/turtlebot3_manipulation_description:/home/students/workspace/install/turtlebot3_manipulation:/home/students/workspace/install/turtlebot3_manipulation_teleop:/home/students/workspace/install/turtlebot3_manipulation_navigation2:/home/students/workspace/install/turtlebot3_manipulation_cartographer:/home/students/workspace/install/iw_hub_navigation:/home/students/workspace/install/isaacsim_clearpath_nav2:/home/students/workspace/install/isaac_tutorials:/home/students/workspace/install/isaac_ros2_messages:/home/students/workspace/install/custom_message:/home/students/workspace/install/carter_navigation:/home/students/workspace/install/isaacsim_bringup:/home/students/workspace/install/isaac_ros_navigation_goal:/home/students/workspace/install/isaac_moveit:/home/students/workspace/install/isaac_compressed_image_decoder:/home/students/workspace/install/h1_fullbody_controller:/home/students/workspace/install/cmdvel_to_ackermann:/opt/ros/humble /usr/bin/cmake --build /home/students/workspace/build/turtlebot3_manipulation_teleop -- -j24 -l24
[4.165s] Invoking command in '/home/students/workspace/build/turtlebot3_manipulation_teleop': AMENT_PREFIX_PATH=/home/students/workspace/install/turtlebot3_manipulation_description:${AMENT_PREFIX_PATH} CMAKE_PREFIX_PATH=/home/students/workspace/install/turtlebot3_manipulation_moveit_config:/home/students/workspace/install/turtlebot3_manipulation_bringup:/home/students/workspace/install/turtlebot3_manipulation_description:/home/students/workspace/install/turtlebot3_manipulation:/home/students/workspace/install/turtlebot3_manipulation_teleop:/home/students/workspace/install/turtlebot3_manipulation_navigation2:/home/students/workspace/install/turtlebot3_manipulation_cartographer:/home/students/workspace/install/iw_hub_navigation:/home/students/workspace/install/isaacsim_clearpath_nav2:/home/students/workspace/install/isaac_tutorials:/home/students/workspace/install/isaac_ros2_messages:/home/students/workspace/install/custom_message:/home/students/workspace/install/carter_navigation:/home/students/workspace/install/isaacsim_bringup:/home/students/workspace/install/isaac_ros_navigation_goal:/home/students/workspace/install/isaac_moveit:/home/students/workspace/install/isaac_compressed_image_decoder:/home/students/workspace/install/h1_fullbody_controller:/home/students/workspace/install/cmdvel_to_ackermann:/opt/ros/humble /usr/bin/cmake --install /home/students/workspace/build/turtlebot3_manipulation_teleop
[4.170s] -- Install configuration: ""
[4.170s] -- Execute custom install script
[4.170s] -- Symlinking: /home/students/workspace/install/turtlebot3_manipulation_teleop/lib/turtlebot3_manipulation_teleop/turtlebot3_manipulation_teleop
[4.177s] -- Symlinking: /home/students/workspace/install/turtlebot3_manipulation_teleop/share/ament_index/resource_index/package_run_dependencies/turtlebot3_manipulation_teleop
[4.182s] -- Symlinking: /home/students/workspace/install/turtlebot3_manipulation_teleop/share/ament_index/resource_index/parent_prefix_path/turtlebot3_manipulation_teleop
[4.186s] -- Symlinking: /home/students/workspace/install/turtlebot3_manipulation_teleop/share/turtlebot3_manipulation_teleop/environment/ament_prefix_path.sh
[4.191s] -- Symlinking: /home/students/workspace/install/turtlebot3_manipulation_teleop/share/turtlebot3_manipulation_teleop/environment/ament_prefix_path.dsv
[4.196s] -- Symlinking: /home/students/workspace/install/turtlebot3_manipulation_teleop/share/turtlebot3_manipulation_teleop/environment/path.sh
[4.199s] -- Symlinking: /home/students/workspace/install/turtlebot3_manipulation_teleop/share/turtlebot3_manipulation_teleop/environment/path.dsv
[4.202s] -- Symlinking: /home/students/workspace/install/turtlebot3_manipulation_teleop/share/turtlebot3_manipulation_teleop/local_setup.bash
[4.206s] -- Symlinking: /home/students/workspace/install/turtlebot3_manipulation_teleop/share/turtlebot3_manipulation_teleop/local_setup.sh
[4.210s] -- Symlinking: /home/students/workspace/install/turtlebot3_manipulation_teleop/share/turtlebot3_manipulation_teleop/local_setup.zsh
[4.213s] -- Symlinking: /home/students/workspace/install/turtlebot3_manipulation_teleop/share/turtlebot3_manipulation_teleop/local_setup.dsv
[4.216s] -- Symlinking: /home/students/workspace/install/turtlebot3_manipulation_teleop/share/turtlebot3_manipulation_teleop/package.dsv
[4.220s] -- Symlinking: /home/students/workspace/install/turtlebot3_manipulation_teleop/share/ament_index/resource_index/packages/turtlebot3_manipulation_teleop
[4.228s] -- Symlinking: /home/students/workspace/install/turtlebot3_manipulation_teleop/share/turtlebot3_manipulation_teleop/cmake/turtlebot3_manipulation_teleopConfig.cmake
[4.231s] -- Symlinking: /home/students/workspace/install/turtlebot3_manipulation_teleop/share/turtlebot3_manipulation_teleop/cmake/turtlebot3_manipulation_teleopConfig-version.cmake
[4.236s] -- Symlinking: /home/students/workspace/install/turtlebot3_manipulation_teleop/share/turtlebot3_manipulation_teleop/package.xml
[4.242s] Invoked command in '/home/students/workspace/build/turtlebot3_manipulation_teleop' returned '0': AMENT_PREFIX_PATH=/home/students/workspace/install/turtlebot3_manipulation_description:${AMENT_PREFIX_PATH} CMAKE_PREFIX_PATH=/home/students/workspace/install/turtlebot3_manipulation_moveit_config:/home/students/workspace/install/turtlebot3_manipulation_bringup:/home/students/workspace/install/turtlebot3_manipulation_description:/home/students/workspace/install/turtlebot3_manipulation:/home/students/workspace/install/turtlebot3_manipulation_teleop:/home/students/workspace/install/turtlebot3_manipulation_navigation2:/home/students/workspace/install/turtlebot3_manipulation_cartographer:/home/students/workspace/install/iw_hub_navigation:/home/students/workspace/install/isaacsim_clearpath_nav2:/home/students/workspace/install/isaac_tutorials:/home/students/workspace/install/isaac_ros2_messages:/home/students/workspace/install/custom_message:/home/students/workspace/install/carter_navigation:/home/students/workspace/install/isaacsim_bringup:/home/students/workspace/install/isaac_ros_navigation_goal:/home/students/workspace/install/isaac_moveit:/home/students/workspace/install/isaac_compressed_image_decoder:/home/students/workspace/install/h1_fullbody_controller:/home/students/workspace/install/cmdvel_to_ackermann:/opt/ros/humble /usr/bin/cmake --install /home/students/workspace/build/turtlebot3_manipulation_teleop
