[35m[1mConsolidate compiler generated dependencies of target custom_compute_approach_path_action_bt_node[0m
[35m[1mConsolidate compiler generated dependencies of target custom_movable_obstacle_localizers[0m
[35m[1mConsolidate compiler generated dependencies of target custom_wait_for_obstacle_clearance_action_bt_node[0m
[35m[1mConsolidate compiler generated dependencies of target rgbd_obstacle_localizer[0m
[35m[1mConsolidate compiler generated dependencies of target custom_is_movable_obstacle_detected_condition_bt_node[0m
[ 20%] Built target custom_compute_approach_path_action_bt_node
[ 40%] Built target custom_movable_obstacle_localizers
[ 50%] [32mBuilding CXX object CMakeFiles/rgbd_obstacle_localizer.dir/src/rgbd_obstacle_localizer_node.cpp.o[0m
[ 70%] Built target custom_wait_for_obstacle_clearance_action_bt_node
[ 90%] Built target custom_is_movable_obstacle_detected_condition_bt_node
[100%] [32m[1mLinking CXX executable rgbd_obstacle_localizer[0m
[100%] Built target rgbd_obstacle_localizer
-- Install configuration: ""
-- Up-to-date: /home/ciderlab-server3/workspace/2026_industry_cowork/IsaacSim-ros_workspaces/humble_ws/install/custom_nav2_bt_plugins/share/custom_nav2_bt_plugins/movable_obstacle_localizer_plugins.xml
-- Up-to-date: /home/ciderlab-server3/workspace/2026_industry_cowork/IsaacSim-ros_workspaces/humble_ws/install/custom_nav2_bt_plugins/lib/libcustom_is_movable_obstacle_detected_condition_bt_node.so
-- Up-to-date: /home/ciderlab-server3/workspace/2026_industry_cowork/IsaacSim-ros_workspaces/humble_ws/install/custom_nav2_bt_plugins/lib/libcustom_wait_for_obstacle_clearance_action_bt_node.so
-- Up-to-date: /home/ciderlab-server3/workspace/2026_industry_cowork/IsaacSim-ros_workspaces/humble_ws/install/custom_nav2_bt_plugins/lib/libcustom_compute_approach_path_action_bt_node.so
-- Up-to-date: /home/ciderlab-server3/workspace/2026_industry_cowork/IsaacSim-ros_workspaces/humble_ws/install/custom_nav2_bt_plugins/lib/libcustom_movable_obstacle_localizers.so
-- Installing: /home/ciderlab-server3/workspace/2026_industry_cowork/IsaacSim-ros_workspaces/humble_ws/install/custom_nav2_bt_plugins/lib/custom_nav2_bt_plugins/rgbd_obstacle_localizer
-- Set runtime path of "/home/ciderlab-server3/workspace/2026_industry_cowork/IsaacSim-ros_workspaces/humble_ws/install/custom_nav2_bt_plugins/lib/custom_nav2_bt_plugins/rgbd_obstacle_localizer" to ""
-- Up-to-date: /home/ciderlab-server3/workspace/2026_industry_cowork/IsaacSim-ros_workspaces/humble_ws/install/custom_nav2_bt_plugins/include/
-- Up-to-date: /home/ciderlab-server3/workspace/2026_industry_cowork/IsaacSim-ros_workspaces/humble_ws/install/custom_nav2_bt_plugins/include//custom_nav2_bt_plugins
-- Up-to-date: /home/ciderlab-server3/workspace/2026_industry_cowork/IsaacSim-ros_workspaces/humble_ws/install/custom_nav2_bt_plugins/include//custom_nav2_bt_plugins/wait_for_obstacle_clearance_action.hpp
-- Up-to-date: /home/ciderlab-server3/workspace/2026_industry_cowork/IsaacSim-ros_workspaces/humble_ws/install/custom_nav2_bt_plugins/include//custom_nav2_bt_plugins/movable_obstacle_localizer.hpp
-- Up-to-date: /home/ciderlab-server3/workspace/2026_industry_cowork/IsaacSim-ros_workspaces/humble_ws/install/custom_nav2_bt_plugins/include//custom_nav2_bt_plugins/is_movable_obstacle_detected_condition.hpp
-- Up-to-date: /home/ciderlab-server3/workspace/2026_industry_cowork/IsaacSim-ros_workspaces/humble_ws/install/custom_nav2_bt_plugins/include//custom_nav2_bt_plugins/depth_centroid_localizer.hpp
-- Up-to-date: /home/ciderlab-server3/workspace/2026_industry_cowork/IsaacSim-ros_workspaces/humble_ws/install/custom_nav2_bt_plugins/include//custom_nav2_bt_plugins/compute_approach_path_action.hpp
-- Up-to-date: /home/ciderlab-server3/workspace/2026_industry_cowork/IsaacSim-ros_workspaces/humble_ws/install/custom_nav2_bt_plugins/share/custom_nav2_bt_plugins/launch
-- Installing: /home/ciderlab-server3/workspace/2026_industry_cowork/IsaacSim-ros_workspaces/humble_ws/install/custom_nav2_bt_plugins/share/custom_nav2_bt_plugins/launch/rgbd_obstacle_localizer.launch.py
-- Up-to-date: /home/ciderlab-server3/workspace/2026_industry_cowork/IsaacSim-ros_workspaces/humble_ws/install/custom_nav2_bt_plugins/share/custom_nav2_bt_plugins/movable_obstacle_localizer_plugins.xml
-- Up-to-date: /home/ciderlab-server3/workspace/2026_industry_cowork/IsaacSim-ros_workspaces/humble_ws/install/custom_nav2_bt_plugins/share/custom_nav2_bt_plugins/environment/library_path.sh
-- Up-to-date: /home/ciderlab-server3/workspace/2026_industry_cowork/IsaacSim-ros_workspaces/humble_ws/install/custom_nav2_bt_plugins/share/custom_nav2_bt_plugins/environment/library_path.dsv
-- Up-to-date: /home/ciderlab-server3/workspace/2026_industry_cowork/IsaacSim-ros_workspaces/humble_ws/install/custom_nav2_bt_plugins/share/ament_index/resource_index/package_run_dependencies/custom_nav2_bt_plugins
-- Up-to-date: /home/ciderlab-server3/workspace/2026_industry_cowork/IsaacSim-ros_workspaces/humble_ws/install/custom_nav2_bt_plugins/share/ament_index/resource_index/parent_prefix_path/custom_nav2_bt_plugins
-- Up-to-date: /home/ciderlab-server3/workspace/2026_industry_cowork/IsaacSim-ros_workspaces/humble_ws/install/custom_nav2_bt_plugins/share/custom_nav2_bt_plugins/environment/ament_prefix_path.sh
-- Up-to-date: /home/ciderlab-server3/workspace/2026_industry_cowork/IsaacSim-ros_workspaces/humble_ws/install/custom_nav2_bt_plugins/share/custom_nav2_bt_plugins/environment/ament_prefix_path.dsv
-- Up-to-date: /home/ciderlab-server3/workspace/2026_industry_cowork/IsaacSim-ros_workspaces/humble_ws/install/custom_nav2_bt_plugins/share/custom_nav2_bt_plugins/environment/path.sh
-- Up-to-date: /home/ciderlab-server3/workspace/2026_industry_cowork/IsaacSim-ros_workspaces/humble_ws/install/custom_nav2_bt_plugins/share/custom_nav2_bt_plugins/environment/path.dsv
-- Up-to-date: /home/ciderlab-server3/workspace/2026_industry_cowork/IsaacSim-ros_workspaces/humble_ws/install/custom_nav2_bt_plugins/share/custom_nav2_bt_plugins/local_setup.bash
-- Up-to-date: /home/ciderlab-server3/workspace/2026_industry_cowork/IsaacSim-ros_workspaces/humble_ws/install/custom_nav2_bt_plugins/share/custom_nav2_bt_plugins/local_setup.sh
-- Up-to-date: /home/ciderlab-server3/workspace/2026_industry_cowork/IsaacSim-ros_workspaces/humble_ws/install/custom_nav2_bt_plugins/share/custom_nav2_bt_plugins/local_setup.zsh
-- Up-to-date: /home/ciderlab-server3/workspace/2026_industry_cowork/IsaacSim-ros_workspaces/humble_ws/install/custom_nav2_bt_plugins/share/custom_nav2_bt_plugins/local_setup.dsv
-- Installing: /home/ciderlab-server3/workspace/2026_industry_cowork/IsaacSim-ros_workspaces/humble_ws/install/custom_nav2_bt_plugins/share/custom_nav2_bt_plugins/package.dsv
-- Up-to-date: /home/ciderlab-server3/workspace/2026_industry_cowork/IsaacSim-ros_workspaces/humble_ws/install/custom_nav2_bt_plugins/share/ament_index/resource_index/packages/custom_nav2_bt_plugins
-- Up-to-date: /home/ciderlab-server3/workspace/2026_industry_cowork/IsaacSim-ros_workspaces/humble_ws/install/custom_nav2_bt_plugins/share/ament_index/resource_index/custom_nav2_bt_plugins__pluginlib__plugin/custom_nav2_bt_plugins
-- Up-to-date: /home/ciderlab-server3/workspace/2026_industry_cowork/IsaacSim-ros_workspaces/humble_ws/install/custom_nav2_bt_plugins/share/custom_nav2_bt_plugins/cmake/ament_cmake_export_include_directories-extras.cmake
-- Up-to-date: /home/ciderlab-server3/workspace/2026_industry_cowork/IsaacSim-ros_workspaces/humble_ws/install/custom_nav2_bt_plugins/share/custom_nav2_bt_plugins/cmake/ament_cmake_export_libraries-extras.cmake
-- Up-to-date: /home/ciderlab-server3/workspace/2026_industry_cowork/IsaacSim-ros_workspaces/humble_ws/install/custom_nav2_bt_plugins/share/custom_nav2_bt_plugins/cmake/ament_cmake_export_dependencies-extras.cmake
-- Up-to-date: /home/ciderlab-server3/workspace/2026_industry_cowork/IsaacSim-ros_workspaces/humble_ws/install/custom_nav2_bt_plugins/share/custom_nav2_bt_plugins/cmake/custom_nav2_bt_pluginsConfig.cmake
-- Up-to-date: /home/ciderlab-server3/workspace/2026_industry_cowork/IsaacSim-ros_workspaces/humble_ws/install/custom_nav2_bt_plugins/share/custom_nav2_bt_plugins/cmake/custom_nav2_bt_pluginsConfig-version.cmake
-- Up-to-date: /home/ciderlab-server3/workspace/2026_industry_cowork/IsaacSim-ros_workspaces/humble_ws/install/custom_nav2_bt_plugins/share/custom_nav2_bt_plugins/package.xml
