[0.161s] Invoking command in '/home/ciderlab-server3/workspace/2026_industry_cowork/IsaacSim-ros_workspaces/humble_ws/build/custom_nav2_bt_plugins': CMAKE_PREFIX_PATH=${CMAKE_PREFIX_PATH}:/home/ciderlab-server3/workspace/2026_industry_cowork/IsaacSim-ros_workspaces/humble_ws/install/isaacsim_bringup:/home/ciderlab-server3/workspace/2026_industry_cowork/IsaacSim-ros_workspaces/humble_ws/install/isaac_ros_navigation_goal:/home/ciderlab-server3/workspace/2026_industry_cowork/IsaacSim-ros_workspaces/humble_ws/install/isaac_moveit:/home/ciderlab-server3/workspace/2026_industry_cowork/IsaacSim-ros_workspaces/humble_ws/install/isaac_compressed_image_decoder:/home/ciderlab-server3/workspace/2026_industry_cowork/IsaacSim-ros_workspaces/humble_ws/install/h1_fullbody_controller:/home/ciderlab-server3/workspace/2026_industry_cowork/IsaacSim-ros_workspaces/humble_ws/install/cmdvel_to_ackermann:/home/ciderlab-server3/turtlebot3_ws/install/turtlebot3_teleop:/home/ciderlab-server3/turtlebot3_ws/install/turtlebot3_example:/home/ciderlab-server3/turtlebot3_ws/install/turtlebot3_dqn:/home/ciderlab-server3/turtlebot3_ws/install/turtlebot3_home_service_challenge_core:/home/ciderlab-server3/turtlebot3_ws/install/turtlebot3_home_service_challenge_aruco:/opt/ros/humble /usr/bin/cmake --build /home/ciderlab-server3/workspace/2026_industry_cowork/IsaacSim-ros_workspaces/humble_ws/build/custom_nav2_bt_plugins -- -j24 -l24
[0.766s] [35m[1mConsolidate compiler generated dependencies of target custom_compute_approach_path_action_bt_node[0m
[0.766s] [35m[1mConsolidate compiler generated dependencies of target custom_movable_obstacle_localizers[0m
[0.766s] [35m[1mConsolidate compiler generated dependencies of target custom_wait_for_obstacle_clearance_action_bt_node[0m
[0.766s] [35m[1mConsolidate compiler generated dependencies of target rgbd_obstacle_localizer[0m
[0.766s] [35m[1mConsolidate compiler generated dependencies of target custom_is_movable_obstacle_detected_condition_bt_node[0m
[0.766s] [ 20%] Built target custom_compute_approach_path_action_bt_node
[0.766s] [ 40%] Built target custom_movable_obstacle_localizers
[0.766s] [ 50%] [32mBuilding CXX object CMakeFiles/rgbd_obstacle_localizer.dir/src/rgbd_obstacle_localizer_node.cpp.o[0m
[0.766s] [ 70%] Built target custom_wait_for_obstacle_clearance_action_bt_node
[0.766s] [ 90%] Built target custom_is_movable_obstacle_detected_condition_bt_node
[7.434s] [100%] [32m[1mLinking CXX executable rgbd_obstacle_localizer[0m
[7.821s] [100%] Built target rgbd_obstacle_localizer
[7.830s] Invoked command in '/home/ciderlab-server3/workspace/2026_industry_cowork/IsaacSim-ros_workspaces/humble_ws/build/custom_nav2_bt_plugins' returned '0': CMAKE_PREFIX_PATH=${CMAKE_PREFIX_PATH}:/home/ciderlab-server3/workspace/2026_industry_cowork/IsaacSim-ros_workspaces/humble_ws/install/isaacsim_bringup:/home/ciderlab-server3/workspace/2026_industry_cowork/IsaacSim-ros_workspaces/humble_ws/install/isaac_ros_navigation_goal:/home/ciderlab-server3/workspace/2026_industry_cowork/IsaacSim-ros_workspaces/humble_ws/install/isaac_moveit:/home/ciderlab-server3/workspace/2026_industry_cowork/IsaacSim-ros_workspaces/humble_ws/install/isaac_compressed_image_decoder:/home/ciderlab-server3/workspace/2026_industry_cowork/IsaacSim-ros_workspaces/humble_ws/install/h1_fullbody_controller:/home/ciderlab-server3/workspace/2026_industry_cowork/IsaacSim-ros_workspaces/humble_ws/install/cmdvel_to_ackermann:/home/ciderlab-server3/turtlebot3_ws/install/turtlebot3_teleop:/home/ciderlab-server3/turtlebot3_ws/install/turtlebot3_example:/home/ciderlab-server3/turtlebot3_ws/install/turtlebot3_dqn:/home/ciderlab-server3/turtlebot3_ws/install/turtlebot3_home_service_challenge_core:/home/ciderlab-server3/turtlebot3_ws/install/turtlebot3_home_service_challenge_aruco:/opt/ros/humble /usr/bin/cmake --build /home/ciderlab-server3/workspace/2026_industry_cowork/IsaacSim-ros_workspaces/humble_ws/build/custom_nav2_bt_plugins -- -j24 -l24
[7.830s] Invoking command in '/home/ciderlab-server3/workspace/2026_industry_cowork/IsaacSim-ros_workspaces/humble_ws/build/custom_nav2_bt_plugins': CMAKE_PREFIX_PATH=${CMAKE_PREFIX_PATH}:/home/ciderlab-server3/workspace/2026_industry_cowork/IsaacSim-ros_workspaces/humble_ws/install/isaacsim_bringup:/home/ciderlab-server3/workspace/2026_industry_cowork/IsaacSim-ros_workspaces/humble_ws/install/isaac_ros_navigation_goal:/home/ciderlab-server3/workspace/2026_industry_cowork/IsaacSim-ros_workspaces/humble_ws/install/isaac_moveit:/home/ciderlab-server3/workspace/2026_industry_cowork/IsaacSim-ros_workspaces/humble_ws/install/isaac_compressed_image_decoder:/home/ciderlab-server3/workspace/2026_industry_cowork/IsaacSim-ros_workspaces/humble_ws/install/h1_fullbody_controller:/home/ciderlab-server3/workspace/2026_industry_cowork/IsaacSim-ros_workspaces/humble_ws/install/cmdvel_to_ackermann:/home/ciderlab-server3/turtlebot3_ws/install/turtlebot3_teleop:/home/ciderlab-server3/turtlebot3_ws/install/turtlebot3_example:/home/ciderlab-server3/turtlebot3_ws/install/turtlebot3_dqn:/home/ciderlab-server3/turtlebot3_ws/install/turtlebot3_home_service_challenge_core:/home/ciderlab-server3/turtlebot3_ws/install/turtlebot3_home_service_challenge_aruco:/opt/ros/humble /usr/bin/cmake --install /home/ciderlab-server3/workspace/2026_industry_cowork/IsaacSim-ros_workspaces/humble_ws/build/custom_nav2_bt_plugins
[7.835s] -- Install configuration: ""
[7.835s] -- Up-to-date: /home/ciderlab-server3/workspace/2026_industry_cowork/IsaacSim-ros_workspaces/humble_ws/install/custom_nav2_bt_plugins/share/custom_nav2_bt_plugins/movable_obstacle_localizer_plugins.xml
[7.835s] -- Up-to-date: /home/ciderlab-server3/workspace/2026_industry_cowork/IsaacSim-ros_workspaces/humble_ws/install/custom_nav2_bt_plugins/lib/libcustom_is_movable_obstacle_detected_condition_bt_node.so
[7.835s] -- Up-to-date: /home/ciderlab-server3/workspace/2026_industry_cowork/IsaacSim-ros_workspaces/humble_ws/install/custom_nav2_bt_plugins/lib/libcustom_wait_for_obstacle_clearance_action_bt_node.so
[7.835s] -- Up-to-date: /home/ciderlab-server3/workspace/2026_industry_cowork/IsaacSim-ros_workspaces/humble_ws/install/custom_nav2_bt_plugins/lib/libcustom_compute_approach_path_action_bt_node.so
[7.835s] -- Up-to-date: /home/ciderlab-server3/workspace/2026_industry_cowork/IsaacSim-ros_workspaces/humble_ws/install/custom_nav2_bt_plugins/lib/libcustom_movable_obstacle_localizers.so
[7.835s] -- Installing: /home/ciderlab-server3/workspace/2026_industry_cowork/IsaacSim-ros_workspaces/humble_ws/install/custom_nav2_bt_plugins/lib/custom_nav2_bt_plugins/rgbd_obstacle_localizer
[7.841s] -- Set runtime path of "/home/ciderlab-server3/workspace/2026_industry_cowork/IsaacSim-ros_workspaces/humble_ws/install/custom_nav2_bt_plugins/lib/custom_nav2_bt_plugins/rgbd_obstacle_localizer" to ""
[7.841s] -- Up-to-date: /home/ciderlab-server3/workspace/2026_industry_cowork/IsaacSim-ros_workspaces/humble_ws/install/custom_nav2_bt_plugins/include/
[7.842s] -- Up-to-date: /home/ciderlab-server3/workspace/2026_industry_cowork/IsaacSim-ros_workspaces/humble_ws/install/custom_nav2_bt_plugins/include//custom_nav2_bt_plugins
[7.842s] -- Up-to-date: /home/ciderlab-server3/workspace/2026_industry_cowork/IsaacSim-ros_workspaces/humble_ws/install/custom_nav2_bt_plugins/include//custom_nav2_bt_plugins/wait_for_obstacle_clearance_action.hpp
[7.842s] -- Up-to-date: /home/ciderlab-server3/workspace/2026_industry_cowork/IsaacSim-ros_workspaces/humble_ws/install/custom_nav2_bt_plugins/include//custom_nav2_bt_plugins/movable_obstacle_localizer.hpp
[7.842s] -- Up-to-date: /home/ciderlab-server3/workspace/2026_industry_cowork/IsaacSim-ros_workspaces/humble_ws/install/custom_nav2_bt_plugins/include//custom_nav2_bt_plugins/is_movable_obstacle_detected_condition.hpp
[7.843s] -- Up-to-date: /home/ciderlab-server3/workspace/2026_industry_cowork/IsaacSim-ros_workspaces/humble_ws/install/custom_nav2_bt_plugins/include//custom_nav2_bt_plugins/depth_centroid_localizer.hpp
[7.843s] -- Up-to-date: /home/ciderlab-server3/workspace/2026_industry_cowork/IsaacSim-ros_workspaces/humble_ws/install/custom_nav2_bt_plugins/include//custom_nav2_bt_plugins/compute_approach_path_action.hpp
[7.843s] -- Up-to-date: /home/ciderlab-server3/workspace/2026_industry_cowork/IsaacSim-ros_workspaces/humble_ws/install/custom_nav2_bt_plugins/share/custom_nav2_bt_plugins/launch
[7.843s] -- Installing: /home/ciderlab-server3/workspace/2026_industry_cowork/IsaacSim-ros_workspaces/humble_ws/install/custom_nav2_bt_plugins/share/custom_nav2_bt_plugins/launch/rgbd_obstacle_localizer.launch.py
[7.843s] -- Up-to-date: /home/ciderlab-server3/workspace/2026_industry_cowork/IsaacSim-ros_workspaces/humble_ws/install/custom_nav2_bt_plugins/share/custom_nav2_bt_plugins/movable_obstacle_localizer_plugins.xml
[7.843s] -- Up-to-date: /home/ciderlab-server3/workspace/2026_industry_cowork/IsaacSim-ros_workspaces/humble_ws/install/custom_nav2_bt_plugins/share/custom_nav2_bt_plugins/environment/library_path.sh
[7.843s] -- Up-to-date: /home/ciderlab-server3/workspace/2026_industry_cowork/IsaacSim-ros_workspaces/humble_ws/install/custom_nav2_bt_plugins/share/custom_nav2_bt_plugins/environment/library_path.dsv
[7.843s] -- Up-to-date: /home/ciderlab-server3/workspace/2026_industry_cowork/IsaacSim-ros_workspaces/humble_ws/install/custom_nav2_bt_plugins/share/ament_index/resource_index/package_run_dependencies/custom_nav2_bt_plugins
[7.843s] -- Up-to-date: /home/ciderlab-server3/workspace/2026_industry_cowork/IsaacSim-ros_workspaces/humble_ws/install/custom_nav2_bt_plugins/share/ament_index/resource_index/parent_prefix_path/custom_nav2_bt_plugins
[7.843s] -- Up-to-date: /home/ciderlab-server3/workspace/2026_industry_cowork/IsaacSim-ros_workspaces/humble_ws/install/custom_nav2_bt_plugins/share/custom_nav2_bt_plugins/environment/ament_prefix_path.sh
[7.843s] -- Up-to-date: /home/ciderlab-server3/workspace/2026_industry_cowork/IsaacSim-ros_workspaces/humble_ws/install/custom_nav2_bt_plugins/share/custom_nav2_bt_plugins/environment/ament_prefix_path.dsv
[7.843s] -- Up-to-date: /home/ciderlab-server3/workspace/2026_industry_cowork/IsaacSim-ros_workspaces/humble_ws/install/custom_nav2_bt_plugins/share/custom_nav2_bt_plugins/environment/path.sh
[7.843s] -- Up-to-date: /home/ciderlab-server3/workspace/2026_industry_cowork/IsaacSim-ros_workspaces/humble_ws/install/custom_nav2_bt_plugins/share/custom_nav2_bt_plugins/environment/path.dsv
[7.843s] -- Up-to-date: /home/ciderlab-server3/workspace/2026_industry_cowork/IsaacSim-ros_workspaces/humble_ws/install/custom_nav2_bt_plugins/share/custom_nav2_bt_plugins/local_setup.bash
[7.843s] -- Up-to-date: /home/ciderlab-server3/workspace/2026_industry_cowork/IsaacSim-ros_workspaces/humble_ws/install/custom_nav2_bt_plugins/share/custom_nav2_bt_plugins/local_setup.sh
[7.843s] -- Up-to-date: /home/ciderlab-server3/workspace/2026_industry_cowork/IsaacSim-ros_workspaces/humble_ws/install/custom_nav2_bt_plugins/share/custom_nav2_bt_plugins/local_setup.zsh
[7.843s] -- Up-to-date: /home/ciderlab-server3/workspace/2026_industry_cowork/IsaacSim-ros_workspaces/humble_ws/install/custom_nav2_bt_plugins/share/custom_nav2_bt_plugins/local_setup.dsv
[7.843s] -- Installing: /home/ciderlab-server3/workspace/2026_industry_cowork/IsaacSim-ros_workspaces/humble_ws/install/custom_nav2_bt_plugins/share/custom_nav2_bt_plugins/package.dsv
[7.843s] -- Up-to-date: /home/ciderlab-server3/workspace/2026_industry_cowork/IsaacSim-ros_workspaces/humble_ws/install/custom_nav2_bt_plugins/share/ament_index/resource_index/packages/custom_nav2_bt_plugins
[7.843s] -- Up-to-date: /home/ciderlab-server3/workspace/2026_industry_cowork/IsaacSim-ros_workspaces/humble_ws/install/custom_nav2_bt_plugins/share/ament_index/resource_index/custom_nav2_bt_plugins__pluginlib__plugin/custom_nav2_bt_plugins
[7.843s] -- Up-to-date: /home/ciderlab-server3/workspace/2026_industry_cowork/IsaacSim-ros_workspaces/humble_ws/install/custom_nav2_bt_plugins/share/custom_nav2_bt_plugins/cmake/ament_cmake_export_include_directories-extras.cmake
[7.843s] -- Up-to-date: /home/ciderlab-server3/workspace/2026_industry_cowork/IsaacSim-ros_workspaces/humble_ws/install/custom_nav2_bt_plugins/share/custom_nav2_bt_plugins/cmake/ament_cmake_export_libraries-extras.cmake
[7.843s] -- Up-to-date: /home/ciderlab-server3/workspace/2026_industry_cowork/IsaacSim-ros_workspaces/humble_ws/install/custom_nav2_bt_plugins/share/custom_nav2_bt_plugins/cmake/ament_cmake_export_dependencies-extras.cmake
[7.843s] -- Up-to-date: /home/ciderlab-server3/workspace/2026_industry_cowork/IsaacSim-ros_workspaces/humble_ws/install/custom_nav2_bt_plugins/share/custom_nav2_bt_plugins/cmake/custom_nav2_bt_pluginsConfig.cmake
[7.843s] -- Up-to-date: /home/ciderlab-server3/workspace/2026_industry_cowork/IsaacSim-ros_workspaces/humble_ws/install/custom_nav2_bt_plugins/share/custom_nav2_bt_plugins/cmake/custom_nav2_bt_pluginsConfig-version.cmake
[7.843s] -- Up-to-date: /home/ciderlab-server3/workspace/2026_industry_cowork/IsaacSim-ros_workspaces/humble_ws/install/custom_nav2_bt_plugins/share/custom_nav2_bt_plugins/package.xml
[7.843s] Invoked command in '/home/ciderlab-server3/workspace/2026_industry_cowork/IsaacSim-ros_workspaces/humble_ws/build/custom_nav2_bt_plugins' returned '0': CMAKE_PREFIX_PATH=${CMAKE_PREFIX_PATH}:/home/ciderlab-server3/workspace/2026_industry_cowork/IsaacSim-ros_workspaces/humble_ws/install/isaacsim_bringup:/home/ciderlab-server3/workspace/2026_industry_cowork/IsaacSim-ros_workspaces/humble_ws/install/isaac_ros_navigation_goal:/home/ciderlab-server3/workspace/2026_industry_cowork/IsaacSim-ros_workspaces/humble_ws/install/isaac_moveit:/home/ciderlab-server3/workspace/2026_industry_cowork/IsaacSim-ros_workspaces/humble_ws/install/isaac_compressed_image_decoder:/home/ciderlab-server3/workspace/2026_industry_cowork/IsaacSim-ros_workspaces/humble_ws/install/h1_fullbody_controller:/home/ciderlab-server3/workspace/2026_industry_cowork/IsaacSim-ros_workspaces/humble_ws/install/cmdvel_to_ackermann:/home/ciderlab-server3/turtlebot3_ws/install/turtlebot3_teleop:/home/ciderlab-server3/turtlebot3_ws/install/turtlebot3_example:/home/ciderlab-server3/turtlebot3_ws/install/turtlebot3_dqn:/home/ciderlab-server3/turtlebot3_ws/install/turtlebot3_home_service_challenge_core:/home/ciderlab-server3/turtlebot3_ws/install/turtlebot3_home_service_challenge_aruco:/opt/ros/humble /usr/bin/cmake --install /home/ciderlab-server3/workspace/2026_industry_cowork/IsaacSim-ros_workspaces/humble_ws/build/custom_nav2_bt_plugins
