[0.136s] Invoking command in '/home/students/workspace/build/custom_message': CMAKE_PREFIX_PATH=${CMAKE_PREFIX_PATH}:/home/students/workspace/install/isaacsim_bringup:/home/students/workspace/install/isaac_ros_navigation_goal:/home/students/workspace/install/isaac_moveit:/home/students/workspace/install/isaac_compressed_image_decoder:/home/students/workspace/install/h1_fullbody_controller:/home/students/workspace/install/cmdvel_to_ackermann:/opt/ros/humble /usr/bin/cmake /home/students/workspace/src/custom_message -DAMENT_CMAKE_SYMLINK_INSTALL=1 -DCMAKE_INSTALL_PREFIX=/home/students/workspace/install/custom_message
[0.668s] -- The C compiler identification is GNU 11.4.0
[0.668s] -- The CXX compiler identification is GNU 11.4.0
[0.668s] -- Detecting C compiler ABI info
[0.668s] -- Detecting C compiler ABI info - done
[0.668s] -- Check for working C compiler: /usr/bin/cc - skipped
[0.668s] -- Detecting C compile features
[0.668s] -- Detecting C compile features - done
[0.668s] -- Detecting CXX compiler ABI info
[0.668s] -- Detecting CXX compiler ABI info - done
[0.668s] -- Check for working CXX compiler: /usr/bin/c++ - skipped
[0.668s] -- Detecting CXX compile features
[0.668s] -- Detecting CXX compile features - done
[0.668s] -- Found ament_cmake: 1.3.14 (/opt/ros/humble/share/ament_cmake/cmake)
[0.668s] -- Found Python3: /usr/bin/python3 (found version "3.10.12") found components: Interpreter 
[0.668s] -- Override CMake install command with custom implementation using symlinks instead of copying resources
[0.668s] -- Found std_msgs: 4.9.1 (/opt/ros/humble/share/std_msgs/cmake)
[0.668s] -- Found rosidl_generator_c: 3.1.9 (/opt/ros/humble/share/rosidl_generator_c/cmake)
[0.668s] -- Found rosidl_adapter: 3.1.9 (/opt/ros/humble/share/rosidl_adapter/cmake)
[0.669s] -- Found rosidl_generator_cpp: 3.1.9 (/opt/ros/humble/share/rosidl_generator_cpp/cmake)
[0.669s] -- Using all available rosidl_typesupport_c: rosidl_typesupport_fastrtps_c;rosidl_typesupport_introspection_c
[0.670s] -- Using all available rosidl_typesupport_cpp: rosidl_typesupport_fastrtps_cpp;rosidl_typesupport_introspection_cpp
[0.670s] -- Found rosidl_default_generators: 1.2.1 (/opt/ros/humble/share/rosidl_default_generators/cmake)
[0.670s] -- Found ament_cmake_ros: 0.10.0 (/opt/ros/humble/share/ament_cmake_ros/cmake)
[0.803s] -- Using all available rosidl_typesupport_c: rosidl_typesupport_fastrtps_c;rosidl_typesupport_introspection_c
[0.878s] -- Using all available rosidl_typesupport_cpp: rosidl_typesupport_fastrtps_cpp;rosidl_typesupport_introspection_cpp
[0.894s] -- Found PythonInterp: /usr/bin/python3 (found suitable version "3.10.12", minimum required is "3.6") 
[0.894s] -- Found python_cmake_module: 0.10.0 (/opt/ros/humble/share/python_cmake_module/cmake)
[0.915s] -- Found PythonLibs: /usr/lib/x86_64-linux-gnu/libpython3.10.so (found suitable version "3.10.12", minimum required is "3.5") 
[0.916s] -- Using PYTHON_EXECUTABLE: /usr/bin/python3
[0.916s] -- Using PYTHON_INCLUDE_DIRS: /usr/include/python3.10
[0.916s] -- Using PYTHON_LIBRARIES: /usr/lib/x86_64-linux-gnu/libpython3.10.so
[0.929s] -- Found PythonExtra: .so  
[1.008s] -- Found ament_lint_auto: 0.12.15 (/opt/ros/humble/share/ament_lint_auto/cmake)
[1.030s] -- Added test 'copyright' to check source files copyright and LICENSE
[1.032s] -- Added test 'lint_cmake' to check CMake code style
[1.032s] -- Added test 'xmllint' to check XML markup files
[1.035s] -- Configuring done
[1.051s] -- Generating done
[1.056s] -- Build files have been written to: /home/students/workspace/build/custom_message
[1.071s] Invoked command in '/home/students/workspace/build/custom_message' returned '0': CMAKE_PREFIX_PATH=${CMAKE_PREFIX_PATH}:/home/students/workspace/install/isaacsim_bringup:/home/students/workspace/install/isaac_ros_navigation_goal:/home/students/workspace/install/isaac_moveit:/home/students/workspace/install/isaac_compressed_image_decoder:/home/students/workspace/install/h1_fullbody_controller:/home/students/workspace/install/cmdvel_to_ackermann:/opt/ros/humble /usr/bin/cmake /home/students/workspace/src/custom_message -DAMENT_CMAKE_SYMLINK_INSTALL=1 -DCMAKE_INSTALL_PREFIX=/home/students/workspace/install/custom_message
[1.073s] Invoking command in '/home/students/workspace/build/custom_message': CMAKE_PREFIX_PATH=${CMAKE_PREFIX_PATH}:/home/students/workspace/install/isaacsim_bringup:/home/students/workspace/install/isaac_ros_navigation_goal:/home/students/workspace/install/isaac_moveit:/home/students/workspace/install/isaac_compressed_image_decoder:/home/students/workspace/install/h1_fullbody_controller:/home/students/workspace/install/cmdvel_to_ackermann:/opt/ros/humble /usr/bin/cmake --build /home/students/workspace/build/custom_message -- -j24 -l24
[1.090s] [  3%] [34m[1mGenerating C code for ROS interfaces[0m
[1.093s] [  6%] [34m[1mGenerating C++ code for ROS interfaces[0m
[1.094s] [  9%] [34m[1mGenerating Rust code for ROS interfaces[0m
[1.099s] [  9%] Built target ament_cmake_python_symlink_custom_message
[1.194s] [  9%] Built target custom_message__cpp
[1.199s] [ 15%] [34m[1mGenerating C++ introspection for ROS interfaces[0m
[1.199s] [ 15%] [34m[1mGenerating C++ type support for eProsima Fast-RTPS[0m
[1.199s] [ 18%] [34m[1mGenerating C++ type support dispatch for ROS interfaces[0m
[1.204s] [ 18%] Built target custom_message__rs
[1.217s] running egg_info
[1.218s] creating custom_message.egg-info
[1.218s] writing custom_message.egg-info/PKG-INFO
[1.218s] writing dependency_links to custom_message.egg-info/dependency_links.txt
[1.218s] writing top-level names to custom_message.egg-info/top_level.txt
[1.218s] writing manifest file 'custom_message.egg-info/SOURCES.txt'
[1.219s] reading manifest file 'custom_message.egg-info/SOURCES.txt'
[1.219s] writing manifest file 'custom_message.egg-info/SOURCES.txt'
[1.234s] [ 18%] Built target ament_cmake_python_build_custom_message_egg
[1.239s] [ 21%] [32mBuilding C object CMakeFiles/custom_message__rosidl_generator_c.dir/rosidl_generator_c/custom_message/msg/detail/sample_msg__functions.c.o[0m
[1.269s] [ 25%] [32m[1mLinking C shared library libcustom_message__rosidl_generator_c.so[0m
[1.291s] [ 25%] Built target custom_message__rosidl_generator_c
[1.292s] [ 28%] [32mBuilding CXX object CMakeFiles/custom_message__rosidl_typesupport_cpp.dir/rosidl_typesupport_cpp/custom_message/msg/sample_msg__type_support.cpp.o[0m
[1.298s] [ 37%] [34m[1mGenerating C introspection for ROS interfaces[0m
[1.298s] [ 37%] [34m[1mGenerating C type support for eProsima Fast-RTPS[0m
[1.298s] [ 37%] [34m[1mGenerating C type support dispatch for ROS interfaces[0m
[1.319s] [ 40%] [32mBuilding CXX object CMakeFiles/custom_message__rosidl_typesupport_fastrtps_cpp.dir/rosidl_typesupport_fastrtps_cpp/custom_message/msg/detail/dds_fastrtps/sample_msg__type_support.cpp.o[0m
[1.336s] [ 43%] [32mBuilding CXX object CMakeFiles/custom_message__rosidl_typesupport_introspection_cpp.dir/rosidl_typesupport_introspection_cpp/custom_message/msg/detail/sample_msg__type_support.cpp.o[0m
[1.391s] [ 46%] [32mBuilding CXX object CMakeFiles/custom_message__rosidl_typesupport_c.dir/rosidl_typesupport_c/custom_message/msg/sample_msg__type_support.cpp.o[0m
[1.398s] [ 50%] [32mBuilding C object CMakeFiles/custom_message__rosidl_typesupport_introspection_c.dir/rosidl_typesupport_introspection_c/custom_message/msg/detail/sample_msg__type_support.c.o[0m
[1.402s] [ 53%] [32mBuilding CXX object CMakeFiles/custom_message__rosidl_typesupport_fastrtps_c.dir/rosidl_typesupport_fastrtps_c/custom_message/msg/detail/sample_msg__type_support_c.cpp.o[0m
[1.410s] [ 56%] [32m[1mLinking CXX shared library libcustom_message__rosidl_typesupport_c.so[0m
[1.416s] [ 59%] [32m[1mLinking C shared library libcustom_message__rosidl_typesupport_introspection_c.so[0m
[1.434s] [ 59%] Built target custom_message__rosidl_typesupport_c
[1.434s] [ 59%] Built target custom_message__rosidl_typesupport_introspection_c
[1.434s] [ 62%] [32m[1mLinking CXX shared library libcustom_message__rosidl_typesupport_cpp.so[0m
[1.459s] [ 62%] Built target custom_message__rosidl_typesupport_cpp
[1.489s] [ 65%] [32m[1mLinking CXX shared library libcustom_message__rosidl_typesupport_fastrtps_cpp.so[0m
[1.519s] [ 68%] [32m[1mLinking CXX shared library libcustom_message__rosidl_typesupport_introspection_cpp.so[0m
[1.534s] [ 68%] Built target custom_message__rosidl_typesupport_fastrtps_cpp
[1.554s] [ 68%] Built target custom_message__rosidl_typesupport_introspection_cpp
[1.590s] [ 71%] [32m[1mLinking CXX shared library libcustom_message__rosidl_typesupport_fastrtps_c.so[0m
[1.633s] [ 71%] Built target custom_message__rosidl_typesupport_fastrtps_c
[1.644s] [ 71%] Built target custom_message
[1.664s] [ 75%] [34m[1mGenerating Python code for ROS interfaces[0m
[1.820s] [ 75%] Built target custom_message__py
[1.837s] [ 78%] [32mBuilding C object CMakeFiles/custom_message__rosidl_generator_py.dir/rosidl_generator_py/custom_message/msg/_sample_msg_s.c.o[0m
[1.901s] [ 81%] [32m[1mLinking C shared library rosidl_generator_py/custom_message/libcustom_message__rosidl_generator_py.so[0m
[1.927s] [ 81%] Built target custom_message__rosidl_generator_py
[1.939s] [ 84%] [32mBuilding C object CMakeFiles/custom_message__rosidl_typesupport_introspection_c__pyext.dir/rosidl_generator_py/custom_message/_custom_message_s.ep.rosidl_typesupport_introspection_c.c.o[0m
[1.939s] [ 87%] [32mBuilding C object CMakeFiles/custom_message__rosidl_typesupport_c__pyext.dir/rosidl_generator_py/custom_message/_custom_message_s.ep.rosidl_typesupport_c.c.o[0m
[1.939s] [ 90%] [32mBuilding C object CMakeFiles/custom_message__rosidl_typesupport_fastrtps_c__pyext.dir/rosidl_generator_py/custom_message/_custom_message_s.ep.rosidl_typesupport_fastrtps_c.c.o[0m
[1.991s] [ 93%] [32m[1mLinking C shared library rosidl_generator_py/custom_message/custom_message_s__rosidl_typesupport_fastrtps_c.cpython-310-x86_64-linux-gnu.so[0m
[1.991s] [100%] [32m[1mLinking C shared library rosidl_generator_py/custom_message/custom_message_s__rosidl_typesupport_introspection_c.cpython-310-x86_64-linux-gnu.so[0m
[1.991s] [100%] [32m[1mLinking C shared library rosidl_generator_py/custom_message/custom_message_s__rosidl_typesupport_c.cpython-310-x86_64-linux-gnu.so[0m
[2.013s] [100%] Built target custom_message__rosidl_typesupport_c__pyext
[2.013s] [100%] Built target custom_message__rosidl_typesupport_introspection_c__pyext
[2.016s] [100%] Built target custom_message__rosidl_typesupport_fastrtps_c__pyext
[2.032s] Invoked command in '/home/students/workspace/build/custom_message' returned '0': CMAKE_PREFIX_PATH=${CMAKE_PREFIX_PATH}:/home/students/workspace/install/isaacsim_bringup:/home/students/workspace/install/isaac_ros_navigation_goal:/home/students/workspace/install/isaac_moveit:/home/students/workspace/install/isaac_compressed_image_decoder:/home/students/workspace/install/h1_fullbody_controller:/home/students/workspace/install/cmdvel_to_ackermann:/opt/ros/humble /usr/bin/cmake --build /home/students/workspace/build/custom_message -- -j24 -l24
[2.037s] Invoking command in '/home/students/workspace/build/custom_message': CMAKE_PREFIX_PATH=${CMAKE_PREFIX_PATH}:/home/students/workspace/install/isaacsim_bringup:/home/students/workspace/install/isaac_ros_navigation_goal:/home/students/workspace/install/isaac_moveit:/home/students/workspace/install/isaac_compressed_image_decoder:/home/students/workspace/install/h1_fullbody_controller:/home/students/workspace/install/cmdvel_to_ackermann:/opt/ros/humble /usr/bin/cmake --install /home/students/workspace/build/custom_message
[2.039s] -- Install configuration: ""
[2.039s] -- Execute custom install script
[2.039s] -- Symlinking: /home/students/workspace/install/custom_message/share/ament_index/resource_index/rosidl_interfaces/custom_message
[2.045s] -- Symlinking: /home/students/workspace/install/custom_message/include/custom_message/custom_message/msg/detail/sample_msg__functions.h
[2.050s] -- Symlinking: /home/students/workspace/install/custom_message/include/custom_message/custom_message/msg/detail/sample_msg__struct.h
[2.055s] -- Symlinking: /home/students/workspace/install/custom_message/include/custom_message/custom_message/msg/detail/sample_msg__type_support.h
[2.060s] -- Symlinking: /home/students/workspace/install/custom_message/include/custom_message/custom_message/msg/rosidl_generator_c__visibility_control.h
[2.065s] -- Symlinking: /home/students/workspace/install/custom_message/include/custom_message/custom_message/msg/sample_msg.h
[2.072s] -- Symlinking: /home/students/workspace/install/custom_message/share/custom_message/environment/library_path.sh
[2.076s] -- Symlinking: /home/students/workspace/install/custom_message/share/custom_message/environment/library_path.dsv
[2.083s] -- Symlinking: /home/students/workspace/install/custom_message/include/custom_message/custom_message/msg/detail/sample_msg__rosidl_typesupport_fastrtps_c.h
[2.088s] -- Symlinking: /home/students/workspace/install/custom_message/include/custom_message/custom_message/msg/rosidl_typesupport_fastrtps_c__visibility_control.h
[2.093s] -- Symlinking: /home/students/workspace/install/custom_message/include/custom_message/custom_message/msg/detail/sample_msg__builder.hpp
[2.098s] -- Symlinking: /home/students/workspace/install/custom_message/include/custom_message/custom_message/msg/detail/sample_msg__struct.hpp
[2.103s] -- Symlinking: /home/students/workspace/install/custom_message/include/custom_message/custom_message/msg/detail/sample_msg__traits.hpp
[2.110s] -- Symlinking: /home/students/workspace/install/custom_message/include/custom_message/custom_message/msg/detail/sample_msg__type_support.hpp
[2.113s] -- Symlinking: /home/students/workspace/install/custom_message/include/custom_message/custom_message/msg/rosidl_generator_cpp__visibility_control.hpp
[2.118s] -- Symlinking: /home/students/workspace/install/custom_message/include/custom_message/custom_message/msg/sample_msg.hpp
[2.123s] -- Symlinking: /home/students/workspace/install/custom_message/include/custom_message/custom_message/msg/detail/sample_msg__rosidl_typesupport_fastrtps_cpp.hpp
[2.130s] -- Symlinking: /home/students/workspace/install/custom_message/include/custom_message/custom_message/msg/rosidl_typesupport_fastrtps_cpp__visibility_control.h
[2.135s] -- Symlinking: /home/students/workspace/install/custom_message/include/custom_message/custom_message/msg/detail/sample_msg__rosidl_typesupport_introspection_c.h
[2.140s] -- Symlinking: /home/students/workspace/install/custom_message/include/custom_message/custom_message/msg/rosidl_typesupport_introspection_c__visibility_control.h
[2.146s] -- Symlinking: /home/students/workspace/install/custom_message/include/custom_message/custom_message/msg/detail/sample_msg__rosidl_typesupport_introspection_cpp.hpp
[2.152s] -- Symlinking: /home/students/workspace/install/custom_message/share/custom_message/environment/pythonpath.sh
[2.158s] -- Symlinking: /home/students/workspace/install/custom_message/share/custom_message/environment/pythonpath.dsv
[2.163s] -- Symlinking: /home/students/workspace/install/custom_message/local/lib/python3.10/dist-packages/custom_message-0.0.0-py3.10.egg-info/PKG-INFO
[2.169s] -- Symlinking: /home/students/workspace/install/custom_message/local/lib/python3.10/dist-packages/custom_message-0.0.0-py3.10.egg-info/SOURCES.txt
[2.176s] -- Symlinking: /home/students/workspace/install/custom_message/local/lib/python3.10/dist-packages/custom_message-0.0.0-py3.10.egg-info/dependency_links.txt
[2.183s] -- Symlinking: /home/students/workspace/install/custom_message/local/lib/python3.10/dist-packages/custom_message-0.0.0-py3.10.egg-info/top_level.txt
[2.189s] -- Symlinking: /home/students/workspace/install/custom_message/local/lib/python3.10/dist-packages/custom_message/__init__.py
[2.195s] -- Symlinking: /home/students/workspace/install/custom_message/local/lib/python3.10/dist-packages/custom_message/_custom_message_s.ep.rosidl_typesupport_c.c
[2.203s] -- Symlinking: /home/students/workspace/install/custom_message/local/lib/python3.10/dist-packages/custom_message/_custom_message_s.ep.rosidl_typesupport_fastrtps_c.c
[2.208s] -- Symlinking: /home/students/workspace/install/custom_message/local/lib/python3.10/dist-packages/custom_message/_custom_message_s.ep.rosidl_typesupport_introspection_c.c
[2.213s] -- Symlinking: /home/students/workspace/install/custom_message/local/lib/python3.10/dist-packages/custom_message/custom_message_s__rosidl_typesupport_c.cpython-310-x86_64-linux-gnu.so
[2.224s] -- Symlinking: /home/students/workspace/install/custom_message/local/lib/python3.10/dist-packages/custom_message/custom_message_s__rosidl_typesupport_fastrtps_c.cpython-310-x86_64-linux-gnu.so
[2.237s] -- Symlinking: /home/students/workspace/install/custom_message/local/lib/python3.10/dist-packages/custom_message/custom_message_s__rosidl_typesupport_introspection_c.cpython-310-x86_64-linux-gnu.so
[2.255s] -- Symlinking: /home/students/workspace/install/custom_message/local/lib/python3.10/dist-packages/custom_message/libcustom_message__rosidl_generator_py.so
[2.267s] -- Symlinking: /home/students/workspace/install/custom_message/local/lib/python3.10/dist-packages/custom_message/msg/__init__.py
[2.276s] -- Symlinking: /home/students/workspace/install/custom_message/local/lib/python3.10/dist-packages/custom_message/msg/_sample_msg.py
[2.290s] -- Symlinking: /home/students/workspace/install/custom_message/local/lib/python3.10/dist-packages/custom_message/msg/_sample_msg_s.c
[2.304s] -- Up-to-date symlink: /home/students/workspace/install/custom_message/local/lib/python3.10/dist-packages/custom_message/custom_message_s__rosidl_typesupport_fastrtps_c.cpython-310-x86_64-linux-gnu.so
[2.304s] -- Up-to-date symlink: /home/students/workspace/install/custom_message/local/lib/python3.10/dist-packages/custom_message/custom_message_s__rosidl_typesupport_introspection_c.cpython-310-x86_64-linux-gnu.so
[2.304s] -- Up-to-date symlink: /home/students/workspace/install/custom_message/local/lib/python3.10/dist-packages/custom_message/custom_message_s__rosidl_typesupport_c.cpython-310-x86_64-linux-gnu.so
[2.304s] -- Symlinking: /home/students/workspace/install/custom_message/share/ament_index/resource_index/rust_packages/custom_message
[2.320s] -- Symlinking: /home/students/workspace/install/custom_message/share/custom_message/rust/Cargo.toml
[2.327s] -- Symlinking: /home/students/workspace/install/custom_message/share/custom_message/rust/build.rs
[2.336s] -- Symlinking: /home/students/workspace/install/custom_message/share/custom_message/rust/src/lib.rs
[2.343s] -- Symlinking: /home/students/workspace/install/custom_message/share/custom_message/rust/src/msg.rs
[2.359s] -- Symlinking: /home/students/workspace/install/custom_message/share/custom_message/rust/src/msg/rmw.rs
[2.362s] -- Symlinking: /home/students/workspace/install/custom_message/share/custom_message/msg/SampleMsg.idl
[2.368s] -- Symlinking: /home/students/workspace/install/custom_message/share/custom_message/msg/SampleMsg.msg
[2.376s] -- Symlinking: /home/students/workspace/install/custom_message/share/ament_index/resource_index/package_run_dependencies/custom_message
[2.389s] -- Symlinking: /home/students/workspace/install/custom_message/share/ament_index/resource_index/parent_prefix_path/custom_message
[2.402s] -- Symlinking: /home/students/workspace/install/custom_message/share/custom_message/environment/ament_prefix_path.sh
[2.405s] -- Symlinking: /home/students/workspace/install/custom_message/share/custom_message/environment/ament_prefix_path.dsv
[2.410s] -- Symlinking: /home/students/workspace/install/custom_message/share/custom_message/environment/path.sh
[2.415s] -- Symlinking: /home/students/workspace/install/custom_message/share/custom_message/environment/path.dsv
[2.421s] -- Symlinking: /home/students/workspace/install/custom_message/share/custom_message/local_setup.bash
[2.431s] -- Symlinking: /home/students/workspace/install/custom_message/share/custom_message/local_setup.sh
[2.440s] -- Symlinking: /home/students/workspace/install/custom_message/share/custom_message/local_setup.zsh
[2.451s] -- Symlinking: /home/students/workspace/install/custom_message/share/custom_message/local_setup.dsv
[2.457s] -- Symlinking: /home/students/workspace/install/custom_message/share/custom_message/package.dsv
[2.464s] -- Symlinking: /home/students/workspace/install/custom_message/share/ament_index/resource_index/packages/custom_message
[2.471s] -- Symlinking: /home/students/workspace/install/custom_message/share/custom_message/cmake/rosidl_cmake-extras.cmake
[2.477s] -- Symlinking: /home/students/workspace/install/custom_message/share/custom_message/cmake/ament_cmake_export_dependencies-extras.cmake
[2.483s] -- Symlinking: /home/students/workspace/install/custom_message/share/custom_message/cmake/ament_cmake_export_include_directories-extras.cmake
[2.489s] -- Symlinking: /home/students/workspace/install/custom_message/share/custom_message/cmake/ament_cmake_export_libraries-extras.cmake
[2.497s] -- Symlinking: /home/students/workspace/install/custom_message/share/custom_message/cmake/ament_cmake_export_targets-extras.cmake
[2.506s] -- Symlinking: /home/students/workspace/install/custom_message/share/custom_message/cmake/rosidl_cmake_export_typesupport_targets-extras.cmake
[2.510s] -- Symlinking: /home/students/workspace/install/custom_message/share/custom_message/cmake/rosidl_cmake_export_typesupport_libraries-extras.cmake
[2.517s] -- Symlinking: /home/students/workspace/install/custom_message/share/custom_message/cmake/rosidl_cmake_aggregate_target-extras.cmake
[2.523s] -- Symlinking: /home/students/workspace/install/custom_message/share/custom_message/cmake/custom_messageConfig.cmake
[2.529s] -- Symlinking: /home/students/workspace/install/custom_message/share/custom_message/cmake/custom_messageConfig-version.cmake
[2.535s] -- Symlinking: /home/students/workspace/install/custom_message/share/custom_message/package.xml
[2.540s] -- Installing: /home/students/workspace/install/custom_message/lib/libcustom_message__rosidl_generator_c.so
[2.540s] -- Set runtime path of "/home/students/workspace/install/custom_message/lib/libcustom_message__rosidl_generator_c.so" to ""
[2.540s] -- Installing: /home/students/workspace/install/custom_message/lib/libcustom_message__rosidl_typesupport_fastrtps_c.so
[2.540s] -- Set runtime path of "/home/students/workspace/install/custom_message/lib/libcustom_message__rosidl_typesupport_fastrtps_c.so" to ""
[2.540s] -- Installing: /home/students/workspace/install/custom_message/lib/libcustom_message__rosidl_typesupport_fastrtps_cpp.so
[2.541s] -- Set runtime path of "/home/students/workspace/install/custom_message/lib/libcustom_message__rosidl_typesupport_fastrtps_cpp.so" to ""
[2.541s] -- Installing: /home/students/workspace/install/custom_message/lib/libcustom_message__rosidl_typesupport_introspection_c.so
[2.541s] -- Set runtime path of "/home/students/workspace/install/custom_message/lib/libcustom_message__rosidl_typesupport_introspection_c.so" to ""
[2.541s] -- Installing: /home/students/workspace/install/custom_message/lib/libcustom_message__rosidl_typesupport_c.so
[2.541s] -- Set runtime path of "/home/students/workspace/install/custom_message/lib/libcustom_message__rosidl_typesupport_c.so" to ""
[2.541s] -- Installing: /home/students/workspace/install/custom_message/lib/libcustom_message__rosidl_typesupport_introspection_cpp.so
[2.541s] -- Set runtime path of "/home/students/workspace/install/custom_message/lib/libcustom_message__rosidl_typesupport_introspection_cpp.so" to ""
[2.541s] -- Installing: /home/students/workspace/install/custom_message/lib/libcustom_message__rosidl_typesupport_cpp.so
[2.541s] -- Set runtime path of "/home/students/workspace/install/custom_message/lib/libcustom_message__rosidl_typesupport_cpp.so" to ""
[2.564s] Listing '/home/students/workspace/install/custom_message/local/lib/python3.10/dist-packages/custom_message'...
[2.564s] Compiling '/home/students/workspace/install/custom_message/local/lib/python3.10/dist-packages/custom_message/__init__.py'...
[2.564s] Listing '/home/students/workspace/install/custom_message/local/lib/python3.10/dist-packages/custom_message/msg'...
[2.564s] Compiling '/home/students/workspace/install/custom_message/local/lib/python3.10/dist-packages/custom_message/msg/__init__.py'...
[2.564s] Compiling '/home/students/workspace/install/custom_message/local/lib/python3.10/dist-packages/custom_message/msg/_sample_msg.py'...
[2.567s] -- Installing: /home/students/workspace/install/custom_message/lib/libcustom_message__rosidl_generator_py.so
[2.567s] -- Set runtime path of "/home/students/workspace/install/custom_message/lib/libcustom_message__rosidl_generator_py.so" to ""
[2.567s] -- Installing: /home/students/workspace/install/custom_message/share/custom_message/cmake/export_custom_message__rosidl_generator_cExport.cmake
[2.568s] -- Installing: /home/students/workspace/install/custom_message/share/custom_message/cmake/export_custom_message__rosidl_generator_cExport-noconfig.cmake
[2.568s] -- Installing: /home/students/workspace/install/custom_message/share/custom_message/cmake/export_custom_message__rosidl_typesupport_fastrtps_cExport.cmake
[2.568s] -- Installing: /home/students/workspace/install/custom_message/share/custom_message/cmake/export_custom_message__rosidl_typesupport_fastrtps_cExport-noconfig.cmake
[2.568s] -- Installing: /home/students/workspace/install/custom_message/share/custom_message/cmake/export_custom_message__rosidl_generator_cppExport.cmake
[2.568s] -- Installing: /home/students/workspace/install/custom_message/share/custom_message/cmake/export_custom_message__rosidl_typesupport_fastrtps_cppExport.cmake
[2.568s] -- Installing: /home/students/workspace/install/custom_message/share/custom_message/cmake/export_custom_message__rosidl_typesupport_fastrtps_cppExport-noconfig.cmake
[2.568s] -- Installing: /home/students/workspace/install/custom_message/share/custom_message/cmake/custom_message__rosidl_typesupport_introspection_cExport.cmake
[2.568s] -- Installing: /home/students/workspace/install/custom_message/share/custom_message/cmake/custom_message__rosidl_typesupport_introspection_cExport-noconfig.cmake
[2.568s] -- Installing: /home/students/workspace/install/custom_message/share/custom_message/cmake/custom_message__rosidl_typesupport_cExport.cmake
[2.568s] -- Installing: /home/students/workspace/install/custom_message/share/custom_message/cmake/custom_message__rosidl_typesupport_cExport-noconfig.cmake
[2.568s] -- Installing: /home/students/workspace/install/custom_message/share/custom_message/cmake/custom_message__rosidl_typesupport_introspection_cppExport.cmake
[2.569s] -- Installing: /home/students/workspace/install/custom_message/share/custom_message/cmake/custom_message__rosidl_typesupport_introspection_cppExport-noconfig.cmake
[2.569s] -- Installing: /home/students/workspace/install/custom_message/share/custom_message/cmake/custom_message__rosidl_typesupport_cppExport.cmake
[2.569s] -- Installing: /home/students/workspace/install/custom_message/share/custom_message/cmake/custom_message__rosidl_typesupport_cppExport-noconfig.cmake
[2.569s] -- Installing: /home/students/workspace/install/custom_message/share/custom_message/cmake/export_custom_message__rosidl_generator_pyExport.cmake
[2.569s] -- Installing: /home/students/workspace/install/custom_message/share/custom_message/cmake/export_custom_message__rosidl_generator_pyExport-noconfig.cmake
[2.571s] Invoked command in '/home/students/workspace/build/custom_message' returned '0': CMAKE_PREFIX_PATH=${CMAKE_PREFIX_PATH}:/home/students/workspace/install/isaacsim_bringup:/home/students/workspace/install/isaac_ros_navigation_goal:/home/students/workspace/install/isaac_moveit:/home/students/workspace/install/isaac_compressed_image_decoder:/home/students/workspace/install/h1_fullbody_controller:/home/students/workspace/install/cmdvel_to_ackermann:/opt/ros/humble /usr/bin/cmake --install /home/students/workspace/build/custom_message
