-- Found ament_cmake: 1.3.14 (/opt/ros/humble/share/ament_cmake/cmake)
-- Override CMake install command with custom implementation using symlinks instead of copying resources
-- Found rclcpp: 16.0.19 (/opt/ros/humble/share/rclcpp/cmake)
-- Found rosidl_generator_c: 3.1.9 (/opt/ros/humble/share/rosidl_generator_c/cmake)
-- Found rosidl_adapter: 3.1.9 (/opt/ros/humble/share/rosidl_adapter/cmake)
-- Found rosidl_generator_cpp: 3.1.9 (/opt/ros/humble/share/rosidl_generator_cpp/cmake)
-- Using all available rosidl_typesupport_c: rosidl_typesupport_fastrtps_c;rosidl_typesupport_introspection_c
-- Using all available rosidl_typesupport_cpp: rosidl_typesupport_fastrtps_cpp;rosidl_typesupport_introspection_cpp
-- Found rmw_implementation_cmake: 6.1.2 (/opt/ros/humble/share/rmw_implementation_cmake/cmake)
-- Found rmw_fastrtps_cpp: 6.2.10 (/opt/ros/humble/share/rmw_fastrtps_cpp/cmake)
-- Using RMW implementation 'rmw_fastrtps_cpp' as default
-- Found nav2_behavior_tree: 1.1.20 (/opt/ros/humble/share/nav2_behavior_tree/cmake)
-- Found eigen3_cmake_module: 0.1.1 (/opt/ros/humble/share/eigen3_cmake_module/cmake)
-- Ensuring Eigen3 include directory is part of orocos-kdl CMake target
-- Found pluginlib: 5.1.4 (/opt/ros/humble/share/pluginlib/cmake)
-- Found ament_lint_auto: 0.12.15 (/opt/ros/humble/share/ament_lint_auto/cmake)
-- Added test 'cppcheck' to perform static code analysis on C / C++ code
-- Configured cppcheck include dirs: /home/ciderlab-server3/workspace/2026_industry_cowork/IsaacSim-ros_workspaces/humble_ws/src/custom_nav2_bt_plugins/include
-- Configured cppcheck exclude dirs and/or files: 
-- Added test 'flake8' to check Python code syntax and style conventions
-- Added test 'lint_cmake' to check CMake code style
-- Added test 'pep257' to check Python code against some of the docstring style conventions in PEP 257
-- Added test 'uncrustify' to check C / C++ code style
-- Configured uncrustify additional arguments: 
-- Added test 'xmllint' to check XML markup files
-- Configuring done
-- Generating done
-- Build files have been written to: /home/ciderlab-server3/workspace/2026_industry_cowork/IsaacSim-ros_workspaces/humble_ws/build/custom_nav2_bt_plugins
[35m[1mConsolidate compiler generated dependencies of target custom_movable_obstacle_localizers[0m
[35m[1mConsolidate compiler generated dependencies of target custom_wait_for_obstacle_clearance_action_bt_node[0m
[35m[1mConsolidate compiler generated dependencies of target custom_is_movable_obstacle_detected_condition_bt_node[0m
[35m[1mConsolidate compiler generated dependencies of target rgbd_obstacle_localizer[0m
[ 16%] [32mBuilding CXX object CMakeFiles/custom_capture_initial_path_action_bt_node.dir/src/capture_initial_path_action.cpp.o[0m
[ 16%] [32mBuilding CXX object CMakeFiles/custom_approach_obstacle_normal_action_bt_node.dir/src/approach_obstacle_normal_action.cpp.o[0m
[ 25%] [32m[1mLinking CXX shared library libcustom_is_movable_obstacle_detected_condition_bt_node.so[0m
[ 33%] [32m[1mLinking CXX shared library libcustom_wait_for_obstacle_clearance_action_bt_node.so[0m
[ 41%] [32m[1mLinking CXX executable rgbd_obstacle_localizer[0m
[ 50%] [32m[1mLinking CXX shared library libcustom_movable_obstacle_localizers.so[0m
[ 58%] Built target custom_movable_obstacle_localizers
[ 66%] Built target custom_is_movable_obstacle_detected_condition_bt_node
[ 75%] Built target custom_wait_for_obstacle_clearance_action_bt_node
[ 83%] Built target rgbd_obstacle_localizer
[ 91%] [32m[1mLinking CXX shared library libcustom_capture_initial_path_action_bt_node.so[0m
[ 91%] Built target custom_capture_initial_path_action_bt_node
[100%] [32m[1mLinking CXX shared library libcustom_approach_obstacle_normal_action_bt_node.so[0m
[100%] Built target custom_approach_obstacle_normal_action_bt_node
