[0.527s] DEBUG:colcon:Command line arguments: ['/usr/bin/colcon', 'build', '--packages-select', 'perception_interfaces', 'perception_pkg']
[0.527s] DEBUG:colcon:Parsed command line arguments: Namespace(log_base=None, log_level=None, verb_name='build', build_base='build', install_base='install', merge_install=False, symlink_install=False, test_result_base=None, continue_on_error=False, executor='parallel', parallel_workers=18, event_handlers=None, ignore_user_meta=False, metas=['./colcon.meta'], base_paths=['.'], packages_ignore=None, packages_ignore_regex=None, paths=None, packages_up_to=None, packages_up_to_regex=None, packages_above=None, packages_above_and_dependencies=None, packages_above_depth=None, packages_select_by_dep=None, packages_skip_by_dep=None, packages_skip_up_to=None, packages_select_build_failed=False, packages_skip_build_finished=False, packages_select_test_failures=False, packages_skip_test_passed=False, packages_select=['perception_interfaces', 'perception_pkg'], packages_skip=None, packages_select_regex=None, packages_skip_regex=None, packages_start=None, packages_end=None, allow_overriding=[], cmake_args=None, cmake_target=None, cmake_target_skip_unavailable=False, cmake_clean_cache=False, cmake_clean_first=False, cmake_force_configure=False, ament_cmake_args=None, catkin_cmake_args=None, catkin_skip_building_tests=False, mixin_files=None, mixin=None, verb_parser=<colcon_mixin.mixin.mixin_argument.MixinArgumentDecorator object at 0x76801e555600>, verb_extension=<colcon_core.verb.build.BuildVerb object at 0x76801e672770>, main=<bound method BuildVerb.main of <colcon_core.verb.build.BuildVerb object at 0x76801e672770>>, mixin_verb=('build',))
[0.846s] Level 1:colcon.colcon_core.package_discovery:discover_packages(colcon_meta) check parameters
[0.847s] Level 1:colcon.colcon_core.package_discovery:discover_packages(recursive) check parameters
[0.847s] Level 1:colcon.colcon_core.package_discovery:discover_packages(ignore) check parameters
[0.847s] Level 1:colcon.colcon_core.package_discovery:discover_packages(path) check parameters
[0.847s] Level 1:colcon.colcon_core.package_discovery:discover_packages(colcon_meta) discover
[0.847s] Level 1:colcon.colcon_core.package_discovery:discover_packages(recursive) discover
[0.847s] INFO:colcon.colcon_core.package_discovery:Crawling recursively for packages in '/home/cofla/adaptive_manip_ws'
[0.847s] Level 1:colcon.colcon_core.package_identification:_identify(.) by extensions ['ignore', 'ignore_ament_install']
[0.847s] Level 1:colcon.colcon_core.package_identification:_identify(.) by extension 'ignore'
[0.847s] Level 1:colcon.colcon_core.package_identification:_identify(.) by extension 'ignore_ament_install'
[0.847s] Level 1:colcon.colcon_core.package_identification:_identify(.) by extensions ['colcon_pkg']
[0.847s] Level 1:colcon.colcon_core.package_identification:_identify(.) by extension 'colcon_pkg'
[0.847s] Level 1:colcon.colcon_core.package_identification:_identify(.) by extensions ['colcon_meta']
[0.847s] Level 1:colcon.colcon_core.package_identification:_identify(.) by extension 'colcon_meta'
[0.847s] Level 1:colcon.colcon_core.package_identification:_identify(.) by extensions ['ros']
[0.847s] Level 1:colcon.colcon_core.package_identification:_identify(.) by extension 'ros'
[0.857s] Level 1:colcon.colcon_core.package_identification:_identify(.) by extensions ['cmake', 'python']
[0.857s] Level 1:colcon.colcon_core.package_identification:_identify(.) by extension 'cmake'
[0.858s] Level 1:colcon.colcon_core.package_identification:_identify(.) by extension 'python'
[0.858s] Level 1:colcon.colcon_core.package_identification:_identify(.) by extensions ['python_setup_py']
[0.858s] Level 1:colcon.colcon_core.package_identification:_identify(.) by extension 'python_setup_py'
[0.858s] Level 1:colcon.colcon_core.package_identification:_identify(build) by extensions ['ignore', 'ignore_ament_install']
[0.858s] Level 1:colcon.colcon_core.package_identification:_identify(build) by extension 'ignore'
[0.858s] Level 1:colcon.colcon_core.package_identification:_identify(build) ignored
[0.858s] Level 1:colcon.colcon_core.package_identification:_identify(install) by extensions ['ignore', 'ignore_ament_install']
[0.858s] Level 1:colcon.colcon_core.package_identification:_identify(install) by extension 'ignore'
[0.858s] Level 1:colcon.colcon_core.package_identification:_identify(install) ignored
[0.858s] Level 1:colcon.colcon_core.package_identification:_identify(log) by extensions ['ignore', 'ignore_ament_install']
[0.858s] Level 1:colcon.colcon_core.package_identification:_identify(log) by extension 'ignore'
[0.858s] Level 1:colcon.colcon_core.package_identification:_identify(log) ignored
[0.858s] Level 1:colcon.colcon_core.package_identification:_identify(logs) by extensions ['ignore', 'ignore_ament_install']
[0.858s] Level 1:colcon.colcon_core.package_identification:_identify(logs) by extension 'ignore'
[0.858s] Level 1:colcon.colcon_core.package_identification:_identify(logs) by extension 'ignore_ament_install'
[0.858s] Level 1:colcon.colcon_core.package_identification:_identify(logs) by extensions ['colcon_pkg']
[0.858s] Level 1:colcon.colcon_core.package_identification:_identify(logs) by extension 'colcon_pkg'
[0.858s] Level 1:colcon.colcon_core.package_identification:_identify(logs) by extensions ['colcon_meta']
[0.858s] Level 1:colcon.colcon_core.package_identification:_identify(logs) by extension 'colcon_meta'
[0.858s] Level 1:colcon.colcon_core.package_identification:_identify(logs) by extensions ['ros']
[0.858s] Level 1:colcon.colcon_core.package_identification:_identify(logs) by extension 'ros'
[0.858s] Level 1:colcon.colcon_core.package_identification:_identify(logs) by extensions ['cmake', 'python']
[0.858s] Level 1:colcon.colcon_core.package_identification:_identify(logs) by extension 'cmake'
[0.858s] Level 1:colcon.colcon_core.package_identification:_identify(logs) by extension 'python'
[0.858s] Level 1:colcon.colcon_core.package_identification:_identify(logs) by extensions ['python_setup_py']
[0.858s] Level 1:colcon.colcon_core.package_identification:_identify(logs) by extension 'python_setup_py'
[0.858s] Level 1:colcon.colcon_core.package_identification:_identify(notes) by extensions ['ignore', 'ignore_ament_install']
[0.858s] Level 1:colcon.colcon_core.package_identification:_identify(notes) by extension 'ignore'
[0.858s] Level 1:colcon.colcon_core.package_identification:_identify(notes) by extension 'ignore_ament_install'
[0.858s] Level 1:colcon.colcon_core.package_identification:_identify(notes) by extensions ['colcon_pkg']
[0.858s] Level 1:colcon.colcon_core.package_identification:_identify(notes) by extension 'colcon_pkg'
[0.858s] Level 1:colcon.colcon_core.package_identification:_identify(notes) by extensions ['colcon_meta']
[0.858s] Level 1:colcon.colcon_core.package_identification:_identify(notes) by extension 'colcon_meta'
[0.859s] Level 1:colcon.colcon_core.package_identification:_identify(notes) by extensions ['ros']
[0.859s] Level 1:colcon.colcon_core.package_identification:_identify(notes) by extension 'ros'
[0.859s] Level 1:colcon.colcon_core.package_identification:_identify(notes) by extensions ['cmake', 'python']
[0.859s] Level 1:colcon.colcon_core.package_identification:_identify(notes) by extension 'cmake'
[0.859s] Level 1:colcon.colcon_core.package_identification:_identify(notes) by extension 'python'
[0.859s] Level 1:colcon.colcon_core.package_identification:_identify(notes) by extensions ['python_setup_py']
[0.859s] Level 1:colcon.colcon_core.package_identification:_identify(notes) by extension 'python_setup_py'
[0.859s] Level 1:colcon.colcon_core.package_identification:_identify(sample_data) by extensions ['ignore', 'ignore_ament_install']
[0.859s] Level 1:colcon.colcon_core.package_identification:_identify(sample_data) by extension 'ignore'
[0.859s] Level 1:colcon.colcon_core.package_identification:_identify(sample_data) by extension 'ignore_ament_install'
[0.859s] Level 1:colcon.colcon_core.package_identification:_identify(sample_data) by extensions ['colcon_pkg']
[0.859s] Level 1:colcon.colcon_core.package_identification:_identify(sample_data) by extension 'colcon_pkg'
[0.859s] Level 1:colcon.colcon_core.package_identification:_identify(sample_data) by extensions ['colcon_meta']
[0.859s] Level 1:colcon.colcon_core.package_identification:_identify(sample_data) by extension 'colcon_meta'
[0.859s] Level 1:colcon.colcon_core.package_identification:_identify(sample_data) by extensions ['ros']
[0.859s] Level 1:colcon.colcon_core.package_identification:_identify(sample_data) by extension 'ros'
[0.859s] Level 1:colcon.colcon_core.package_identification:_identify(sample_data) by extensions ['cmake', 'python']
[0.859s] Level 1:colcon.colcon_core.package_identification:_identify(sample_data) by extension 'cmake'
[0.859s] Level 1:colcon.colcon_core.package_identification:_identify(sample_data) by extension 'python'
[0.859s] Level 1:colcon.colcon_core.package_identification:_identify(sample_data) by extensions ['python_setup_py']
[0.859s] Level 1:colcon.colcon_core.package_identification:_identify(sample_data) by extension 'python_setup_py'
[0.859s] Level 1:colcon.colcon_core.package_identification:_identify(scripts) by extensions ['ignore', 'ignore_ament_install']
[0.859s] Level 1:colcon.colcon_core.package_identification:_identify(scripts) by extension 'ignore'
[0.859s] Level 1:colcon.colcon_core.package_identification:_identify(scripts) by extension 'ignore_ament_install'
[0.859s] Level 1:colcon.colcon_core.package_identification:_identify(scripts) by extensions ['colcon_pkg']
[0.859s] Level 1:colcon.colcon_core.package_identification:_identify(scripts) by extension 'colcon_pkg'
[0.859s] Level 1:colcon.colcon_core.package_identification:_identify(scripts) by extensions ['colcon_meta']
[0.859s] Level 1:colcon.colcon_core.package_identification:_identify(scripts) by extension 'colcon_meta'
[0.859s] Level 1:colcon.colcon_core.package_identification:_identify(scripts) by extensions ['ros']
[0.859s] Level 1:colcon.colcon_core.package_identification:_identify(scripts) by extension 'ros'
[0.859s] Level 1:colcon.colcon_core.package_identification:_identify(scripts) by extensions ['cmake', 'python']
[0.859s] Level 1:colcon.colcon_core.package_identification:_identify(scripts) by extension 'cmake'
[0.859s] Level 1:colcon.colcon_core.package_identification:_identify(scripts) by extension 'python'
[0.859s] Level 1:colcon.colcon_core.package_identification:_identify(scripts) by extensions ['python_setup_py']
[0.859s] Level 1:colcon.colcon_core.package_identification:_identify(scripts) by extension 'python_setup_py'
[0.859s] Level 1:colcon.colcon_core.package_identification:_identify(scripts/__pycache__) by extensions ['ignore', 'ignore_ament_install']
[0.859s] Level 1:colcon.colcon_core.package_identification:_identify(scripts/__pycache__) by extension 'ignore'
[0.859s] Level 1:colcon.colcon_core.package_identification:_identify(scripts/__pycache__) by extension 'ignore_ament_install'
[0.859s] Level 1:colcon.colcon_core.package_identification:_identify(scripts/__pycache__) by extensions ['colcon_pkg']
[0.859s] Level 1:colcon.colcon_core.package_identification:_identify(scripts/__pycache__) by extension 'colcon_pkg'
[0.859s] Level 1:colcon.colcon_core.package_identification:_identify(scripts/__pycache__) by extensions ['colcon_meta']
[0.859s] Level 1:colcon.colcon_core.package_identification:_identify(scripts/__pycache__) by extension 'colcon_meta'
[0.860s] Level 1:colcon.colcon_core.package_identification:_identify(scripts/__pycache__) by extensions ['ros']
[0.860s] Level 1:colcon.colcon_core.package_identification:_identify(scripts/__pycache__) by extension 'ros'
[0.860s] Level 1:colcon.colcon_core.package_identification:_identify(scripts/__pycache__) by extensions ['cmake', 'python']
[0.860s] Level 1:colcon.colcon_core.package_identification:_identify(scripts/__pycache__) by extension 'cmake'
[0.860s] Level 1:colcon.colcon_core.package_identification:_identify(scripts/__pycache__) by extension 'python'
[0.860s] Level 1:colcon.colcon_core.package_identification:_identify(scripts/__pycache__) by extensions ['python_setup_py']
[0.860s] Level 1:colcon.colcon_core.package_identification:_identify(scripts/__pycache__) by extension 'python_setup_py'
[0.860s] Level 1:colcon.colcon_core.package_identification:_identify(src) by extensions ['ignore', 'ignore_ament_install']
[0.860s] Level 1:colcon.colcon_core.package_identification:_identify(src) by extension 'ignore'
[0.860s] Level 1:colcon.colcon_core.package_identification:_identify(src) by extension 'ignore_ament_install'
[0.860s] Level 1:colcon.colcon_core.package_identification:_identify(src) by extensions ['colcon_pkg']
[0.860s] Level 1:colcon.colcon_core.package_identification:_identify(src) by extension 'colcon_pkg'
[0.860s] Level 1:colcon.colcon_core.package_identification:_identify(src) by extensions ['colcon_meta']
[0.860s] Level 1:colcon.colcon_core.package_identification:_identify(src) by extension 'colcon_meta'
[0.860s] Level 1:colcon.colcon_core.package_identification:_identify(src) by extensions ['ros']
[0.860s] Level 1:colcon.colcon_core.package_identification:_identify(src) by extension 'ros'
[0.860s] Level 1:colcon.colcon_core.package_identification:_identify(src) by extensions ['cmake', 'python']
[0.860s] Level 1:colcon.colcon_core.package_identification:_identify(src) by extension 'cmake'
[0.860s] Level 1:colcon.colcon_core.package_identification:_identify(src) by extension 'python'
[0.860s] Level 1:colcon.colcon_core.package_identification:_identify(src) by extensions ['python_setup_py']
[0.860s] Level 1:colcon.colcon_core.package_identification:_identify(src) by extension 'python_setup_py'
[0.860s] Level 1:colcon.colcon_core.package_identification:_identify(src/perception_interfaces) by extensions ['ignore', 'ignore_ament_install']
[0.860s] Level 1:colcon.colcon_core.package_identification:_identify(src/perception_interfaces) by extension 'ignore'
[0.860s] Level 1:colcon.colcon_core.package_identification:_identify(src/perception_interfaces) by extension 'ignore_ament_install'
[0.860s] Level 1:colcon.colcon_core.package_identification:_identify(src/perception_interfaces) by extensions ['colcon_pkg']
[0.860s] Level 1:colcon.colcon_core.package_identification:_identify(src/perception_interfaces) by extension 'colcon_pkg'
[0.860s] Level 1:colcon.colcon_core.package_identification:_identify(src/perception_interfaces) by extensions ['colcon_meta']
[0.860s] Level 1:colcon.colcon_core.package_identification:_identify(src/perception_interfaces) by extension 'colcon_meta'
[0.860s] Level 1:colcon.colcon_core.package_identification:_identify(src/perception_interfaces) by extensions ['ros']
[0.860s] Level 1:colcon.colcon_core.package_identification:_identify(src/perception_interfaces) by extension 'ros'
[0.863s] DEBUG:colcon.colcon_core.package_identification:Package 'src/perception_interfaces' with type 'ros.ament_cmake' and name 'perception_interfaces'
[0.863s] Level 1:colcon.colcon_core.package_identification:_identify(src/perception_pkg) by extensions ['ignore', 'ignore_ament_install']
[0.863s] Level 1:colcon.colcon_core.package_identification:_identify(src/perception_pkg) by extension 'ignore'
[0.863s] Level 1:colcon.colcon_core.package_identification:_identify(src/perception_pkg) by extension 'ignore_ament_install'
[0.863s] Level 1:colcon.colcon_core.package_identification:_identify(src/perception_pkg) by extensions ['colcon_pkg']
[0.863s] Level 1:colcon.colcon_core.package_identification:_identify(src/perception_pkg) by extension 'colcon_pkg'
[0.863s] Level 1:colcon.colcon_core.package_identification:_identify(src/perception_pkg) by extensions ['colcon_meta']
[0.863s] Level 1:colcon.colcon_core.package_identification:_identify(src/perception_pkg) by extension 'colcon_meta'
[0.863s] Level 1:colcon.colcon_core.package_identification:_identify(src/perception_pkg) by extensions ['ros']
[0.863s] Level 1:colcon.colcon_core.package_identification:_identify(src/perception_pkg) by extension 'ros'
[0.864s] DEBUG:colcon.colcon_core.package_identification:Package 'src/perception_pkg' with type 'ros.ament_python' and name 'perception_pkg'
[0.864s] Level 1:colcon.colcon_core.package_discovery:discover_packages(recursive) using defaults
[0.864s] Level 1:colcon.colcon_core.package_discovery:discover_packages(ignore) discover
[0.864s] Level 1:colcon.colcon_core.package_discovery:discover_packages(ignore) using defaults
[0.864s] Level 1:colcon.colcon_core.package_discovery:discover_packages(path) discover
[0.864s] Level 1:colcon.colcon_core.package_discovery:discover_packages(path) using defaults
[0.895s] Level 1:colcon.colcon_core.package_discovery:discover_packages(prefix_path) check parameters
[0.895s] Level 1:colcon.colcon_core.package_discovery:discover_packages(prefix_path) discover
[0.898s] DEBUG:colcon.colcon_installed_package_information.package_discovery:Found 273 installed packages in /opt/ros/humble
[0.899s] Level 1:colcon.colcon_core.package_discovery:discover_packages(prefix_path) using defaults
[0.924s] Level 5:colcon.colcon_core.verb:set package 'perception_interfaces' build argument 'cmake_args' from command line to 'None'
[0.924s] Level 5:colcon.colcon_core.verb:set package 'perception_interfaces' build argument 'cmake_target' from command line to 'None'
[0.924s] Level 5:colcon.colcon_core.verb:set package 'perception_interfaces' build argument 'cmake_target_skip_unavailable' from command line to 'False'
[0.924s] Level 5:colcon.colcon_core.verb:set package 'perception_interfaces' build argument 'cmake_clean_cache' from command line to 'False'
[0.924s] Level 5:colcon.colcon_core.verb:set package 'perception_interfaces' build argument 'cmake_clean_first' from command line to 'False'
[0.924s] Level 5:colcon.colcon_core.verb:set package 'perception_interfaces' build argument 'cmake_force_configure' from command line to 'False'
[0.924s] Level 5:colcon.colcon_core.verb:set package 'perception_interfaces' build argument 'ament_cmake_args' from command line to 'None'
[0.924s] Level 5:colcon.colcon_core.verb:set package 'perception_interfaces' build argument 'catkin_cmake_args' from command line to 'None'
[0.924s] Level 5:colcon.colcon_core.verb:set package 'perception_interfaces' build argument 'catkin_skip_building_tests' from command line to 'False'
[0.924s] DEBUG:colcon.colcon_core.verb:Building package 'perception_interfaces' with the following arguments: {'ament_cmake_args': None, 'build_base': '/home/cofla/adaptive_manip_ws/build/perception_interfaces', 'catkin_cmake_args': None, 'catkin_skip_building_tests': False, 'cmake_args': None, 'cmake_clean_cache': False, 'cmake_clean_first': False, 'cmake_force_configure': False, 'cmake_target': None, 'cmake_target_skip_unavailable': False, 'install_base': '/home/cofla/adaptive_manip_ws/install/perception_interfaces', 'merge_install': False, 'path': '/home/cofla/adaptive_manip_ws/src/perception_interfaces', 'symlink_install': False, 'test_result_base': None}
[0.924s] Level 5:colcon.colcon_core.verb:set package 'perception_pkg' build argument 'cmake_args' from command line to 'None'
[0.924s] Level 5:colcon.colcon_core.verb:set package 'perception_pkg' build argument 'cmake_target' from command line to 'None'
[0.924s] Level 5:colcon.colcon_core.verb:set package 'perception_pkg' build argument 'cmake_target_skip_unavailable' from command line to 'False'
[0.924s] Level 5:colcon.colcon_core.verb:set package 'perception_pkg' build argument 'cmake_clean_cache' from command line to 'False'
[0.924s] Level 5:colcon.colcon_core.verb:set package 'perception_pkg' build argument 'cmake_clean_first' from command line to 'False'
[0.924s] Level 5:colcon.colcon_core.verb:set package 'perception_pkg' build argument 'cmake_force_configure' from command line to 'False'
[0.924s] Level 5:colcon.colcon_core.verb:set package 'perception_pkg' build argument 'ament_cmake_args' from command line to 'None'
[0.924s] Level 5:colcon.colcon_core.verb:set package 'perception_pkg' build argument 'catkin_cmake_args' from command line to 'None'
[0.924s] Level 5:colcon.colcon_core.verb:set package 'perception_pkg' build argument 'catkin_skip_building_tests' from command line to 'False'
[0.924s] DEBUG:colcon.colcon_core.verb:Building package 'perception_pkg' with the following arguments: {'ament_cmake_args': None, 'build_base': '/home/cofla/adaptive_manip_ws/build/perception_pkg', 'catkin_cmake_args': None, 'catkin_skip_building_tests': False, 'cmake_args': None, 'cmake_clean_cache': False, 'cmake_clean_first': False, 'cmake_force_configure': False, 'cmake_target': None, 'cmake_target_skip_unavailable': False, 'install_base': '/home/cofla/adaptive_manip_ws/install/perception_pkg', 'merge_install': False, 'path': '/home/cofla/adaptive_manip_ws/src/perception_pkg', 'symlink_install': False, 'test_result_base': None}
[0.924s] INFO:colcon.colcon_core.executor:Executing jobs using 'parallel' executor
[0.925s] DEBUG:colcon.colcon_parallel_executor.executor.parallel:run_until_complete
[0.925s] INFO:colcon.colcon_ros.task.ament_cmake.build:Building ROS package in '/home/cofla/adaptive_manip_ws/src/perception_interfaces' with build type 'ament_cmake'
[0.926s] INFO:colcon.colcon_cmake.task.cmake.build:Building CMake package in '/home/cofla/adaptive_manip_ws/src/perception_interfaces'
[0.931s] INFO:colcon.colcon_core.plugin_system:Skipping extension 'colcon_core.shell.bat': Not used on non-Windows systems
[0.931s] INFO:colcon.colcon_core.shell:Skip shell extension 'powershell' for command environment: Not usable outside of PowerShell
[0.931s] DEBUG:colcon.colcon_core.shell:Skip shell extension 'dsv' for command environment
[0.937s] DEBUG:colcon.colcon_core.event_handler.log_command:Invoking command in '/home/cofla/adaptive_manip_ws/build/perception_interfaces': CMAKE_PREFIX_PATH=/opt/ros/humble /usr/bin/cmake /home/cofla/adaptive_manip_ws/src/perception_interfaces -DCMAKE_INSTALL_PREFIX=/home/cofla/adaptive_manip_ws/install/perception_interfaces
[3.631s] DEBUG:colcon.colcon_core.event_handler.log_command:Invoked command in '/home/cofla/adaptive_manip_ws/build/perception_interfaces' returned '0': CMAKE_PREFIX_PATH=/opt/ros/humble /usr/bin/cmake /home/cofla/adaptive_manip_ws/src/perception_interfaces -DCMAKE_INSTALL_PREFIX=/home/cofla/adaptive_manip_ws/install/perception_interfaces
[3.632s] DEBUG:colcon.colcon_core.event_handler.log_command:Invoking command in '/home/cofla/adaptive_manip_ws/build/perception_interfaces': CMAKE_PREFIX_PATH=/opt/ros/humble /usr/bin/cmake --build /home/cofla/adaptive_manip_ws/build/perception_interfaces -- -j18 -l18
[6.090s] DEBUG:colcon.colcon_core.event_handler.log_command:Invoked command in '/home/cofla/adaptive_manip_ws/build/perception_interfaces' returned '0': CMAKE_PREFIX_PATH=/opt/ros/humble /usr/bin/cmake --build /home/cofla/adaptive_manip_ws/build/perception_interfaces -- -j18 -l18
[6.096s] DEBUG:colcon.colcon_core.event_handler.log_command:Invoking command in '/home/cofla/adaptive_manip_ws/build/perception_interfaces': CMAKE_PREFIX_PATH=/opt/ros/humble /usr/bin/cmake --install /home/cofla/adaptive_manip_ws/build/perception_interfaces
[6.166s] Level 1:colcon.colcon_core.environment:create_environment_scripts_only(perception_interfaces)
[6.166s] DEBUG:colcon.colcon_core.event_handler.log_command:Invoked command in '/home/cofla/adaptive_manip_ws/build/perception_interfaces' returned '0': CMAKE_PREFIX_PATH=/opt/ros/humble /usr/bin/cmake --install /home/cofla/adaptive_manip_ws/build/perception_interfaces
[6.173s] Level 1:colcon.colcon_core.environment:checking '/home/cofla/adaptive_manip_ws/install/perception_interfaces' for CMake module files
[6.174s] Level 1:colcon.colcon_core.environment:checking '/home/cofla/adaptive_manip_ws/install/perception_interfaces' for CMake config files
[6.174s] Level 1:colcon.colcon_core.shell:create_environment_hook('perception_interfaces', 'cmake_prefix_path')
[6.174s] INFO:colcon.colcon_core.shell:Creating environment hook '/home/cofla/adaptive_manip_ws/install/perception_interfaces/share/perception_interfaces/hook/cmake_prefix_path.ps1'
[6.175s] INFO:colcon.colcon_core.shell:Creating environment descriptor '/home/cofla/adaptive_manip_ws/install/perception_interfaces/share/perception_interfaces/hook/cmake_prefix_path.dsv'
[6.176s] INFO:colcon.colcon_core.shell:Creating environment hook '/home/cofla/adaptive_manip_ws/install/perception_interfaces/share/perception_interfaces/hook/cmake_prefix_path.sh'
[6.177s] Level 1:colcon.colcon_core.environment:checking '/home/cofla/adaptive_manip_ws/install/perception_interfaces/lib'
[6.177s] Level 1:colcon.colcon_core.shell:create_environment_hook('perception_interfaces', 'ld_library_path_lib')
[6.177s] INFO:colcon.colcon_core.shell:Creating environment hook '/home/cofla/adaptive_manip_ws/install/perception_interfaces/share/perception_interfaces/hook/ld_library_path_lib.ps1'
[6.178s] INFO:colcon.colcon_core.shell:Creating environment descriptor '/home/cofla/adaptive_manip_ws/install/perception_interfaces/share/perception_interfaces/hook/ld_library_path_lib.dsv'
[6.178s] INFO:colcon.colcon_core.shell:Creating environment hook '/home/cofla/adaptive_manip_ws/install/perception_interfaces/share/perception_interfaces/hook/ld_library_path_lib.sh'
[6.178s] Level 1:colcon.colcon_core.environment:checking '/home/cofla/adaptive_manip_ws/install/perception_interfaces/bin'
[6.178s] Level 1:colcon.colcon_core.environment:checking '/home/cofla/adaptive_manip_ws/install/perception_interfaces/lib/pkgconfig/perception_interfaces.pc'
[6.178s] Level 1:colcon.colcon_core.environment:checking '/home/cofla/adaptive_manip_ws/install/perception_interfaces/lib/python3.10/site-packages'
[6.179s] Level 1:colcon.colcon_core.environment:checking '/home/cofla/adaptive_manip_ws/install/perception_interfaces/bin'
[6.179s] INFO:colcon.colcon_core.shell:Creating package script '/home/cofla/adaptive_manip_ws/install/perception_interfaces/share/perception_interfaces/package.ps1'
[6.180s] INFO:colcon.colcon_core.shell:Creating package descriptor '/home/cofla/adaptive_manip_ws/install/perception_interfaces/share/perception_interfaces/package.dsv'
[6.181s] INFO:colcon.colcon_core.shell:Creating package script '/home/cofla/adaptive_manip_ws/install/perception_interfaces/share/perception_interfaces/package.sh'
[6.182s] INFO:colcon.colcon_core.shell:Creating package script '/home/cofla/adaptive_manip_ws/install/perception_interfaces/share/perception_interfaces/package.bash'
[6.183s] INFO:colcon.colcon_core.shell:Creating package script '/home/cofla/adaptive_manip_ws/install/perception_interfaces/share/perception_interfaces/package.zsh'
[6.183s] Level 1:colcon.colcon_core.environment:create_file_with_runtime_dependencies(/home/cofla/adaptive_manip_ws/install/perception_interfaces/share/colcon-core/packages/perception_interfaces)
[6.184s] Level 1:colcon.colcon_core.environment:create_environment_scripts_only(perception_interfaces)
[6.184s] Level 1:colcon.colcon_core.environment:checking '/home/cofla/adaptive_manip_ws/install/perception_interfaces' for CMake module files
[6.185s] Level 1:colcon.colcon_core.environment:checking '/home/cofla/adaptive_manip_ws/install/perception_interfaces' for CMake config files
[6.185s] Level 1:colcon.colcon_core.shell:create_environment_hook('perception_interfaces', 'cmake_prefix_path')
[6.185s] INFO:colcon.colcon_core.shell:Creating environment hook '/home/cofla/adaptive_manip_ws/install/perception_interfaces/share/perception_interfaces/hook/cmake_prefix_path.ps1'
[6.185s] INFO:colcon.colcon_core.shell:Creating environment descriptor '/home/cofla/adaptive_manip_ws/install/perception_interfaces/share/perception_interfaces/hook/cmake_prefix_path.dsv'
[6.186s] INFO:colcon.colcon_core.shell:Creating environment hook '/home/cofla/adaptive_manip_ws/install/perception_interfaces/share/perception_interfaces/hook/cmake_prefix_path.sh'
[6.186s] Level 1:colcon.colcon_core.environment:checking '/home/cofla/adaptive_manip_ws/install/perception_interfaces/lib'
[6.186s] Level 1:colcon.colcon_core.shell:create_environment_hook('perception_interfaces', 'ld_library_path_lib')
[6.186s] INFO:colcon.colcon_core.shell:Creating environment hook '/home/cofla/adaptive_manip_ws/install/perception_interfaces/share/perception_interfaces/hook/ld_library_path_lib.ps1'
[6.187s] INFO:colcon.colcon_core.shell:Creating environment descriptor '/home/cofla/adaptive_manip_ws/install/perception_interfaces/share/perception_interfaces/hook/ld_library_path_lib.dsv'
[6.187s] INFO:colcon.colcon_core.shell:Creating environment hook '/home/cofla/adaptive_manip_ws/install/perception_interfaces/share/perception_interfaces/hook/ld_library_path_lib.sh'
[6.188s] Level 1:colcon.colcon_core.environment:checking '/home/cofla/adaptive_manip_ws/install/perception_interfaces/bin'
[6.188s] Level 1:colcon.colcon_core.environment:checking '/home/cofla/adaptive_manip_ws/install/perception_interfaces/lib/pkgconfig/perception_interfaces.pc'
[6.188s] Level 1:colcon.colcon_core.environment:checking '/home/cofla/adaptive_manip_ws/install/perception_interfaces/lib/python3.10/site-packages'
[6.189s] Level 1:colcon.colcon_core.environment:checking '/home/cofla/adaptive_manip_ws/install/perception_interfaces/bin'
[6.189s] INFO:colcon.colcon_core.shell:Creating package script '/home/cofla/adaptive_manip_ws/install/perception_interfaces/share/perception_interfaces/package.ps1'
[6.189s] INFO:colcon.colcon_core.shell:Creating package descriptor '/home/cofla/adaptive_manip_ws/install/perception_interfaces/share/perception_interfaces/package.dsv'
[6.189s] INFO:colcon.colcon_core.shell:Creating package script '/home/cofla/adaptive_manip_ws/install/perception_interfaces/share/perception_interfaces/package.sh'
[6.190s] INFO:colcon.colcon_core.shell:Creating package script '/home/cofla/adaptive_manip_ws/install/perception_interfaces/share/perception_interfaces/package.bash'
[6.190s] INFO:colcon.colcon_core.shell:Creating package script '/home/cofla/adaptive_manip_ws/install/perception_interfaces/share/perception_interfaces/package.zsh'
[6.190s] Level 1:colcon.colcon_core.environment:create_file_with_runtime_dependencies(/home/cofla/adaptive_manip_ws/install/perception_interfaces/share/colcon-core/packages/perception_interfaces)
[6.191s] INFO:colcon.colcon_ros.task.ament_python.build:Building ROS package in '/home/cofla/adaptive_manip_ws/src/perception_pkg' with build type 'ament_python'
[6.191s] Level 1:colcon.colcon_core.shell:create_environment_hook('perception_pkg', 'ament_prefix_path')
[6.191s] INFO:colcon.colcon_core.shell:Creating environment hook '/home/cofla/adaptive_manip_ws/install/perception_pkg/share/perception_pkg/hook/ament_prefix_path.ps1'
[6.192s] INFO:colcon.colcon_core.shell:Creating environment descriptor '/home/cofla/adaptive_manip_ws/install/perception_pkg/share/perception_pkg/hook/ament_prefix_path.dsv'
[6.193s] INFO:colcon.colcon_core.shell:Creating environment hook '/home/cofla/adaptive_manip_ws/install/perception_pkg/share/perception_pkg/hook/ament_prefix_path.sh'
[6.193s] INFO:colcon.colcon_core.shell:Skip shell extension 'powershell' for command environment: Not usable outside of PowerShell
[6.193s] DEBUG:colcon.colcon_core.shell:Skip shell extension 'dsv' for command environment
[6.494s] INFO:colcon.colcon_core.task.python.build:Building Python package in '/home/cofla/adaptive_manip_ws/src/perception_pkg'
[6.495s] INFO:colcon.colcon_core.shell:Skip shell extension 'powershell' for command environment: Not usable outside of PowerShell
[6.495s] DEBUG:colcon.colcon_core.shell:Skip shell extension 'dsv' for command environment
[6.968s] DEBUG:colcon.colcon_core.task.python.build:Available setuptools commands: install_egg_info, build_scripts, bdist_rpm, build_py, egg_info, develop, compile_catalog, update_catalog, register, setopt, check, build_ext, saveopts, install_headers, bdist_dumb, sdist, upload_docs, install_data, rotate, easy_install, bdist, alias, build_clib, dist_info, bdist_egg, symlink_data, build, extract_messages, init_catalog, install, clean, upload, test, install_scripts, install_lib
[6.972s] DEBUG:colcon.colcon_core.event_handler.log_command:Invoking command in '/home/cofla/adaptive_manip_ws/src/perception_pkg': AMENT_PREFIX_PATH=/home/cofla/adaptive_manip_ws/install/perception_interfaces:${AMENT_PREFIX_PATH} CMAKE_PREFIX_PATH=/home/cofla/adaptive_manip_ws/install/perception_interfaces LD_LIBRARY_PATH=/home/cofla/adaptive_manip_ws/install/perception_interfaces/lib:${LD_LIBRARY_PATH} PYTHONPATH=/home/cofla/adaptive_manip_ws/build/perception_pkg/prefix_override:/usr/lib/python3/dist-packages/colcon_core/task/python/colcon_distutils_commands:/home/cofla/adaptive_manip_ws/install/perception_pkg/lib/python3.10/site-packages:/home/cofla/adaptive_manip_ws/install/perception_interfaces/local/lib/python3.10/dist-packages:${PYTHONPATH} /usr/bin/python3 -W ignore:setup.py install is deprecated -W ignore:easy_install command is deprecated setup.py egg_info --egg-base ../../build/perception_pkg build --build-base /home/cofla/adaptive_manip_ws/build/perception_pkg/build install --record /home/cofla/adaptive_manip_ws/build/perception_pkg/install.log --install-scripts $base/lib/perception_pkg --single-version-externally-managed install_data
[7.226s] Level 1:colcon.colcon_core.environment:checking '/home/cofla/adaptive_manip_ws/install/perception_pkg' for CMake module files
[7.227s] DEBUG:colcon.colcon_core.event_handler.log_command:Invoked command in '/home/cofla/adaptive_manip_ws/src/perception_pkg' returned '0': AMENT_PREFIX_PATH=/home/cofla/adaptive_manip_ws/install/perception_interfaces:${AMENT_PREFIX_PATH} CMAKE_PREFIX_PATH=/home/cofla/adaptive_manip_ws/install/perception_interfaces LD_LIBRARY_PATH=/home/cofla/adaptive_manip_ws/install/perception_interfaces/lib:${LD_LIBRARY_PATH} PYTHONPATH=/home/cofla/adaptive_manip_ws/build/perception_pkg/prefix_override:/usr/lib/python3/dist-packages/colcon_core/task/python/colcon_distutils_commands:/home/cofla/adaptive_manip_ws/install/perception_pkg/lib/python3.10/site-packages:/home/cofla/adaptive_manip_ws/install/perception_interfaces/local/lib/python3.10/dist-packages:${PYTHONPATH} /usr/bin/python3 -W ignore:setup.py install is deprecated -W ignore:easy_install command is deprecated setup.py egg_info --egg-base ../../build/perception_pkg build --build-base /home/cofla/adaptive_manip_ws/build/perception_pkg/build install --record /home/cofla/adaptive_manip_ws/build/perception_pkg/install.log --install-scripts $base/lib/perception_pkg --single-version-externally-managed install_data
[7.227s] Level 1:colcon.colcon_core.environment:checking '/home/cofla/adaptive_manip_ws/install/perception_pkg' for CMake config files
[7.227s] Level 1:colcon.colcon_core.environment:checking '/home/cofla/adaptive_manip_ws/install/perception_pkg/lib'
[7.227s] Level 1:colcon.colcon_core.environment:checking '/home/cofla/adaptive_manip_ws/install/perception_pkg/bin'
[7.228s] Level 1:colcon.colcon_core.environment:checking '/home/cofla/adaptive_manip_ws/install/perception_pkg/lib/pkgconfig/perception_pkg.pc'
[7.228s] Level 1:colcon.colcon_core.environment:checking '/home/cofla/adaptive_manip_ws/install/perception_pkg/lib/python3.10/site-packages'
[7.228s] Level 1:colcon.colcon_core.shell:create_environment_hook('perception_pkg', 'pythonpath')
[7.228s] INFO:colcon.colcon_core.shell:Creating environment hook '/home/cofla/adaptive_manip_ws/install/perception_pkg/share/perception_pkg/hook/pythonpath.ps1'
[7.228s] INFO:colcon.colcon_core.shell:Creating environment descriptor '/home/cofla/adaptive_manip_ws/install/perception_pkg/share/perception_pkg/hook/pythonpath.dsv'
[7.229s] INFO:colcon.colcon_core.shell:Creating environment hook '/home/cofla/adaptive_manip_ws/install/perception_pkg/share/perception_pkg/hook/pythonpath.sh'
[7.229s] Level 1:colcon.colcon_core.environment:checking '/home/cofla/adaptive_manip_ws/install/perception_pkg/bin'
[7.229s] Level 1:colcon.colcon_core.environment:create_environment_scripts_only(perception_pkg)
[7.230s] INFO:colcon.colcon_core.shell:Creating package script '/home/cofla/adaptive_manip_ws/install/perception_pkg/share/perception_pkg/package.ps1'
[7.230s] INFO:colcon.colcon_core.shell:Creating package descriptor '/home/cofla/adaptive_manip_ws/install/perception_pkg/share/perception_pkg/package.dsv'
[7.230s] INFO:colcon.colcon_core.shell:Creating package script '/home/cofla/adaptive_manip_ws/install/perception_pkg/share/perception_pkg/package.sh'
[7.231s] INFO:colcon.colcon_core.shell:Creating package script '/home/cofla/adaptive_manip_ws/install/perception_pkg/share/perception_pkg/package.bash'
[7.231s] INFO:colcon.colcon_core.shell:Creating package script '/home/cofla/adaptive_manip_ws/install/perception_pkg/share/perception_pkg/package.zsh'
[7.231s] Level 1:colcon.colcon_core.environment:create_file_with_runtime_dependencies(/home/cofla/adaptive_manip_ws/install/perception_pkg/share/colcon-core/packages/perception_pkg)
[7.232s] DEBUG:colcon.colcon_parallel_executor.executor.parallel:closing loop
[7.233s] DEBUG:colcon.colcon_parallel_executor.executor.parallel:loop closed
[7.233s] DEBUG:colcon.colcon_parallel_executor.executor.parallel:run_until_complete finished with '0'
[7.233s] DEBUG:colcon.colcon_core.event_reactor:joining thread
[7.267s] INFO:colcon.colcon_core.plugin_system:Skipping extension 'colcon_notification.desktop_notification.notify_send': Could not find 'notify-send'
[7.268s] INFO:colcon.colcon_core.plugin_system:Skipping extension 'colcon_notification.desktop_notification.terminal_notifier': Not used on non-Darwin systems
[7.268s] INFO:colcon.colcon_core.plugin_system:Skipping extension 'colcon_notification.desktop_notification.win32': Not used on non-Windows systems
[7.268s] INFO:colcon.colcon_notification.desktop_notification:Sending desktop notification using 'notify2'
[7.268s] DEBUG:colcon.colcon_notification.desktop_notification.notify2:Failed to initialize notify2: org.freedesktop.DBus.Error.FileNotFound: Failed to connect to socket /run/user/1000/bus: No such file or directory
[7.268s] DEBUG:colcon.colcon_core.event_reactor:joined thread
[7.268s] INFO:colcon.colcon_core.shell:Creating prefix script '/home/cofla/adaptive_manip_ws/install/local_setup.ps1'
[7.270s] INFO:colcon.colcon_core.shell:Creating prefix util module '/home/cofla/adaptive_manip_ws/install/_local_setup_util_ps1.py'
[7.271s] INFO:colcon.colcon_core.shell:Creating prefix chain script '/home/cofla/adaptive_manip_ws/install/setup.ps1'
[7.272s] INFO:colcon.colcon_core.shell:Creating prefix script '/home/cofla/adaptive_manip_ws/install/local_setup.sh'
[7.272s] INFO:colcon.colcon_core.shell:Creating prefix util module '/home/cofla/adaptive_manip_ws/install/_local_setup_util_sh.py'
[7.273s] INFO:colcon.colcon_core.shell:Creating prefix chain script '/home/cofla/adaptive_manip_ws/install/setup.sh'
[7.273s] INFO:colcon.colcon_core.shell:Creating prefix script '/home/cofla/adaptive_manip_ws/install/local_setup.bash'
[7.274s] INFO:colcon.colcon_core.shell:Creating prefix chain script '/home/cofla/adaptive_manip_ws/install/setup.bash'
[7.275s] INFO:colcon.colcon_core.shell:Creating prefix script '/home/cofla/adaptive_manip_ws/install/local_setup.zsh'
[7.275s] INFO:colcon.colcon_core.shell:Creating prefix chain script '/home/cofla/adaptive_manip_ws/install/setup.zsh'
