[0.049s] Invoking command in '/home/ciderlab-server3/workspace/2026_industry_cowork/IsaacSim-ros_workspaces/humble_ws/build/turtlebot3_manipulation_cartographer': CMAKE_PREFIX_PATH=${CMAKE_PREFIX_PATH}:/home/ciderlab-server3/turtlebot3_ws/install/turtlebot3_teleop:/home/ciderlab-server3/turtlebot3_ws/install/turtlebot3_example:/home/ciderlab-server3/turtlebot3_ws/install/turtlebot3_dqn:/home/ciderlab-server3/turtlebot3_ws/install/turtlebot3_home_service_challenge_core:/home/ciderlab-server3/turtlebot3_ws/install/turtlebot3_home_service_challenge_aruco:/opt/ros/humble /usr/bin/cmake /home/ciderlab-server3/workspace/2026_industry_cowork/IsaacSim-ros_workspaces/humble_ws/src/turtlebot3_manipulation/turtlebot3_manipulation_cartographer -DCMAKE_INSTALL_PREFIX=/home/ciderlab-server3/workspace/2026_industry_cowork/IsaacSim-ros_workspaces/humble_ws/install/turtlebot3_manipulation_cartographer
[0.738s] -- The C compiler identification is GNU 11.4.0
[0.738s] -- The CXX compiler identification is GNU 11.4.0
[0.738s] -- Detecting C compiler ABI info
[0.739s] -- Detecting C compiler ABI info - done
[0.739s] -- Check for working C compiler: /usr/bin/cc - skipped
[0.739s] -- Detecting C compile features
[0.739s] -- Detecting C compile features - done
[0.739s] -- Detecting CXX compiler ABI info
[0.739s] -- Detecting CXX compiler ABI info - done
[0.739s] -- Check for working CXX compiler: /usr/bin/c++ - skipped
[0.739s] -- Detecting CXX compile features
[0.739s] -- Detecting CXX compile features - done
[0.739s] -- Found ament_cmake: 1.3.14 (/opt/ros/humble/share/ament_cmake/cmake)
[0.739s] -- Found Python3: /usr/bin/python3 (found version "3.10.12") found components: Interpreter 
[0.739s] -- Configuring done
[0.739s] -- Generating done
[0.739s] -- Build files have been written to: /home/ciderlab-server3/workspace/2026_industry_cowork/IsaacSim-ros_workspaces/humble_ws/build/turtlebot3_manipulation_cartographer
[0.744s] Invoked command in '/home/ciderlab-server3/workspace/2026_industry_cowork/IsaacSim-ros_workspaces/humble_ws/build/turtlebot3_manipulation_cartographer' returned '0': CMAKE_PREFIX_PATH=${CMAKE_PREFIX_PATH}:/home/ciderlab-server3/turtlebot3_ws/install/turtlebot3_teleop:/home/ciderlab-server3/turtlebot3_ws/install/turtlebot3_example:/home/ciderlab-server3/turtlebot3_ws/install/turtlebot3_dqn:/home/ciderlab-server3/turtlebot3_ws/install/turtlebot3_home_service_challenge_core:/home/ciderlab-server3/turtlebot3_ws/install/turtlebot3_home_service_challenge_aruco:/opt/ros/humble /usr/bin/cmake /home/ciderlab-server3/workspace/2026_industry_cowork/IsaacSim-ros_workspaces/humble_ws/src/turtlebot3_manipulation/turtlebot3_manipulation_cartographer -DCMAKE_INSTALL_PREFIX=/home/ciderlab-server3/workspace/2026_industry_cowork/IsaacSim-ros_workspaces/humble_ws/install/turtlebot3_manipulation_cartographer
[0.744s] Invoking command in '/home/ciderlab-server3/workspace/2026_industry_cowork/IsaacSim-ros_workspaces/humble_ws/build/turtlebot3_manipulation_cartographer': CMAKE_PREFIX_PATH=${CMAKE_PREFIX_PATH}:/home/ciderlab-server3/turtlebot3_ws/install/turtlebot3_teleop:/home/ciderlab-server3/turtlebot3_ws/install/turtlebot3_example:/home/ciderlab-server3/turtlebot3_ws/install/turtlebot3_dqn:/home/ciderlab-server3/turtlebot3_ws/install/turtlebot3_home_service_challenge_core:/home/ciderlab-server3/turtlebot3_ws/install/turtlebot3_home_service_challenge_aruco:/opt/ros/humble /usr/bin/cmake --build /home/ciderlab-server3/workspace/2026_industry_cowork/IsaacSim-ros_workspaces/humble_ws/build/turtlebot3_manipulation_cartographer -- -j24 -l24
[0.775s] Invoked command in '/home/ciderlab-server3/workspace/2026_industry_cowork/IsaacSim-ros_workspaces/humble_ws/build/turtlebot3_manipulation_cartographer' returned '0': CMAKE_PREFIX_PATH=${CMAKE_PREFIX_PATH}:/home/ciderlab-server3/turtlebot3_ws/install/turtlebot3_teleop:/home/ciderlab-server3/turtlebot3_ws/install/turtlebot3_example:/home/ciderlab-server3/turtlebot3_ws/install/turtlebot3_dqn:/home/ciderlab-server3/turtlebot3_ws/install/turtlebot3_home_service_challenge_core:/home/ciderlab-server3/turtlebot3_ws/install/turtlebot3_home_service_challenge_aruco:/opt/ros/humble /usr/bin/cmake --build /home/ciderlab-server3/workspace/2026_industry_cowork/IsaacSim-ros_workspaces/humble_ws/build/turtlebot3_manipulation_cartographer -- -j24 -l24
[0.780s] Invoking command in '/home/ciderlab-server3/workspace/2026_industry_cowork/IsaacSim-ros_workspaces/humble_ws/build/turtlebot3_manipulation_cartographer': CMAKE_PREFIX_PATH=${CMAKE_PREFIX_PATH}:/home/ciderlab-server3/turtlebot3_ws/install/turtlebot3_teleop:/home/ciderlab-server3/turtlebot3_ws/install/turtlebot3_example:/home/ciderlab-server3/turtlebot3_ws/install/turtlebot3_dqn:/home/ciderlab-server3/turtlebot3_ws/install/turtlebot3_home_service_challenge_core:/home/ciderlab-server3/turtlebot3_ws/install/turtlebot3_home_service_challenge_aruco:/opt/ros/humble /usr/bin/cmake --install /home/ciderlab-server3/workspace/2026_industry_cowork/IsaacSim-ros_workspaces/humble_ws/build/turtlebot3_manipulation_cartographer
[0.783s] -- Install configuration: ""
[0.783s] -- Installing: /home/ciderlab-server3/workspace/2026_industry_cowork/IsaacSim-ros_workspaces/humble_ws/install/turtlebot3_manipulation_cartographer/share/turtlebot3_manipulation_cartographer/config
[0.783s] -- Installing: /home/ciderlab-server3/workspace/2026_industry_cowork/IsaacSim-ros_workspaces/humble_ws/install/turtlebot3_manipulation_cartographer/share/turtlebot3_manipulation_cartographer/config/turtlebot3_2d.lua
[0.783s] -- Installing: /home/ciderlab-server3/workspace/2026_industry_cowork/IsaacSim-ros_workspaces/humble_ws/install/turtlebot3_manipulation_cartographer/share/turtlebot3_manipulation_cartographer/launch
[0.783s] -- Installing: /home/ciderlab-server3/workspace/2026_industry_cowork/IsaacSim-ros_workspaces/humble_ws/install/turtlebot3_manipulation_cartographer/share/turtlebot3_manipulation_cartographer/launch/cartographer.launch.py
[0.783s] -- Installing: /home/ciderlab-server3/workspace/2026_industry_cowork/IsaacSim-ros_workspaces/humble_ws/install/turtlebot3_manipulation_cartographer/share/turtlebot3_manipulation_cartographer/rviz
[0.784s] -- Installing: /home/ciderlab-server3/workspace/2026_industry_cowork/IsaacSim-ros_workspaces/humble_ws/install/turtlebot3_manipulation_cartographer/share/turtlebot3_manipulation_cartographer/rviz/cartographer.rviz
[0.784s] -- Installing: /home/ciderlab-server3/workspace/2026_industry_cowork/IsaacSim-ros_workspaces/humble_ws/install/turtlebot3_manipulation_cartographer/share/ament_index/resource_index/package_run_dependencies/turtlebot3_manipulation_cartographer
[0.784s] -- Installing: /home/ciderlab-server3/workspace/2026_industry_cowork/IsaacSim-ros_workspaces/humble_ws/install/turtlebot3_manipulation_cartographer/share/ament_index/resource_index/parent_prefix_path/turtlebot3_manipulation_cartographer
[0.784s] -- Installing: /home/ciderlab-server3/workspace/2026_industry_cowork/IsaacSim-ros_workspaces/humble_ws/install/turtlebot3_manipulation_cartographer/share/turtlebot3_manipulation_cartographer/environment/ament_prefix_path.sh
[0.784s] -- Installing: /home/ciderlab-server3/workspace/2026_industry_cowork/IsaacSim-ros_workspaces/humble_ws/install/turtlebot3_manipulation_cartographer/share/turtlebot3_manipulation_cartographer/environment/ament_prefix_path.dsv
[0.784s] -- Installing: /home/ciderlab-server3/workspace/2026_industry_cowork/IsaacSim-ros_workspaces/humble_ws/install/turtlebot3_manipulation_cartographer/share/turtlebot3_manipulation_cartographer/environment/path.sh
[0.784s] -- Installing: /home/ciderlab-server3/workspace/2026_industry_cowork/IsaacSim-ros_workspaces/humble_ws/install/turtlebot3_manipulation_cartographer/share/turtlebot3_manipulation_cartographer/environment/path.dsv
[0.784s] -- Installing: /home/ciderlab-server3/workspace/2026_industry_cowork/IsaacSim-ros_workspaces/humble_ws/install/turtlebot3_manipulation_cartographer/share/turtlebot3_manipulation_cartographer/local_setup.bash
[0.784s] -- Installing: /home/ciderlab-server3/workspace/2026_industry_cowork/IsaacSim-ros_workspaces/humble_ws/install/turtlebot3_manipulation_cartographer/share/turtlebot3_manipulation_cartographer/local_setup.sh
[0.784s] -- Installing: /home/ciderlab-server3/workspace/2026_industry_cowork/IsaacSim-ros_workspaces/humble_ws/install/turtlebot3_manipulation_cartographer/share/turtlebot3_manipulation_cartographer/local_setup.zsh
[0.784s] -- Installing: /home/ciderlab-server3/workspace/2026_industry_cowork/IsaacSim-ros_workspaces/humble_ws/install/turtlebot3_manipulation_cartographer/share/turtlebot3_manipulation_cartographer/local_setup.dsv
[0.784s] -- Installing: /home/ciderlab-server3/workspace/2026_industry_cowork/IsaacSim-ros_workspaces/humble_ws/install/turtlebot3_manipulation_cartographer/share/turtlebot3_manipulation_cartographer/package.dsv
[0.784s] -- Installing: /home/ciderlab-server3/workspace/2026_industry_cowork/IsaacSim-ros_workspaces/humble_ws/install/turtlebot3_manipulation_cartographer/share/ament_index/resource_index/packages/turtlebot3_manipulation_cartographer
[0.784s] -- Installing: /home/ciderlab-server3/workspace/2026_industry_cowork/IsaacSim-ros_workspaces/humble_ws/install/turtlebot3_manipulation_cartographer/share/turtlebot3_manipulation_cartographer/cmake/turtlebot3_manipulation_cartographerConfig.cmake
[0.784s] -- Installing: /home/ciderlab-server3/workspace/2026_industry_cowork/IsaacSim-ros_workspaces/humble_ws/install/turtlebot3_manipulation_cartographer/share/turtlebot3_manipulation_cartographer/cmake/turtlebot3_manipulation_cartographerConfig-version.cmake
[0.784s] -- Installing: /home/ciderlab-server3/workspace/2026_industry_cowork/IsaacSim-ros_workspaces/humble_ws/install/turtlebot3_manipulation_cartographer/share/turtlebot3_manipulation_cartographer/package.xml
[0.808s] Invoked command in '/home/ciderlab-server3/workspace/2026_industry_cowork/IsaacSim-ros_workspaces/humble_ws/build/turtlebot3_manipulation_cartographer' returned '0': CMAKE_PREFIX_PATH=${CMAKE_PREFIX_PATH}:/home/ciderlab-server3/turtlebot3_ws/install/turtlebot3_teleop:/home/ciderlab-server3/turtlebot3_ws/install/turtlebot3_example:/home/ciderlab-server3/turtlebot3_ws/install/turtlebot3_dqn:/home/ciderlab-server3/turtlebot3_ws/install/turtlebot3_home_service_challenge_core:/home/ciderlab-server3/turtlebot3_ws/install/turtlebot3_home_service_challenge_aruco:/opt/ros/humble /usr/bin/cmake --install /home/ciderlab-server3/workspace/2026_industry_cowork/IsaacSim-ros_workspaces/humble_ws/build/turtlebot3_manipulation_cartographer
