[30.031s] Invoking command in '/home/students/workspace/build/ai_festa_navigation': /usr/bin/cmake /home/students/workspace/ai_festa_src/ai_festa_navigation -DCMAKE_INSTALL_PREFIX=/home/students/workspace/install/ai_festa_navigation
[30.105s] -- The C compiler identification is GNU 11.4.0
[30.153s] -- The CXX compiler identification is GNU 11.4.0
[30.159s] -- Detecting C compiler ABI info
[30.197s] -- Detecting C compiler ABI info - done
[30.199s] -- Check for working C compiler: /usr/bin/cc - skipped
[30.199s] -- Detecting C compile features
[30.200s] -- Detecting C compile features - done
[30.204s] -- Detecting CXX compiler ABI info
[30.249s] -- Detecting CXX compiler ABI info - done
[30.252s] -- Check for working CXX compiler: /usr/bin/c++ - skipped
[30.252s] -- Detecting CXX compile features
[30.252s] -- Detecting CXX compile features - done
[30.255s] -- Found ament_cmake: 1.3.14 (/opt/ros/humble/share/ament_cmake/cmake)
[30.339s] -- Found Python3: /usr/bin/python3 (found version "3.10.12") found components: Interpreter 
[30.421s] Error parsing '/home/students/workspace/ai_festa_src/ai_festa_navigation/package.xml':
[30.443s] Traceback (most recent call last):
[30.443s]   File "/opt/ros/humble/share/ament_cmake_core/cmake/core/package_xml_2_cmake.py", line 150, in <module>
[30.443s]     main()
[30.443s]   File "/opt/ros/humble/share/ament_cmake_core/cmake/core/package_xml_2_cmake.py", line 53, in main
[30.443s]     raise e
[30.443s]   File "/opt/ros/humble/share/ament_cmake_core/cmake/core/package_xml_2_cmake.py", line 49, in main
[30.443s]     package = parse_package_string(
[30.443s]   File "/usr/lib/python3/dist-packages/catkin_pkg/package.py", line 788, in parse_package_string
[30.443s]     pkg.validate(warnings=warnings)
[30.443s]   File "/usr/lib/python3/dist-packages/catkin_pkg/package.py", line 330, in validate
[30.443s]     raise InvalidPackage('\n'.join(errors), self.filename)
[30.444s] catkin_pkg.package.InvalidPackage: Error(s) in package '/home/students/workspace/ai_festa_src/ai_festa_navigation/package.xml':
[30.444s] Invalid email "students@localhost" for person "students"
[30.450s] CMake Error at /opt/ros/humble/share/ament_cmake_core/cmake/core/ament_package_xml.cmake:95 (message):
[30.450s]   execute_process(/usr/bin/python3
[30.450s]   /opt/ros/humble/share/ament_cmake_core/cmake/core/package_xml_2_cmake.py
[30.450s]   /home/students/workspace/ai_festa_src/ai_festa_navigation/package.xml
[30.450s]   /home/students/workspace/build/ai_festa_navigation/ament_cmake_core/package.cmake)
[30.450s]   returned error code 1
[30.450s] Call Stack (most recent call first):
[30.450s]   /opt/ros/humble/share/ament_cmake_core/cmake/core/ament_package_xml.cmake:49 (_ament_package_xml)
[30.450s]   /opt/ros/humble/share/ament_cmake_core/cmake/core/ament_package.cmake:63 (ament_package_xml)
[30.450s]   CMakeLists.txt:5 (ament_package)
[30.450s] 
[30.450s] 
[30.450s] -- Configuring incomplete, errors occurred!
[30.450s] See also "/home/students/workspace/build/ai_festa_navigation/CMakeFiles/CMakeOutput.log".
[60.060s] Invoked command in '/home/students/workspace/build/ai_festa_navigation' returned '1': /usr/bin/cmake /home/students/workspace/ai_festa_src/ai_festa_navigation -DCMAKE_INSTALL_PREFIX=/home/students/workspace/install/ai_festa_navigation
