[0.013s] Invoking command in '/home/students/workspace/build/turtlebot3_manipulation_bringup': AMENT_PREFIX_PATH=/home/students/workspace/install/turtlebot3_manipulation_description:${AMENT_PREFIX_PATH} CMAKE_PREFIX_PATH=/home/students/workspace/install/turtlebot3_manipulation_description:/home/students/workspace/install/turtlebot3_manipulation:/home/students/workspace/install/turtlebot3_manipulation_teleop:/home/students/workspace/install/turtlebot3_manipulation_navigation2:/home/students/workspace/install/turtlebot3_manipulation_moveit_config:/home/students/workspace/install/turtlebot3_manipulation_bringup:/home/students/workspace/install/turtlebot3_manipulation_cartographer:/home/students/workspace/install/iw_hub_navigation:/home/students/workspace/install/isaacsim_clearpath_nav2:/home/students/workspace/install/isaac_tutorials:/home/students/workspace/install/isaac_ros2_messages:/home/students/workspace/install/custom_message:/home/students/workspace/install/carter_navigation:/home/students/workspace/install/isaacsim_bringup:/home/students/workspace/install/isaac_ros_navigation_goal:/home/students/workspace/install/isaac_moveit:/home/students/workspace/install/isaac_compressed_image_decoder:/home/students/workspace/install/h1_fullbody_controller:/home/students/workspace/install/cmdvel_to_ackermann:/opt/ros/humble /usr/bin/cmake /home/students/workspace/src/turtlebot3_manipulation/turtlebot3_manipulation_bringup -DAMENT_CMAKE_SYMLINK_INSTALL=1 -DCMAKE_INSTALL_PREFIX=/home/students/workspace/install/turtlebot3_manipulation_bringup
[0.041s] -- The C compiler identification is GNU 11.4.0
[0.074s] -- The CXX compiler identification is GNU 11.4.0
[0.079s] -- Detecting C compiler ABI info
[0.121s] -- Detecting C compiler ABI info - done
[0.122s] -- Check for working C compiler: /usr/bin/cc - skipped
[0.123s] -- Detecting C compile features
[0.123s] -- Detecting C compile features - done
[0.124s] -- Detecting CXX compiler ABI info
[0.178s] -- Detecting CXX compiler ABI info - done
[0.179s] -- Check for working CXX compiler: /usr/bin/c++ - skipped
[0.183s] -- Detecting CXX compile features
[0.183s] -- Detecting CXX compile features - done
[0.183s] -- Found ament_cmake: 1.3.14 (/opt/ros/humble/share/ament_cmake/cmake)
[0.278s] -- Found Python3: /usr/bin/python3 (found version "3.10.12") found components: Interpreter 
[0.312s] -- Override CMake install command with custom implementation using symlinks instead of copying resources
[0.380s] -- Configuring done
[0.382s] -- Generating done
[0.383s] -- Build files have been written to: /home/students/workspace/build/turtlebot3_manipulation_bringup
[0.390s] Invoked command in '/home/students/workspace/build/turtlebot3_manipulation_bringup' returned '0': AMENT_PREFIX_PATH=/home/students/workspace/install/turtlebot3_manipulation_description:${AMENT_PREFIX_PATH} CMAKE_PREFIX_PATH=/home/students/workspace/install/turtlebot3_manipulation_description:/home/students/workspace/install/turtlebot3_manipulation:/home/students/workspace/install/turtlebot3_manipulation_teleop:/home/students/workspace/install/turtlebot3_manipulation_navigation2:/home/students/workspace/install/turtlebot3_manipulation_moveit_config:/home/students/workspace/install/turtlebot3_manipulation_bringup:/home/students/workspace/install/turtlebot3_manipulation_cartographer:/home/students/workspace/install/iw_hub_navigation:/home/students/workspace/install/isaacsim_clearpath_nav2:/home/students/workspace/install/isaac_tutorials:/home/students/workspace/install/isaac_ros2_messages:/home/students/workspace/install/custom_message:/home/students/workspace/install/carter_navigation:/home/students/workspace/install/isaacsim_bringup:/home/students/workspace/install/isaac_ros_navigation_goal:/home/students/workspace/install/isaac_moveit:/home/students/workspace/install/isaac_compressed_image_decoder:/home/students/workspace/install/h1_fullbody_controller:/home/students/workspace/install/cmdvel_to_ackermann:/opt/ros/humble /usr/bin/cmake /home/students/workspace/src/turtlebot3_manipulation/turtlebot3_manipulation_bringup -DAMENT_CMAKE_SYMLINK_INSTALL=1 -DCMAKE_INSTALL_PREFIX=/home/students/workspace/install/turtlebot3_manipulation_bringup
[0.391s] Invoking command in '/home/students/workspace/build/turtlebot3_manipulation_bringup': AMENT_PREFIX_PATH=/home/students/workspace/install/turtlebot3_manipulation_description:${AMENT_PREFIX_PATH} CMAKE_PREFIX_PATH=/home/students/workspace/install/turtlebot3_manipulation_description:/home/students/workspace/install/turtlebot3_manipulation:/home/students/workspace/install/turtlebot3_manipulation_teleop:/home/students/workspace/install/turtlebot3_manipulation_navigation2:/home/students/workspace/install/turtlebot3_manipulation_moveit_config:/home/students/workspace/install/turtlebot3_manipulation_bringup:/home/students/workspace/install/turtlebot3_manipulation_cartographer:/home/students/workspace/install/iw_hub_navigation:/home/students/workspace/install/isaacsim_clearpath_nav2:/home/students/workspace/install/isaac_tutorials:/home/students/workspace/install/isaac_ros2_messages:/home/students/workspace/install/custom_message:/home/students/workspace/install/carter_navigation:/home/students/workspace/install/isaacsim_bringup:/home/students/workspace/install/isaac_ros_navigation_goal:/home/students/workspace/install/isaac_moveit:/home/students/workspace/install/isaac_compressed_image_decoder:/home/students/workspace/install/h1_fullbody_controller:/home/students/workspace/install/cmdvel_to_ackermann:/opt/ros/humble /usr/bin/cmake --build /home/students/workspace/build/turtlebot3_manipulation_bringup -- -j24 -l24
[0.414s] Invoked command in '/home/students/workspace/build/turtlebot3_manipulation_bringup' returned '0': AMENT_PREFIX_PATH=/home/students/workspace/install/turtlebot3_manipulation_description:${AMENT_PREFIX_PATH} CMAKE_PREFIX_PATH=/home/students/workspace/install/turtlebot3_manipulation_description:/home/students/workspace/install/turtlebot3_manipulation:/home/students/workspace/install/turtlebot3_manipulation_teleop:/home/students/workspace/install/turtlebot3_manipulation_navigation2:/home/students/workspace/install/turtlebot3_manipulation_moveit_config:/home/students/workspace/install/turtlebot3_manipulation_bringup:/home/students/workspace/install/turtlebot3_manipulation_cartographer:/home/students/workspace/install/iw_hub_navigation:/home/students/workspace/install/isaacsim_clearpath_nav2:/home/students/workspace/install/isaac_tutorials:/home/students/workspace/install/isaac_ros2_messages:/home/students/workspace/install/custom_message:/home/students/workspace/install/carter_navigation:/home/students/workspace/install/isaacsim_bringup:/home/students/workspace/install/isaac_ros_navigation_goal:/home/students/workspace/install/isaac_moveit:/home/students/workspace/install/isaac_compressed_image_decoder:/home/students/workspace/install/h1_fullbody_controller:/home/students/workspace/install/cmdvel_to_ackermann:/opt/ros/humble /usr/bin/cmake --build /home/students/workspace/build/turtlebot3_manipulation_bringup -- -j24 -l24
[0.415s] Invoking command in '/home/students/workspace/build/turtlebot3_manipulation_bringup': AMENT_PREFIX_PATH=/home/students/workspace/install/turtlebot3_manipulation_description:${AMENT_PREFIX_PATH} CMAKE_PREFIX_PATH=/home/students/workspace/install/turtlebot3_manipulation_description:/home/students/workspace/install/turtlebot3_manipulation:/home/students/workspace/install/turtlebot3_manipulation_teleop:/home/students/workspace/install/turtlebot3_manipulation_navigation2:/home/students/workspace/install/turtlebot3_manipulation_moveit_config:/home/students/workspace/install/turtlebot3_manipulation_bringup:/home/students/workspace/install/turtlebot3_manipulation_cartographer:/home/students/workspace/install/iw_hub_navigation:/home/students/workspace/install/isaacsim_clearpath_nav2:/home/students/workspace/install/isaac_tutorials:/home/students/workspace/install/isaac_ros2_messages:/home/students/workspace/install/custom_message:/home/students/workspace/install/carter_navigation:/home/students/workspace/install/isaacsim_bringup:/home/students/workspace/install/isaac_ros_navigation_goal:/home/students/workspace/install/isaac_moveit:/home/students/workspace/install/isaac_compressed_image_decoder:/home/students/workspace/install/h1_fullbody_controller:/home/students/workspace/install/cmdvel_to_ackermann:/opt/ros/humble /usr/bin/cmake --install /home/students/workspace/build/turtlebot3_manipulation_bringup
[0.418s] -- Install configuration: ""
[0.418s] -- Execute custom install script
[0.419s] -- Symlinking: /home/students/workspace/install/turtlebot3_manipulation_bringup/share/turtlebot3_manipulation_bringup/launch/base.launch.py
[0.423s] -- Symlinking: /home/students/workspace/install/turtlebot3_manipulation_bringup/share/turtlebot3_manipulation_bringup/launch/hardware.launch.py
[0.428s] -- Symlinking: /home/students/workspace/install/turtlebot3_manipulation_bringup/share/turtlebot3_manipulation_bringup/config/gazebo_controller_manager.yaml
[0.437s] -- Symlinking: /home/students/workspace/install/turtlebot3_manipulation_bringup/share/turtlebot3_manipulation_bringup/config/hardware_controller_manager.yaml
[0.438s] -- Symlinking: /home/students/workspace/install/turtlebot3_manipulation_bringup/share/turtlebot3_manipulation_bringup/rviz/turtlebot3_manipulation.rviz
[0.443s] -- Symlinking: /home/students/workspace/install/turtlebot3_manipulation_bringup/share/ament_index/resource_index/package_run_dependencies/turtlebot3_manipulation_bringup
[0.448s] -- Symlinking: /home/students/workspace/install/turtlebot3_manipulation_bringup/share/ament_index/resource_index/parent_prefix_path/turtlebot3_manipulation_bringup
[0.454s] -- Symlinking: /home/students/workspace/install/turtlebot3_manipulation_bringup/share/turtlebot3_manipulation_bringup/environment/ament_prefix_path.sh
[0.458s] -- Symlinking: /home/students/workspace/install/turtlebot3_manipulation_bringup/share/turtlebot3_manipulation_bringup/environment/ament_prefix_path.dsv
[0.464s] -- Symlinking: /home/students/workspace/install/turtlebot3_manipulation_bringup/share/turtlebot3_manipulation_bringup/environment/path.sh
[0.468s] -- Symlinking: /home/students/workspace/install/turtlebot3_manipulation_bringup/share/turtlebot3_manipulation_bringup/environment/path.dsv
[0.473s] -- Symlinking: /home/students/workspace/install/turtlebot3_manipulation_bringup/share/turtlebot3_manipulation_bringup/local_setup.bash
[0.479s] -- Symlinking: /home/students/workspace/install/turtlebot3_manipulation_bringup/share/turtlebot3_manipulation_bringup/local_setup.sh
[0.483s] -- Symlinking: /home/students/workspace/install/turtlebot3_manipulation_bringup/share/turtlebot3_manipulation_bringup/local_setup.zsh
[0.487s] -- Symlinking: /home/students/workspace/install/turtlebot3_manipulation_bringup/share/turtlebot3_manipulation_bringup/local_setup.dsv
[0.493s] -- Symlinking: /home/students/workspace/install/turtlebot3_manipulation_bringup/share/turtlebot3_manipulation_bringup/package.dsv
[0.496s] -- Symlinking: /home/students/workspace/install/turtlebot3_manipulation_bringup/share/ament_index/resource_index/packages/turtlebot3_manipulation_bringup
[0.502s] -- Symlinking: /home/students/workspace/install/turtlebot3_manipulation_bringup/share/turtlebot3_manipulation_bringup/cmake/turtlebot3_manipulation_bringupConfig.cmake
[0.507s] -- Symlinking: /home/students/workspace/install/turtlebot3_manipulation_bringup/share/turtlebot3_manipulation_bringup/cmake/turtlebot3_manipulation_bringupConfig-version.cmake
[0.513s] -- Symlinking: /home/students/workspace/install/turtlebot3_manipulation_bringup/share/turtlebot3_manipulation_bringup/package.xml
[0.520s] Invoked command in '/home/students/workspace/build/turtlebot3_manipulation_bringup' returned '0': AMENT_PREFIX_PATH=/home/students/workspace/install/turtlebot3_manipulation_description:${AMENT_PREFIX_PATH} CMAKE_PREFIX_PATH=/home/students/workspace/install/turtlebot3_manipulation_description:/home/students/workspace/install/turtlebot3_manipulation:/home/students/workspace/install/turtlebot3_manipulation_teleop:/home/students/workspace/install/turtlebot3_manipulation_navigation2:/home/students/workspace/install/turtlebot3_manipulation_moveit_config:/home/students/workspace/install/turtlebot3_manipulation_bringup:/home/students/workspace/install/turtlebot3_manipulation_cartographer:/home/students/workspace/install/iw_hub_navigation:/home/students/workspace/install/isaacsim_clearpath_nav2:/home/students/workspace/install/isaac_tutorials:/home/students/workspace/install/isaac_ros2_messages:/home/students/workspace/install/custom_message:/home/students/workspace/install/carter_navigation:/home/students/workspace/install/isaacsim_bringup:/home/students/workspace/install/isaac_ros_navigation_goal:/home/students/workspace/install/isaac_moveit:/home/students/workspace/install/isaac_compressed_image_decoder:/home/students/workspace/install/h1_fullbody_controller:/home/students/workspace/install/cmdvel_to_ackermann:/opt/ros/humble /usr/bin/cmake --install /home/students/workspace/build/turtlebot3_manipulation_bringup
