[0.536s] Invoking command in '/home/students/workspace/build/isaac_tutorials': CMAKE_PREFIX_PATH=${CMAKE_PREFIX_PATH}:/home/students/workspace/install/isaacsim_bringup:/home/students/workspace/install/isaac_ros_navigation_goal:/home/students/workspace/install/isaac_moveit:/home/students/workspace/install/isaac_compressed_image_decoder:/home/students/workspace/install/h1_fullbody_controller:/home/students/workspace/install/cmdvel_to_ackermann:/opt/ros/humble /usr/bin/cmake /home/students/workspace/src/isaac_tutorials -DAMENT_CMAKE_SYMLINK_INSTALL=1 -DCMAKE_INSTALL_PREFIX=/home/students/workspace/install/isaac_tutorials
[0.659s] -- The C compiler identification is GNU 11.4.0
[0.659s] -- The CXX compiler identification is GNU 11.4.0
[0.659s] -- Detecting C compiler ABI info
[0.659s] -- Detecting C compiler ABI info - done
[0.659s] -- Check for working C compiler: /usr/bin/cc - skipped
[0.659s] -- Detecting C compile features
[0.659s] -- Detecting C compile features - done
[0.659s] -- Detecting CXX compiler ABI info
[0.687s] -- Detecting CXX compiler ABI info - done
[0.692s] -- Check for working CXX compiler: /usr/bin/c++ - skipped
[0.692s] -- Detecting CXX compile features
[0.692s] -- Detecting CXX compile features - done
[0.698s] -- Found ament_cmake: 1.3.14 (/opt/ros/humble/share/ament_cmake/cmake)
[0.790s] -- Found Python3: /usr/bin/python3 (found version "3.10.12") found components: Interpreter 
[0.833s] -- Override CMake install command with custom implementation using symlinks instead of copying resources
[0.855s] -- Found rclpy: 3.3.21 (/opt/ros/humble/share/rclpy/cmake)
[0.893s] -- Configuring done
[0.895s] -- Generating done
[0.895s] -- Build files have been written to: /home/students/workspace/build/isaac_tutorials
[0.900s] Invoked command in '/home/students/workspace/build/isaac_tutorials' returned '0': CMAKE_PREFIX_PATH=${CMAKE_PREFIX_PATH}:/home/students/workspace/install/isaacsim_bringup:/home/students/workspace/install/isaac_ros_navigation_goal:/home/students/workspace/install/isaac_moveit:/home/students/workspace/install/isaac_compressed_image_decoder:/home/students/workspace/install/h1_fullbody_controller:/home/students/workspace/install/cmdvel_to_ackermann:/opt/ros/humble /usr/bin/cmake /home/students/workspace/src/isaac_tutorials -DAMENT_CMAKE_SYMLINK_INSTALL=1 -DCMAKE_INSTALL_PREFIX=/home/students/workspace/install/isaac_tutorials
[0.900s] Invoking command in '/home/students/workspace/build/isaac_tutorials': CMAKE_PREFIX_PATH=${CMAKE_PREFIX_PATH}:/home/students/workspace/install/isaacsim_bringup:/home/students/workspace/install/isaac_ros_navigation_goal:/home/students/workspace/install/isaac_moveit:/home/students/workspace/install/isaac_compressed_image_decoder:/home/students/workspace/install/h1_fullbody_controller:/home/students/workspace/install/cmdvel_to_ackermann:/opt/ros/humble /usr/bin/cmake --build /home/students/workspace/build/isaac_tutorials -- -j24 -l24
[0.921s] Invoked command in '/home/students/workspace/build/isaac_tutorials' returned '0': CMAKE_PREFIX_PATH=${CMAKE_PREFIX_PATH}:/home/students/workspace/install/isaacsim_bringup:/home/students/workspace/install/isaac_ros_navigation_goal:/home/students/workspace/install/isaac_moveit:/home/students/workspace/install/isaac_compressed_image_decoder:/home/students/workspace/install/h1_fullbody_controller:/home/students/workspace/install/cmdvel_to_ackermann:/opt/ros/humble /usr/bin/cmake --build /home/students/workspace/build/isaac_tutorials -- -j24 -l24
[0.926s] Invoking command in '/home/students/workspace/build/isaac_tutorials': CMAKE_PREFIX_PATH=${CMAKE_PREFIX_PATH}:/home/students/workspace/install/isaacsim_bringup:/home/students/workspace/install/isaac_ros_navigation_goal:/home/students/workspace/install/isaac_moveit:/home/students/workspace/install/isaac_compressed_image_decoder:/home/students/workspace/install/h1_fullbody_controller:/home/students/workspace/install/cmdvel_to_ackermann:/opt/ros/humble /usr/bin/cmake --install /home/students/workspace/build/isaac_tutorials
[0.928s] -- Install configuration: ""
[0.928s] -- Execute custom install script
[0.928s] -- Symlinking: /home/students/workspace/install/isaac_tutorials/share/isaac_tutorials/rviz2/camera_lidar.rviz
[0.935s] -- Symlinking: /home/students/workspace/install/isaac_tutorials/share/isaac_tutorials/rviz2/camera_manual.rviz
[0.942s] -- Symlinking: /home/students/workspace/install/isaac_tutorials/share/isaac_tutorials/rviz2/carter_stereo.rviz
[0.947s] -- Symlinking: /home/students/workspace/install/isaac_tutorials/share/isaac_tutorials/rviz2/rtx_lidar.rviz
[0.954s] -- Symlinking: /home/students/workspace/install/isaac_tutorials/share/isaac_tutorials/rviz2/rtx_radar.rviz
[0.957s] -- Symlinking: /home/students/workspace/install/isaac_tutorials/share/isaac_tutorials/rviz2/turtle_stereo.rviz
[0.971s] -- Symlinking: /home/students/workspace/install/isaac_tutorials/share/isaac_tutorials/scripts/ros2_ackermann_publisher.py
[0.974s] -- Symlinking: /home/students/workspace/install/isaac_tutorials/share/isaac_tutorials/scripts/ros2_object_id_subscriber.py
[0.978s] -- Symlinking: /home/students/workspace/install/isaac_tutorials/share/isaac_tutorials/scripts/ros2_publisher.py
[0.983s] -- Symlinking: /home/students/workspace/install/isaac_tutorials/lib/isaac_tutorials/ros2_publisher.py
[0.989s] -- Symlinking: /home/students/workspace/install/isaac_tutorials/lib/isaac_tutorials/ros2_ackermann_publisher.py
[0.993s] -- Symlinking: /home/students/workspace/install/isaac_tutorials/lib/isaac_tutorials/ros2_object_id_subscriber.py
[1.002s] -- Symlinking: /home/students/workspace/install/isaac_tutorials/share/ament_index/resource_index/package_run_dependencies/isaac_tutorials
[1.007s] -- Symlinking: /home/students/workspace/install/isaac_tutorials/share/ament_index/resource_index/parent_prefix_path/isaac_tutorials
[1.012s] -- Symlinking: /home/students/workspace/install/isaac_tutorials/share/isaac_tutorials/environment/ament_prefix_path.sh
[1.017s] -- Symlinking: /home/students/workspace/install/isaac_tutorials/share/isaac_tutorials/environment/ament_prefix_path.dsv
[1.022s] -- Symlinking: /home/students/workspace/install/isaac_tutorials/share/isaac_tutorials/environment/path.sh
[1.034s] -- Symlinking: /home/students/workspace/install/isaac_tutorials/share/isaac_tutorials/environment/path.dsv
[1.038s] -- Symlinking: /home/students/workspace/install/isaac_tutorials/share/isaac_tutorials/local_setup.bash
[1.045s] -- Symlinking: /home/students/workspace/install/isaac_tutorials/share/isaac_tutorials/local_setup.sh
[1.058s] -- Symlinking: /home/students/workspace/install/isaac_tutorials/share/isaac_tutorials/local_setup.zsh
[1.059s] -- Symlinking: /home/students/workspace/install/isaac_tutorials/share/isaac_tutorials/local_setup.dsv
[1.062s] -- Symlinking: /home/students/workspace/install/isaac_tutorials/share/isaac_tutorials/package.dsv
[1.071s] -- Symlinking: /home/students/workspace/install/isaac_tutorials/share/ament_index/resource_index/packages/isaac_tutorials
[1.075s] -- Symlinking: /home/students/workspace/install/isaac_tutorials/share/isaac_tutorials/cmake/isaac_tutorialsConfig.cmake
[1.079s] -- Symlinking: /home/students/workspace/install/isaac_tutorials/share/isaac_tutorials/cmake/isaac_tutorialsConfig-version.cmake
[1.084s] -- Symlinking: /home/students/workspace/install/isaac_tutorials/share/isaac_tutorials/package.xml
[1.090s] Invoked command in '/home/students/workspace/build/isaac_tutorials' returned '0': CMAKE_PREFIX_PATH=${CMAKE_PREFIX_PATH}:/home/students/workspace/install/isaacsim_bringup:/home/students/workspace/install/isaac_ros_navigation_goal:/home/students/workspace/install/isaac_moveit:/home/students/workspace/install/isaac_compressed_image_decoder:/home/students/workspace/install/h1_fullbody_controller:/home/students/workspace/install/cmdvel_to_ackermann:/opt/ros/humble /usr/bin/cmake --install /home/students/workspace/build/isaac_tutorials
