-- Found ament_cmake: 1.3.14 (/opt/ros/humble/share/ament_cmake/cmake)
-- Override CMake install command with custom implementation using symlinks instead of copying resources
-- Configuring done
-- Generating done
-- Build files have been written to: /home/ciderlab-server3/workspace/2026_industry_cowork/IsaacSim-ros_workspaces/humble_ws/build/isaacsim_clearpath_nav2
-- Install configuration: ""
-- Execute custom install script
-- Symlinking: /home/ciderlab-server3/workspace/2026_industry_cowork/IsaacSim-ros_workspaces/humble_ws/install/isaacsim_clearpath_nav2/share/isaacsim_clearpath_nav2/launch/clearpath_navigation.launch.py
-- Symlinking: /home/ciderlab-server3/workspace/2026_industry_cowork/IsaacSim-ros_workspaces/humble_ws/install/isaacsim_clearpath_nav2/share/isaacsim_clearpath_nav2/params/dd100/nav2.yaml
-- Symlinking: /home/ciderlab-server3/workspace/2026_industry_cowork/IsaacSim-ros_workspaces/humble_ws/install/isaacsim_clearpath_nav2/share/isaacsim_clearpath_nav2/params/dd100/robot.yaml
-- Symlinking: /home/ciderlab-server3/workspace/2026_industry_cowork/IsaacSim-ros_workspaces/humble_ws/install/isaacsim_clearpath_nav2/share/isaacsim_clearpath_nav2/params/rviz2/isaacsim_clearpath_nav2_namespaced.rviz
-- Symlinking: /home/ciderlab-server3/workspace/2026_industry_cowork/IsaacSim-ros_workspaces/humble_ws/install/isaacsim_clearpath_nav2/share/ament_index/resource_index/package_run_dependencies/isaacsim_clearpath_nav2
-- Symlinking: /home/ciderlab-server3/workspace/2026_industry_cowork/IsaacSim-ros_workspaces/humble_ws/install/isaacsim_clearpath_nav2/share/ament_index/resource_index/parent_prefix_path/isaacsim_clearpath_nav2
-- Symlinking: /home/ciderlab-server3/workspace/2026_industry_cowork/IsaacSim-ros_workspaces/humble_ws/install/isaacsim_clearpath_nav2/share/isaacsim_clearpath_nav2/environment/ament_prefix_path.sh
-- Symlinking: /home/ciderlab-server3/workspace/2026_industry_cowork/IsaacSim-ros_workspaces/humble_ws/install/isaacsim_clearpath_nav2/share/isaacsim_clearpath_nav2/environment/ament_prefix_path.dsv
-- Symlinking: /home/ciderlab-server3/workspace/2026_industry_cowork/IsaacSim-ros_workspaces/humble_ws/install/isaacsim_clearpath_nav2/share/isaacsim_clearpath_nav2/environment/path.sh
-- Symlinking: /home/ciderlab-server3/workspace/2026_industry_cowork/IsaacSim-ros_workspaces/humble_ws/install/isaacsim_clearpath_nav2/share/isaacsim_clearpath_nav2/environment/path.dsv
-- Symlinking: /home/ciderlab-server3/workspace/2026_industry_cowork/IsaacSim-ros_workspaces/humble_ws/install/isaacsim_clearpath_nav2/share/isaacsim_clearpath_nav2/local_setup.bash
-- Symlinking: /home/ciderlab-server3/workspace/2026_industry_cowork/IsaacSim-ros_workspaces/humble_ws/install/isaacsim_clearpath_nav2/share/isaacsim_clearpath_nav2/local_setup.sh
-- Symlinking: /home/ciderlab-server3/workspace/2026_industry_cowork/IsaacSim-ros_workspaces/humble_ws/install/isaacsim_clearpath_nav2/share/isaacsim_clearpath_nav2/local_setup.zsh
-- Symlinking: /home/ciderlab-server3/workspace/2026_industry_cowork/IsaacSim-ros_workspaces/humble_ws/install/isaacsim_clearpath_nav2/share/isaacsim_clearpath_nav2/local_setup.dsv
-- Symlinking: /home/ciderlab-server3/workspace/2026_industry_cowork/IsaacSim-ros_workspaces/humble_ws/install/isaacsim_clearpath_nav2/share/isaacsim_clearpath_nav2/package.dsv
-- Symlinking: /home/ciderlab-server3/workspace/2026_industry_cowork/IsaacSim-ros_workspaces/humble_ws/install/isaacsim_clearpath_nav2/share/ament_index/resource_index/packages/isaacsim_clearpath_nav2
-- Symlinking: /home/ciderlab-server3/workspace/2026_industry_cowork/IsaacSim-ros_workspaces/humble_ws/install/isaacsim_clearpath_nav2/share/isaacsim_clearpath_nav2/cmake/isaacsim_clearpath_nav2Config.cmake
-- Symlinking: /home/ciderlab-server3/workspace/2026_industry_cowork/IsaacSim-ros_workspaces/humble_ws/install/isaacsim_clearpath_nav2/share/isaacsim_clearpath_nav2/cmake/isaacsim_clearpath_nav2Config-version.cmake
-- Symlinking: /home/ciderlab-server3/workspace/2026_industry_cowork/IsaacSim-ros_workspaces/humble_ws/install/isaacsim_clearpath_nav2/share/isaacsim_clearpath_nav2/package.xml
