[1.015s] Invoking command in '/home/ciderlab-server3/workspace/2026_industry_cowork/IsaacSim-ros_workspaces/humble_ws/src/isaac_compressed_image_decoder': PYTHONPATH=/home/ciderlab-server3/workspace/2026_industry_cowork/IsaacSim-ros_workspaces/humble_ws/build/isaac_compressed_image_decoder/prefix_override:/usr/lib/python3/dist-packages/colcon_core/task/python/colcon_distutils_commands:/home/ciderlab-server3/workspace/2026_industry_cowork/IsaacSim-ros_workspaces/humble_ws/install/isaac_compressed_image_decoder/lib/python3.10/site-packages:${PYTHONPATH} /usr/bin/python3 -W ignore:setup.py install is deprecated -W ignore:easy_install command is deprecated setup.py egg_info --egg-base ../../build/isaac_compressed_image_decoder build --build-base /home/ciderlab-server3/workspace/2026_industry_cowork/IsaacSim-ros_workspaces/humble_ws/build/isaac_compressed_image_decoder/build install --record /home/ciderlab-server3/workspace/2026_industry_cowork/IsaacSim-ros_workspaces/humble_ws/build/isaac_compressed_image_decoder/install.log --install-scripts $base/lib/isaac_compressed_image_decoder --single-version-externally-managed install_data
[1.145s] running egg_info
[1.145s] writing ../../build/isaac_compressed_image_decoder/isaac_compressed_image_decoder.egg-info/PKG-INFO
[1.145s] writing dependency_links to ../../build/isaac_compressed_image_decoder/isaac_compressed_image_decoder.egg-info/dependency_links.txt
[1.145s] writing entry points to ../../build/isaac_compressed_image_decoder/isaac_compressed_image_decoder.egg-info/entry_points.txt
[1.145s] writing requirements to ../../build/isaac_compressed_image_decoder/isaac_compressed_image_decoder.egg-info/requires.txt
[1.145s] writing top-level names to ../../build/isaac_compressed_image_decoder/isaac_compressed_image_decoder.egg-info/top_level.txt
[1.146s] reading manifest file '../../build/isaac_compressed_image_decoder/isaac_compressed_image_decoder.egg-info/SOURCES.txt'
[1.146s] writing manifest file '../../build/isaac_compressed_image_decoder/isaac_compressed_image_decoder.egg-info/SOURCES.txt'
[1.146s] running build
[1.146s] running build_py
[1.147s] running install
[1.147s] running install_lib
[1.147s] running install_data
[1.147s] running install_egg_info
[1.148s] removing '/home/ciderlab-server3/workspace/2026_industry_cowork/IsaacSim-ros_workspaces/humble_ws/install/isaac_compressed_image_decoder/lib/python3.10/site-packages/isaac_compressed_image_decoder-0.1.0-py3.10.egg-info' (and everything under it)
[1.148s] Copying ../../build/isaac_compressed_image_decoder/isaac_compressed_image_decoder.egg-info to /home/ciderlab-server3/workspace/2026_industry_cowork/IsaacSim-ros_workspaces/humble_ws/install/isaac_compressed_image_decoder/lib/python3.10/site-packages/isaac_compressed_image_decoder-0.1.0-py3.10.egg-info
[1.149s] running install_scripts
[1.160s] Installing decoder_node script to /home/ciderlab-server3/workspace/2026_industry_cowork/IsaacSim-ros_workspaces/humble_ws/install/isaac_compressed_image_decoder/lib/isaac_compressed_image_decoder
[1.160s] writing list of installed files to '/home/ciderlab-server3/workspace/2026_industry_cowork/IsaacSim-ros_workspaces/humble_ws/build/isaac_compressed_image_decoder/install.log'
[1.179s] Invoked command in '/home/ciderlab-server3/workspace/2026_industry_cowork/IsaacSim-ros_workspaces/humble_ws/src/isaac_compressed_image_decoder' returned '0': PYTHONPATH=/home/ciderlab-server3/workspace/2026_industry_cowork/IsaacSim-ros_workspaces/humble_ws/build/isaac_compressed_image_decoder/prefix_override:/usr/lib/python3/dist-packages/colcon_core/task/python/colcon_distutils_commands:/home/ciderlab-server3/workspace/2026_industry_cowork/IsaacSim-ros_workspaces/humble_ws/install/isaac_compressed_image_decoder/lib/python3.10/site-packages:${PYTHONPATH} /usr/bin/python3 -W ignore:setup.py install is deprecated -W ignore:easy_install command is deprecated setup.py egg_info --egg-base ../../build/isaac_compressed_image_decoder build --build-base /home/ciderlab-server3/workspace/2026_industry_cowork/IsaacSim-ros_workspaces/humble_ws/build/isaac_compressed_image_decoder/build install --record /home/ciderlab-server3/workspace/2026_industry_cowork/IsaacSim-ros_workspaces/humble_ws/build/isaac_compressed_image_decoder/install.log --install-scripts $base/lib/isaac_compressed_image_decoder --single-version-externally-managed install_data
