[0.040s] Invoking command in '/home/students/workspace/build/carter_navigation': CMAKE_PREFIX_PATH=${CMAKE_PREFIX_PATH}:/home/students/workspace/install/isaacsim_bringup:/home/students/workspace/install/isaac_ros_navigation_goal:/home/students/workspace/install/isaac_moveit:/home/students/workspace/install/isaac_compressed_image_decoder:/home/students/workspace/install/h1_fullbody_controller:/home/students/workspace/install/cmdvel_to_ackermann:/opt/ros/humble /usr/bin/cmake /home/students/workspace/src/navigation/carter_navigation -DAMENT_CMAKE_SYMLINK_INSTALL=1 -DCMAKE_INSTALL_PREFIX=/home/students/workspace/install/carter_navigation
[0.674s] -- The C compiler identification is GNU 11.4.0
[0.674s] -- The CXX compiler identification is GNU 11.4.0
[0.674s] -- Detecting C compiler ABI info
[0.674s] -- Detecting C compiler ABI info - done
[0.674s] -- Check for working C compiler: /usr/bin/cc - skipped
[0.674s] -- Detecting C compile features
[0.674s] -- Detecting C compile features - done
[0.674s] -- Detecting CXX compiler ABI info
[0.674s] -- Detecting CXX compiler ABI info - done
[0.674s] -- Check for working CXX compiler: /usr/bin/c++ - skipped
[0.674s] -- Detecting CXX compile features
[0.674s] -- Detecting CXX compile features - done
[0.674s] -- Found ament_cmake: 1.3.14 (/opt/ros/humble/share/ament_cmake/cmake)
[0.674s] -- Found Python3: /usr/bin/python3 (found version "3.10.12") found components: Interpreter 
[0.674s] -- Override CMake install command with custom implementation using symlinks instead of copying resources
[0.674s] -- Configuring done
[0.674s] -- Generating done
[0.674s] -- Build files have been written to: /home/students/workspace/build/carter_navigation
[0.685s] Invoked command in '/home/students/workspace/build/carter_navigation' returned '0': CMAKE_PREFIX_PATH=${CMAKE_PREFIX_PATH}:/home/students/workspace/install/isaacsim_bringup:/home/students/workspace/install/isaac_ros_navigation_goal:/home/students/workspace/install/isaac_moveit:/home/students/workspace/install/isaac_compressed_image_decoder:/home/students/workspace/install/h1_fullbody_controller:/home/students/workspace/install/cmdvel_to_ackermann:/opt/ros/humble /usr/bin/cmake /home/students/workspace/src/navigation/carter_navigation -DAMENT_CMAKE_SYMLINK_INSTALL=1 -DCMAKE_INSTALL_PREFIX=/home/students/workspace/install/carter_navigation
[0.686s] Invoking command in '/home/students/workspace/build/carter_navigation': CMAKE_PREFIX_PATH=${CMAKE_PREFIX_PATH}:/home/students/workspace/install/isaacsim_bringup:/home/students/workspace/install/isaac_ros_navigation_goal:/home/students/workspace/install/isaac_moveit:/home/students/workspace/install/isaac_compressed_image_decoder:/home/students/workspace/install/h1_fullbody_controller:/home/students/workspace/install/cmdvel_to_ackermann:/opt/ros/humble /usr/bin/cmake --build /home/students/workspace/build/carter_navigation -- -j24 -l24
[0.714s] Invoked command in '/home/students/workspace/build/carter_navigation' returned '0': CMAKE_PREFIX_PATH=${CMAKE_PREFIX_PATH}:/home/students/workspace/install/isaacsim_bringup:/home/students/workspace/install/isaac_ros_navigation_goal:/home/students/workspace/install/isaac_moveit:/home/students/workspace/install/isaac_compressed_image_decoder:/home/students/workspace/install/h1_fullbody_controller:/home/students/workspace/install/cmdvel_to_ackermann:/opt/ros/humble /usr/bin/cmake --build /home/students/workspace/build/carter_navigation -- -j24 -l24
[0.719s] Invoking command in '/home/students/workspace/build/carter_navigation': CMAKE_PREFIX_PATH=${CMAKE_PREFIX_PATH}:/home/students/workspace/install/isaacsim_bringup:/home/students/workspace/install/isaac_ros_navigation_goal:/home/students/workspace/install/isaac_moveit:/home/students/workspace/install/isaac_compressed_image_decoder:/home/students/workspace/install/h1_fullbody_controller:/home/students/workspace/install/cmdvel_to_ackermann:/opt/ros/humble /usr/bin/cmake --install /home/students/workspace/build/carter_navigation
[0.722s] -- Install configuration: ""
[0.722s] -- Execute custom install script
[0.723s] -- Symlinking: /home/students/workspace/install/carter_navigation/share/carter_navigation/launch/carter_navigation.launch.py
[0.725s] -- Symlinking: /home/students/workspace/install/carter_navigation/share/carter_navigation/launch/carter_navigation_individual.launch.py
[0.729s] -- Symlinking: /home/students/workspace/install/carter_navigation/share/carter_navigation/launch/carter_navigation_isaacsim.launch.py
[0.735s] -- Symlinking: /home/students/workspace/install/carter_navigation/share/carter_navigation/launch/multiple_robot_carter_navigation_hospital.launch.py
[0.742s] -- Symlinking: /home/students/workspace/install/carter_navigation/share/carter_navigation/launch/multiple_robot_carter_navigation_office.launch.py
[0.743s] -- Symlinking: /home/students/workspace/install/carter_navigation/share/carter_navigation/launch/nova_carter_description_isaac_sim.launch.py
[0.747s] -- Symlinking: /home/students/workspace/install/carter_navigation/share/carter_navigation/params/carter_navigation_params.yaml
[0.752s] -- Symlinking: /home/students/workspace/install/carter_navigation/share/carter_navigation/params/hospital/multi_robot_carter_navigation_params_1.yaml
[0.758s] -- Symlinking: /home/students/workspace/install/carter_navigation/share/carter_navigation/params/hospital/multi_robot_carter_navigation_params_2.yaml
[0.763s] -- Symlinking: /home/students/workspace/install/carter_navigation/share/carter_navigation/params/hospital/multi_robot_carter_navigation_params_3.yaml
[0.765s] -- Symlinking: /home/students/workspace/install/carter_navigation/share/carter_navigation/params/office/multi_robot_carter_navigation_params_1.yaml
[0.771s] -- Symlinking: /home/students/workspace/install/carter_navigation/share/carter_navigation/params/office/multi_robot_carter_navigation_params_2.yaml
[0.786s] -- Symlinking: /home/students/workspace/install/carter_navigation/share/carter_navigation/params/office/multi_robot_carter_navigation_params_3.yaml
[0.786s] -- Symlinking: /home/students/workspace/install/carter_navigation/share/carter_navigation/maps/carter_hospital_navigation.png
[0.786s] -- Symlinking: /home/students/workspace/install/carter_navigation/share/carter_navigation/maps/carter_hospital_navigation.yaml
[0.790s] -- Symlinking: /home/students/workspace/install/carter_navigation/share/carter_navigation/maps/carter_office_navigation.png
[0.795s] -- Symlinking: /home/students/workspace/install/carter_navigation/share/carter_navigation/maps/carter_office_navigation.yaml
[0.800s] -- Symlinking: /home/students/workspace/install/carter_navigation/share/carter_navigation/maps/carter_warehouse_navigation.png
[0.804s] -- Symlinking: /home/students/workspace/install/carter_navigation/share/carter_navigation/maps/carter_warehouse_navigation.yaml
[0.811s] -- Symlinking: /home/students/workspace/install/carter_navigation/share/carter_navigation/rviz2/carter_navigation.rviz
[0.818s] -- Symlinking: /home/students/workspace/install/carter_navigation/share/carter_navigation/rviz2/carter_navigation_namespaced.rviz
[0.820s] -- Symlinking: /home/students/workspace/install/carter_navigation/share/ament_index/resource_index/package_run_dependencies/carter_navigation
[0.825s] -- Symlinking: /home/students/workspace/install/carter_navigation/share/ament_index/resource_index/parent_prefix_path/carter_navigation
[0.829s] -- Symlinking: /home/students/workspace/install/carter_navigation/share/carter_navigation/environment/ament_prefix_path.sh
[0.836s] -- Symlinking: /home/students/workspace/install/carter_navigation/share/carter_navigation/environment/ament_prefix_path.dsv
[0.840s] -- Symlinking: /home/students/workspace/install/carter_navigation/share/carter_navigation/environment/path.sh
[0.845s] -- Symlinking: /home/students/workspace/install/carter_navigation/share/carter_navigation/environment/path.dsv
[0.849s] -- Symlinking: /home/students/workspace/install/carter_navigation/share/carter_navigation/local_setup.bash
[0.854s] -- Symlinking: /home/students/workspace/install/carter_navigation/share/carter_navigation/local_setup.sh
[0.857s] -- Symlinking: /home/students/workspace/install/carter_navigation/share/carter_navigation/local_setup.zsh
[0.862s] -- Symlinking: /home/students/workspace/install/carter_navigation/share/carter_navigation/local_setup.dsv
[0.866s] -- Symlinking: /home/students/workspace/install/carter_navigation/share/carter_navigation/package.dsv
[0.870s] -- Symlinking: /home/students/workspace/install/carter_navigation/share/ament_index/resource_index/packages/carter_navigation
[0.876s] -- Symlinking: /home/students/workspace/install/carter_navigation/share/carter_navigation/cmake/carter_navigationConfig.cmake
[0.882s] -- Symlinking: /home/students/workspace/install/carter_navigation/share/carter_navigation/cmake/carter_navigationConfig-version.cmake
[0.886s] -- Symlinking: /home/students/workspace/install/carter_navigation/share/carter_navigation/package.xml
[0.895s] Invoked command in '/home/students/workspace/build/carter_navigation' returned '0': CMAKE_PREFIX_PATH=${CMAKE_PREFIX_PATH}:/home/students/workspace/install/isaacsim_bringup:/home/students/workspace/install/isaac_ros_navigation_goal:/home/students/workspace/install/isaac_moveit:/home/students/workspace/install/isaac_compressed_image_decoder:/home/students/workspace/install/h1_fullbody_controller:/home/students/workspace/install/cmdvel_to_ackermann:/opt/ros/humble /usr/bin/cmake --install /home/students/workspace/build/carter_navigation
