running develop
running egg_info
creating isaac_ros_navigation_goal.egg-info
writing isaac_ros_navigation_goal.egg-info/PKG-INFO
writing dependency_links to isaac_ros_navigation_goal.egg-info/dependency_links.txt
writing entry points to isaac_ros_navigation_goal.egg-info/entry_points.txt
writing requirements to isaac_ros_navigation_goal.egg-info/requires.txt
writing top-level names to isaac_ros_navigation_goal.egg-info/top_level.txt
writing manifest file 'isaac_ros_navigation_goal.egg-info/SOURCES.txt'
reading manifest file 'isaac_ros_navigation_goal.egg-info/SOURCES.txt'
writing manifest file 'isaac_ros_navigation_goal.egg-info/SOURCES.txt'
running build_ext
Creating /home/students/workspace/install/isaac_ros_navigation_goal/lib/python3.10/site-packages/isaac-ros-navigation-goal.egg-link (link to .)
Installing SetNavigationGoal script to /home/students/workspace/install/isaac_ros_navigation_goal/lib/isaac_ros_navigation_goal

Installed /home/students/workspace/build/isaac_ros_navigation_goal
running symlink_data
creating /home/students/workspace/install/isaac_ros_navigation_goal/share/ament_index
creating /home/students/workspace/install/isaac_ros_navigation_goal/share/ament_index/resource_index
creating /home/students/workspace/install/isaac_ros_navigation_goal/share/ament_index/resource_index/packages
symbolically linking /home/students/workspace/build/isaac_ros_navigation_goal/resource/isaac_ros_navigation_goal -> /home/students/workspace/install/isaac_ros_navigation_goal/share/ament_index/resource_index/packages
symbolically linking /home/students/workspace/build/isaac_ros_navigation_goal/package.xml -> /home/students/workspace/install/isaac_ros_navigation_goal/share/isaac_ros_navigation_goal
creating /home/students/workspace/install/isaac_ros_navigation_goal/share/isaac_ros_navigation_goal/launch
symbolically linking /home/students/workspace/build/isaac_ros_navigation_goal/launch/isaac_ros_navigation_goal.launch.py -> /home/students/workspace/install/isaac_ros_navigation_goal/share/isaac_ros_navigation_goal/launch
creating /home/students/workspace/install/isaac_ros_navigation_goal/share/isaac_ros_navigation_goal/assets
symbolically linking /home/students/workspace/build/isaac_ros_navigation_goal/assets/carter_warehouse_navigation.png -> /home/students/workspace/install/isaac_ros_navigation_goal/share/isaac_ros_navigation_goal/assets
symbolically linking /home/students/workspace/build/isaac_ros_navigation_goal/assets/goals.txt -> /home/students/workspace/install/isaac_ros_navigation_goal/share/isaac_ros_navigation_goal/assets
symbolically linking /home/students/workspace/build/isaac_ros_navigation_goal/assets/carter_warehouse_navigation.yaml -> /home/students/workspace/install/isaac_ros_navigation_goal/share/isaac_ros_navigation_goal/assets
