[0.013s] Invoking command in '/home/students/workspace/build/turtlebot3_manipulation_moveit_config': AMENT_PREFIX_PATH=/home/students/workspace/install/turtlebot3_manipulation_description:${AMENT_PREFIX_PATH} CMAKE_PREFIX_PATH=/home/students/workspace/install/turtlebot3_manipulation_description:/home/students/workspace/install/turtlebot3_manipulation:/home/students/workspace/install/turtlebot3_manipulation_teleop:/home/students/workspace/install/turtlebot3_manipulation_navigation2:/home/students/workspace/install/turtlebot3_manipulation_moveit_config:/home/students/workspace/install/turtlebot3_manipulation_bringup:/home/students/workspace/install/turtlebot3_manipulation_cartographer:/home/students/workspace/install/iw_hub_navigation:/home/students/workspace/install/isaacsim_clearpath_nav2:/home/students/workspace/install/isaac_tutorials:/home/students/workspace/install/isaac_ros2_messages:/home/students/workspace/install/custom_message:/home/students/workspace/install/carter_navigation:/home/students/workspace/install/isaacsim_bringup:/home/students/workspace/install/isaac_ros_navigation_goal:/home/students/workspace/install/isaac_moveit:/home/students/workspace/install/isaac_compressed_image_decoder:/home/students/workspace/install/h1_fullbody_controller:/home/students/workspace/install/cmdvel_to_ackermann:/opt/ros/humble /usr/bin/cmake /home/students/workspace/src/turtlebot3_manipulation/turtlebot3_manipulation_moveit_config -DAMENT_CMAKE_SYMLINK_INSTALL=1 -DCMAKE_INSTALL_PREFIX=/home/students/workspace/install/turtlebot3_manipulation_moveit_config
[0.049s] -- The C compiler identification is GNU 11.4.0
[0.087s] -- The CXX compiler identification is GNU 11.4.0
[0.093s] -- Detecting C compiler ABI info
[0.139s] -- Detecting C compiler ABI info - done
[0.139s] -- Check for working C compiler: /usr/bin/cc - skipped
[0.139s] -- Detecting C compile features
[0.139s] -- Detecting C compile features - done
[0.141s] -- Detecting CXX compiler ABI info
[0.199s] -- Detecting CXX compiler ABI info - done
[0.200s] -- Check for working CXX compiler: /usr/bin/c++ - skipped
[0.200s] -- Detecting CXX compile features
[0.200s] -- Detecting CXX compile features - done
[0.205s] -- Found ament_cmake: 1.3.14 (/opt/ros/humble/share/ament_cmake/cmake)
[0.296s] -- Found Python3: /usr/bin/python3 (found version "3.10.12") found components: Interpreter 
[0.338s] -- Override CMake install command with custom implementation using symlinks instead of copying resources
[0.404s] -- Configuring done
[0.405s] -- Generating done
[0.406s] -- Build files have been written to: /home/students/workspace/build/turtlebot3_manipulation_moveit_config
[0.410s] Invoked command in '/home/students/workspace/build/turtlebot3_manipulation_moveit_config' returned '0': AMENT_PREFIX_PATH=/home/students/workspace/install/turtlebot3_manipulation_description:${AMENT_PREFIX_PATH} CMAKE_PREFIX_PATH=/home/students/workspace/install/turtlebot3_manipulation_description:/home/students/workspace/install/turtlebot3_manipulation:/home/students/workspace/install/turtlebot3_manipulation_teleop:/home/students/workspace/install/turtlebot3_manipulation_navigation2:/home/students/workspace/install/turtlebot3_manipulation_moveit_config:/home/students/workspace/install/turtlebot3_manipulation_bringup:/home/students/workspace/install/turtlebot3_manipulation_cartographer:/home/students/workspace/install/iw_hub_navigation:/home/students/workspace/install/isaacsim_clearpath_nav2:/home/students/workspace/install/isaac_tutorials:/home/students/workspace/install/isaac_ros2_messages:/home/students/workspace/install/custom_message:/home/students/workspace/install/carter_navigation:/home/students/workspace/install/isaacsim_bringup:/home/students/workspace/install/isaac_ros_navigation_goal:/home/students/workspace/install/isaac_moveit:/home/students/workspace/install/isaac_compressed_image_decoder:/home/students/workspace/install/h1_fullbody_controller:/home/students/workspace/install/cmdvel_to_ackermann:/opt/ros/humble /usr/bin/cmake /home/students/workspace/src/turtlebot3_manipulation/turtlebot3_manipulation_moveit_config -DAMENT_CMAKE_SYMLINK_INSTALL=1 -DCMAKE_INSTALL_PREFIX=/home/students/workspace/install/turtlebot3_manipulation_moveit_config
[0.410s] Invoking command in '/home/students/workspace/build/turtlebot3_manipulation_moveit_config': AMENT_PREFIX_PATH=/home/students/workspace/install/turtlebot3_manipulation_description:${AMENT_PREFIX_PATH} CMAKE_PREFIX_PATH=/home/students/workspace/install/turtlebot3_manipulation_description:/home/students/workspace/install/turtlebot3_manipulation:/home/students/workspace/install/turtlebot3_manipulation_teleop:/home/students/workspace/install/turtlebot3_manipulation_navigation2:/home/students/workspace/install/turtlebot3_manipulation_moveit_config:/home/students/workspace/install/turtlebot3_manipulation_bringup:/home/students/workspace/install/turtlebot3_manipulation_cartographer:/home/students/workspace/install/iw_hub_navigation:/home/students/workspace/install/isaacsim_clearpath_nav2:/home/students/workspace/install/isaac_tutorials:/home/students/workspace/install/isaac_ros2_messages:/home/students/workspace/install/custom_message:/home/students/workspace/install/carter_navigation:/home/students/workspace/install/isaacsim_bringup:/home/students/workspace/install/isaac_ros_navigation_goal:/home/students/workspace/install/isaac_moveit:/home/students/workspace/install/isaac_compressed_image_decoder:/home/students/workspace/install/h1_fullbody_controller:/home/students/workspace/install/cmdvel_to_ackermann:/opt/ros/humble /usr/bin/cmake --build /home/students/workspace/build/turtlebot3_manipulation_moveit_config -- -j24 -l24
[0.434s] Invoked command in '/home/students/workspace/build/turtlebot3_manipulation_moveit_config' returned '0': AMENT_PREFIX_PATH=/home/students/workspace/install/turtlebot3_manipulation_description:${AMENT_PREFIX_PATH} CMAKE_PREFIX_PATH=/home/students/workspace/install/turtlebot3_manipulation_description:/home/students/workspace/install/turtlebot3_manipulation:/home/students/workspace/install/turtlebot3_manipulation_teleop:/home/students/workspace/install/turtlebot3_manipulation_navigation2:/home/students/workspace/install/turtlebot3_manipulation_moveit_config:/home/students/workspace/install/turtlebot3_manipulation_bringup:/home/students/workspace/install/turtlebot3_manipulation_cartographer:/home/students/workspace/install/iw_hub_navigation:/home/students/workspace/install/isaacsim_clearpath_nav2:/home/students/workspace/install/isaac_tutorials:/home/students/workspace/install/isaac_ros2_messages:/home/students/workspace/install/custom_message:/home/students/workspace/install/carter_navigation:/home/students/workspace/install/isaacsim_bringup:/home/students/workspace/install/isaac_ros_navigation_goal:/home/students/workspace/install/isaac_moveit:/home/students/workspace/install/isaac_compressed_image_decoder:/home/students/workspace/install/h1_fullbody_controller:/home/students/workspace/install/cmdvel_to_ackermann:/opt/ros/humble /usr/bin/cmake --build /home/students/workspace/build/turtlebot3_manipulation_moveit_config -- -j24 -l24
[0.434s] Invoking command in '/home/students/workspace/build/turtlebot3_manipulation_moveit_config': AMENT_PREFIX_PATH=/home/students/workspace/install/turtlebot3_manipulation_description:${AMENT_PREFIX_PATH} CMAKE_PREFIX_PATH=/home/students/workspace/install/turtlebot3_manipulation_description:/home/students/workspace/install/turtlebot3_manipulation:/home/students/workspace/install/turtlebot3_manipulation_teleop:/home/students/workspace/install/turtlebot3_manipulation_navigation2:/home/students/workspace/install/turtlebot3_manipulation_moveit_config:/home/students/workspace/install/turtlebot3_manipulation_bringup:/home/students/workspace/install/turtlebot3_manipulation_cartographer:/home/students/workspace/install/iw_hub_navigation:/home/students/workspace/install/isaacsim_clearpath_nav2:/home/students/workspace/install/isaac_tutorials:/home/students/workspace/install/isaac_ros2_messages:/home/students/workspace/install/custom_message:/home/students/workspace/install/carter_navigation:/home/students/workspace/install/isaacsim_bringup:/home/students/workspace/install/isaac_ros_navigation_goal:/home/students/workspace/install/isaac_moveit:/home/students/workspace/install/isaac_compressed_image_decoder:/home/students/workspace/install/h1_fullbody_controller:/home/students/workspace/install/cmdvel_to_ackermann:/opt/ros/humble /usr/bin/cmake --install /home/students/workspace/build/turtlebot3_manipulation_moveit_config
[0.438s] -- Install configuration: ""
[0.438s] -- Execute custom install script
[0.438s] -- Symlinking: /home/students/workspace/install/turtlebot3_manipulation_moveit_config/share/turtlebot3_manipulation_moveit_config/launch/move_group.launch.py
[0.443s] -- Symlinking: /home/students/workspace/install/turtlebot3_manipulation_moveit_config/share/turtlebot3_manipulation_moveit_config/launch/moveit_core.launch.py
[0.448s] -- Symlinking: /home/students/workspace/install/turtlebot3_manipulation_moveit_config/share/turtlebot3_manipulation_moveit_config/launch/moveit_fake.launch.py
[0.454s] -- Symlinking: /home/students/workspace/install/turtlebot3_manipulation_moveit_config/share/turtlebot3_manipulation_moveit_config/launch/moveit_gazebo.launch.py
[0.459s] -- Symlinking: /home/students/workspace/install/turtlebot3_manipulation_moveit_config/share/turtlebot3_manipulation_moveit_config/launch/moveit_rviz.launch.py
[0.463s] -- Symlinking: /home/students/workspace/install/turtlebot3_manipulation_moveit_config/share/turtlebot3_manipulation_moveit_config/launch/rsp.launch.py
[0.467s] -- Symlinking: /home/students/workspace/install/turtlebot3_manipulation_moveit_config/share/turtlebot3_manipulation_moveit_config/launch/servo.launch.py
[0.472s] -- Symlinking: /home/students/workspace/install/turtlebot3_manipulation_moveit_config/share/turtlebot3_manipulation_moveit_config/launch/setup_assistant.launch.py
[0.476s] -- Symlinking: /home/students/workspace/install/turtlebot3_manipulation_moveit_config/share/turtlebot3_manipulation_moveit_config/launch/spawn_controllers.launch.py
[0.480s] -- Symlinking: /home/students/workspace/install/turtlebot3_manipulation_moveit_config/share/turtlebot3_manipulation_moveit_config/launch/static_virtual_joint_tfs.launch.py
[0.485s] -- Symlinking: /home/students/workspace/install/turtlebot3_manipulation_moveit_config/share/turtlebot3_manipulation_moveit_config/config/initial_positions.yaml
[0.489s] -- Symlinking: /home/students/workspace/install/turtlebot3_manipulation_moveit_config/share/turtlebot3_manipulation_moveit_config/config/joint_limits.yaml
[0.495s] -- Symlinking: /home/students/workspace/install/turtlebot3_manipulation_moveit_config/share/turtlebot3_manipulation_moveit_config/config/kinematics.yaml
[0.497s] -- Symlinking: /home/students/workspace/install/turtlebot3_manipulation_moveit_config/share/turtlebot3_manipulation_moveit_config/config/moveit.rviz
[0.501s] -- Symlinking: /home/students/workspace/install/turtlebot3_manipulation_moveit_config/share/turtlebot3_manipulation_moveit_config/config/moveit_controllers.yaml
[0.506s] -- Symlinking: /home/students/workspace/install/turtlebot3_manipulation_moveit_config/share/turtlebot3_manipulation_moveit_config/config/moveit_servo.yaml
[0.510s] -- Symlinking: /home/students/workspace/install/turtlebot3_manipulation_moveit_config/share/turtlebot3_manipulation_moveit_config/config/moveit_teleop.rviz
[0.515s] -- Symlinking: /home/students/workspace/install/turtlebot3_manipulation_moveit_config/share/turtlebot3_manipulation_moveit_config/config/ompl_planning.yaml
[0.520s] -- Symlinking: /home/students/workspace/install/turtlebot3_manipulation_moveit_config/share/turtlebot3_manipulation_moveit_config/config/turtlebot3_manipulation.srdf
[0.525s] -- Symlinking: /home/students/workspace/install/turtlebot3_manipulation_moveit_config/share/turtlebot3_manipulation_moveit_config/.setup_assistant
[0.530s] -- Symlinking: /home/students/workspace/install/turtlebot3_manipulation_moveit_config/share/ament_index/resource_index/package_run_dependencies/turtlebot3_manipulation_moveit_config
[0.534s] -- Symlinking: /home/students/workspace/install/turtlebot3_manipulation_moveit_config/share/ament_index/resource_index/parent_prefix_path/turtlebot3_manipulation_moveit_config
[0.539s] -- Symlinking: /home/students/workspace/install/turtlebot3_manipulation_moveit_config/share/turtlebot3_manipulation_moveit_config/environment/ament_prefix_path.sh
[0.545s] -- Symlinking: /home/students/workspace/install/turtlebot3_manipulation_moveit_config/share/turtlebot3_manipulation_moveit_config/environment/ament_prefix_path.dsv
[0.549s] -- Symlinking: /home/students/workspace/install/turtlebot3_manipulation_moveit_config/share/turtlebot3_manipulation_moveit_config/environment/path.sh
[0.554s] -- Symlinking: /home/students/workspace/install/turtlebot3_manipulation_moveit_config/share/turtlebot3_manipulation_moveit_config/environment/path.dsv
[0.559s] -- Symlinking: /home/students/workspace/install/turtlebot3_manipulation_moveit_config/share/turtlebot3_manipulation_moveit_config/local_setup.bash
[0.564s] -- Symlinking: /home/students/workspace/install/turtlebot3_manipulation_moveit_config/share/turtlebot3_manipulation_moveit_config/local_setup.sh
[0.569s] -- Symlinking: /home/students/workspace/install/turtlebot3_manipulation_moveit_config/share/turtlebot3_manipulation_moveit_config/local_setup.zsh
[0.574s] -- Symlinking: /home/students/workspace/install/turtlebot3_manipulation_moveit_config/share/turtlebot3_manipulation_moveit_config/local_setup.dsv
[0.579s] -- Symlinking: /home/students/workspace/install/turtlebot3_manipulation_moveit_config/share/turtlebot3_manipulation_moveit_config/package.dsv
[0.583s] -- Symlinking: /home/students/workspace/install/turtlebot3_manipulation_moveit_config/share/ament_index/resource_index/packages/turtlebot3_manipulation_moveit_config
[0.588s] -- Symlinking: /home/students/workspace/install/turtlebot3_manipulation_moveit_config/share/turtlebot3_manipulation_moveit_config/cmake/turtlebot3_manipulation_moveit_configConfig.cmake
[0.594s] -- Symlinking: /home/students/workspace/install/turtlebot3_manipulation_moveit_config/share/turtlebot3_manipulation_moveit_config/cmake/turtlebot3_manipulation_moveit_configConfig-version.cmake
[0.599s] -- Symlinking: /home/students/workspace/install/turtlebot3_manipulation_moveit_config/share/turtlebot3_manipulation_moveit_config/package.xml
[0.610s] Invoked command in '/home/students/workspace/build/turtlebot3_manipulation_moveit_config' returned '0': AMENT_PREFIX_PATH=/home/students/workspace/install/turtlebot3_manipulation_description:${AMENT_PREFIX_PATH} CMAKE_PREFIX_PATH=/home/students/workspace/install/turtlebot3_manipulation_description:/home/students/workspace/install/turtlebot3_manipulation:/home/students/workspace/install/turtlebot3_manipulation_teleop:/home/students/workspace/install/turtlebot3_manipulation_navigation2:/home/students/workspace/install/turtlebot3_manipulation_moveit_config:/home/students/workspace/install/turtlebot3_manipulation_bringup:/home/students/workspace/install/turtlebot3_manipulation_cartographer:/home/students/workspace/install/iw_hub_navigation:/home/students/workspace/install/isaacsim_clearpath_nav2:/home/students/workspace/install/isaac_tutorials:/home/students/workspace/install/isaac_ros2_messages:/home/students/workspace/install/custom_message:/home/students/workspace/install/carter_navigation:/home/students/workspace/install/isaacsim_bringup:/home/students/workspace/install/isaac_ros_navigation_goal:/home/students/workspace/install/isaac_moveit:/home/students/workspace/install/isaac_compressed_image_decoder:/home/students/workspace/install/h1_fullbody_controller:/home/students/workspace/install/cmdvel_to_ackermann:/opt/ros/humble /usr/bin/cmake --install /home/students/workspace/build/turtlebot3_manipulation_moveit_config
