[0.956s] Invoking command in '/home/ciderlab-server3/workspace/2026_industry_cowork/IsaacSim-ros_workspaces/humble_ws/src/isaac_compressed_image_decoder': PYTHONPATH=/home/ciderlab-server3/workspace/2026_industry_cowork/IsaacSim-ros_workspaces/humble_ws/build/isaac_compressed_image_decoder/prefix_override:/usr/lib/python3/dist-packages/colcon_core/task/python/colcon_distutils_commands:/home/ciderlab-server3/workspace/2026_industry_cowork/IsaacSim-ros_workspaces/humble_ws/install/isaac_compressed_image_decoder/lib/python3.10/site-packages:${PYTHONPATH} /usr/bin/python3 -W ignore:setup.py install is deprecated -W ignore:easy_install command is deprecated setup.py egg_info --egg-base ../../build/isaac_compressed_image_decoder build --build-base /home/ciderlab-server3/workspace/2026_industry_cowork/IsaacSim-ros_workspaces/humble_ws/build/isaac_compressed_image_decoder/build install --record /home/ciderlab-server3/workspace/2026_industry_cowork/IsaacSim-ros_workspaces/humble_ws/build/isaac_compressed_image_decoder/install.log --install-scripts $base/lib/isaac_compressed_image_decoder --single-version-externally-managed install_data
[1.075s] running egg_info
[1.075s] creating ../../build/isaac_compressed_image_decoder/isaac_compressed_image_decoder.egg-info
[1.075s] writing ../../build/isaac_compressed_image_decoder/isaac_compressed_image_decoder.egg-info/PKG-INFO
[1.075s] writing dependency_links to ../../build/isaac_compressed_image_decoder/isaac_compressed_image_decoder.egg-info/dependency_links.txt
[1.075s] writing entry points to ../../build/isaac_compressed_image_decoder/isaac_compressed_image_decoder.egg-info/entry_points.txt
[1.075s] writing requirements to ../../build/isaac_compressed_image_decoder/isaac_compressed_image_decoder.egg-info/requires.txt
[1.075s] writing top-level names to ../../build/isaac_compressed_image_decoder/isaac_compressed_image_decoder.egg-info/top_level.txt
[1.075s] writing manifest file '../../build/isaac_compressed_image_decoder/isaac_compressed_image_decoder.egg-info/SOURCES.txt'
[1.075s] reading manifest file '../../build/isaac_compressed_image_decoder/isaac_compressed_image_decoder.egg-info/SOURCES.txt'
[1.075s] writing manifest file '../../build/isaac_compressed_image_decoder/isaac_compressed_image_decoder.egg-info/SOURCES.txt'
[1.075s] running build
[1.075s] running build_py
[1.077s] creating /home/ciderlab-server3/workspace/2026_industry_cowork/IsaacSim-ros_workspaces/humble_ws/build/isaac_compressed_image_decoder/build
[1.077s] creating /home/ciderlab-server3/workspace/2026_industry_cowork/IsaacSim-ros_workspaces/humble_ws/build/isaac_compressed_image_decoder/build/lib
[1.077s] creating /home/ciderlab-server3/workspace/2026_industry_cowork/IsaacSim-ros_workspaces/humble_ws/build/isaac_compressed_image_decoder/build/lib/isaac_compressed_image_decoder
[1.077s] copying isaac_compressed_image_decoder/decoder_node.py -> /home/ciderlab-server3/workspace/2026_industry_cowork/IsaacSim-ros_workspaces/humble_ws/build/isaac_compressed_image_decoder/build/lib/isaac_compressed_image_decoder
[1.077s] copying isaac_compressed_image_decoder/__init__.py -> /home/ciderlab-server3/workspace/2026_industry_cowork/IsaacSim-ros_workspaces/humble_ws/build/isaac_compressed_image_decoder/build/lib/isaac_compressed_image_decoder
[1.077s] running install
[1.077s] running install_lib
[1.078s] creating /home/ciderlab-server3/workspace/2026_industry_cowork/IsaacSim-ros_workspaces/humble_ws/install/isaac_compressed_image_decoder/lib/python3.10/site-packages/isaac_compressed_image_decoder
[1.078s] copying /home/ciderlab-server3/workspace/2026_industry_cowork/IsaacSim-ros_workspaces/humble_ws/build/isaac_compressed_image_decoder/build/lib/isaac_compressed_image_decoder/decoder_node.py -> /home/ciderlab-server3/workspace/2026_industry_cowork/IsaacSim-ros_workspaces/humble_ws/install/isaac_compressed_image_decoder/lib/python3.10/site-packages/isaac_compressed_image_decoder
[1.078s] copying /home/ciderlab-server3/workspace/2026_industry_cowork/IsaacSim-ros_workspaces/humble_ws/build/isaac_compressed_image_decoder/build/lib/isaac_compressed_image_decoder/__init__.py -> /home/ciderlab-server3/workspace/2026_industry_cowork/IsaacSim-ros_workspaces/humble_ws/install/isaac_compressed_image_decoder/lib/python3.10/site-packages/isaac_compressed_image_decoder
[1.079s] byte-compiling /home/ciderlab-server3/workspace/2026_industry_cowork/IsaacSim-ros_workspaces/humble_ws/install/isaac_compressed_image_decoder/lib/python3.10/site-packages/isaac_compressed_image_decoder/decoder_node.py to decoder_node.cpython-310.pyc
[1.079s] byte-compiling /home/ciderlab-server3/workspace/2026_industry_cowork/IsaacSim-ros_workspaces/humble_ws/install/isaac_compressed_image_decoder/lib/python3.10/site-packages/isaac_compressed_image_decoder/__init__.py to __init__.cpython-310.pyc
[1.079s] running install_data
[1.079s] creating /home/ciderlab-server3/workspace/2026_industry_cowork/IsaacSim-ros_workspaces/humble_ws/install/isaac_compressed_image_decoder/share/ament_index
[1.079s] creating /home/ciderlab-server3/workspace/2026_industry_cowork/IsaacSim-ros_workspaces/humble_ws/install/isaac_compressed_image_decoder/share/ament_index/resource_index
[1.079s] creating /home/ciderlab-server3/workspace/2026_industry_cowork/IsaacSim-ros_workspaces/humble_ws/install/isaac_compressed_image_decoder/share/ament_index/resource_index/packages
[1.079s] copying resource/isaac_compressed_image_decoder -> /home/ciderlab-server3/workspace/2026_industry_cowork/IsaacSim-ros_workspaces/humble_ws/install/isaac_compressed_image_decoder/share/ament_index/resource_index/packages
[1.079s] copying package.xml -> /home/ciderlab-server3/workspace/2026_industry_cowork/IsaacSim-ros_workspaces/humble_ws/install/isaac_compressed_image_decoder/share/isaac_compressed_image_decoder
[1.079s] running install_egg_info
[1.079s] Copying ../../build/isaac_compressed_image_decoder/isaac_compressed_image_decoder.egg-info to /home/ciderlab-server3/workspace/2026_industry_cowork/IsaacSim-ros_workspaces/humble_ws/install/isaac_compressed_image_decoder/lib/python3.10/site-packages/isaac_compressed_image_decoder-0.1.0-py3.10.egg-info
[1.079s] running install_scripts
[1.088s] Installing decoder_node script to /home/ciderlab-server3/workspace/2026_industry_cowork/IsaacSim-ros_workspaces/humble_ws/install/isaac_compressed_image_decoder/lib/isaac_compressed_image_decoder
[1.088s] writing list of installed files to '/home/ciderlab-server3/workspace/2026_industry_cowork/IsaacSim-ros_workspaces/humble_ws/build/isaac_compressed_image_decoder/install.log'
[1.104s] Invoked command in '/home/ciderlab-server3/workspace/2026_industry_cowork/IsaacSim-ros_workspaces/humble_ws/src/isaac_compressed_image_decoder' returned '0': PYTHONPATH=/home/ciderlab-server3/workspace/2026_industry_cowork/IsaacSim-ros_workspaces/humble_ws/build/isaac_compressed_image_decoder/prefix_override:/usr/lib/python3/dist-packages/colcon_core/task/python/colcon_distutils_commands:/home/ciderlab-server3/workspace/2026_industry_cowork/IsaacSim-ros_workspaces/humble_ws/install/isaac_compressed_image_decoder/lib/python3.10/site-packages:${PYTHONPATH} /usr/bin/python3 -W ignore:setup.py install is deprecated -W ignore:easy_install command is deprecated setup.py egg_info --egg-base ../../build/isaac_compressed_image_decoder build --build-base /home/ciderlab-server3/workspace/2026_industry_cowork/IsaacSim-ros_workspaces/humble_ws/build/isaac_compressed_image_decoder/build install --record /home/ciderlab-server3/workspace/2026_industry_cowork/IsaacSim-ros_workspaces/humble_ws/build/isaac_compressed_image_decoder/install.log --install-scripts $base/lib/isaac_compressed_image_decoder --single-version-externally-managed install_data
