[30.039s] Invoking command in '/home/students/workspace/build/ai_festa_navigation': CMAKE_PREFIX_PATH=${CMAKE_PREFIX_PATH}:/home/students/workspace/install/isaacsim_bringup:/home/students/workspace/install/isaac_ros_navigation_goal:/home/students/workspace/install/isaac_moveit:/home/students/workspace/install/isaac_compressed_image_decoder:/home/students/workspace/install/h1_fullbody_controller:/home/students/workspace/install/cmdvel_to_ackermann:/opt/ros/humble /usr/bin/cmake /home/students/workspace/ai_festa_src/ai_festa_navigation -DAMENT_CMAKE_SYMLINK_INSTALL=1 -DCMAKE_INSTALL_PREFIX=/home/students/workspace/install/ai_festa_navigation
[30.049s] -- Found ament_cmake: 1.3.14 (/opt/ros/humble/share/ament_cmake/cmake)
[30.110s] -- Override CMake install command with custom implementation using symlinks instead of copying resources
[30.151s] -- Configuring done
[30.152s] -- Generating done
[30.152s] -- Build files have been written to: /home/students/workspace/build/ai_festa_navigation
[60.045s] Invoked command in '/home/students/workspace/build/ai_festa_navigation' returned '0': CMAKE_PREFIX_PATH=${CMAKE_PREFIX_PATH}:/home/students/workspace/install/isaacsim_bringup:/home/students/workspace/install/isaac_ros_navigation_goal:/home/students/workspace/install/isaac_moveit:/home/students/workspace/install/isaac_compressed_image_decoder:/home/students/workspace/install/h1_fullbody_controller:/home/students/workspace/install/cmdvel_to_ackermann:/opt/ros/humble /usr/bin/cmake /home/students/workspace/ai_festa_src/ai_festa_navigation -DAMENT_CMAKE_SYMLINK_INSTALL=1 -DCMAKE_INSTALL_PREFIX=/home/students/workspace/install/ai_festa_navigation
[60.046s] Invoking command in '/home/students/workspace/build/ai_festa_navigation': CMAKE_PREFIX_PATH=${CMAKE_PREFIX_PATH}:/home/students/workspace/install/isaacsim_bringup:/home/students/workspace/install/isaac_ros_navigation_goal:/home/students/workspace/install/isaac_moveit:/home/students/workspace/install/isaac_compressed_image_decoder:/home/students/workspace/install/h1_fullbody_controller:/home/students/workspace/install/cmdvel_to_ackermann:/opt/ros/humble /usr/bin/cmake --build /home/students/workspace/build/ai_festa_navigation -- -j24 -l24
[60.068s] Invoked command in '/home/students/workspace/build/ai_festa_navigation' returned '0': CMAKE_PREFIX_PATH=${CMAKE_PREFIX_PATH}:/home/students/workspace/install/isaacsim_bringup:/home/students/workspace/install/isaac_ros_navigation_goal:/home/students/workspace/install/isaac_moveit:/home/students/workspace/install/isaac_compressed_image_decoder:/home/students/workspace/install/h1_fullbody_controller:/home/students/workspace/install/cmdvel_to_ackermann:/opt/ros/humble /usr/bin/cmake --build /home/students/workspace/build/ai_festa_navigation -- -j24 -l24
[60.074s] Invoking command in '/home/students/workspace/build/ai_festa_navigation': CMAKE_PREFIX_PATH=${CMAKE_PREFIX_PATH}:/home/students/workspace/install/isaacsim_bringup:/home/students/workspace/install/isaac_ros_navigation_goal:/home/students/workspace/install/isaac_moveit:/home/students/workspace/install/isaac_compressed_image_decoder:/home/students/workspace/install/h1_fullbody_controller:/home/students/workspace/install/cmdvel_to_ackermann:/opt/ros/humble /usr/bin/cmake --install /home/students/workspace/build/ai_festa_navigation
[60.078s] -- Install configuration: ""
[60.078s] -- Execute custom install script
[60.078s] -- Symlinking: /home/students/workspace/install/ai_festa_navigation/share/ai_festa_navigation/launch/ai_festa_nav2.launch.py
[60.082s] -- Symlinking: /home/students/workspace/install/ai_festa_navigation/share/ai_festa_navigation/config/ai_festa_nav2_params.yaml
[60.086s] -- Symlinking: /home/students/workspace/install/ai_festa_navigation/share/ament_index/resource_index/package_run_dependencies/ai_festa_navigation
[60.090s] -- Symlinking: /home/students/workspace/install/ai_festa_navigation/share/ament_index/resource_index/parent_prefix_path/ai_festa_navigation
[60.094s] -- Symlinking: /home/students/workspace/install/ai_festa_navigation/share/ai_festa_navigation/environment/ament_prefix_path.sh
[60.099s] -- Symlinking: /home/students/workspace/install/ai_festa_navigation/share/ai_festa_navigation/environment/ament_prefix_path.dsv
[60.102s] -- Symlinking: /home/students/workspace/install/ai_festa_navigation/share/ai_festa_navigation/environment/path.sh
[60.107s] -- Symlinking: /home/students/workspace/install/ai_festa_navigation/share/ai_festa_navigation/environment/path.dsv
[60.111s] -- Symlinking: /home/students/workspace/install/ai_festa_navigation/share/ai_festa_navigation/local_setup.bash
[60.114s] -- Symlinking: /home/students/workspace/install/ai_festa_navigation/share/ai_festa_navigation/local_setup.sh
[60.119s] -- Symlinking: /home/students/workspace/install/ai_festa_navigation/share/ai_festa_navigation/local_setup.zsh
[60.122s] -- Symlinking: /home/students/workspace/install/ai_festa_navigation/share/ai_festa_navigation/local_setup.dsv
[60.126s] -- Symlinking: /home/students/workspace/install/ai_festa_navigation/share/ai_festa_navigation/package.dsv
[60.131s] -- Symlinking: /home/students/workspace/install/ai_festa_navigation/share/ament_index/resource_index/packages/ai_festa_navigation
[60.134s] -- Symlinking: /home/students/workspace/install/ai_festa_navigation/share/ai_festa_navigation/cmake/ai_festa_navigationConfig.cmake
[60.138s] -- Symlinking: /home/students/workspace/install/ai_festa_navigation/share/ai_festa_navigation/cmake/ai_festa_navigationConfig-version.cmake
[60.141s] -- Symlinking: /home/students/workspace/install/ai_festa_navigation/share/ai_festa_navigation/package.xml
[90.075s] Invoked command in '/home/students/workspace/build/ai_festa_navigation' returned '0': CMAKE_PREFIX_PATH=${CMAKE_PREFIX_PATH}:/home/students/workspace/install/isaacsim_bringup:/home/students/workspace/install/isaac_ros_navigation_goal:/home/students/workspace/install/isaac_moveit:/home/students/workspace/install/isaac_compressed_image_decoder:/home/students/workspace/install/h1_fullbody_controller:/home/students/workspace/install/cmdvel_to_ackermann:/opt/ros/humble /usr/bin/cmake --install /home/students/workspace/build/ai_festa_navigation
