/home/cofla/adaptive_manip_ws/install/perception_pkg/lib/python3.10/site-packages/perception_pkg/stabilizer.py
/home/cofla/adaptive_manip_ws/install/perception_pkg/lib/python3.10/site-packages/perception_pkg/fake_d555_publisher.py
/home/cofla/adaptive_manip_ws/install/perception_pkg/lib/python3.10/site-packages/perception_pkg/detected_object_node.py
/home/cofla/adaptive_manip_ws/install/perception_pkg/lib/python3.10/site-packages/perception_pkg/pixel_to_3d.py
/home/cofla/adaptive_manip_ws/install/perception_pkg/lib/python3.10/site-packages/perception_pkg/roi_detector.py
/home/cofla/adaptive_manip_ws/install/perception_pkg/lib/python3.10/site-packages/perception_pkg/__init__.py
/home/cofla/adaptive_manip_ws/install/perception_pkg/lib/python3.10/site-packages/perception_pkg/point_cloud_utils.py
/home/cofla/adaptive_manip_ws/install/perception_pkg/lib/python3.10/site-packages/perception_pkg/experiment_logger.py
/home/cofla/adaptive_manip_ws/install/perception_pkg/lib/python3.10/site-packages/perception_pkg/base_link_transform.py
/home/cofla/adaptive_manip_ws/install/perception_pkg/lib/python3.10/site-packages/perception_pkg/__pycache__/stabilizer.cpython-310.pyc
/home/cofla/adaptive_manip_ws/install/perception_pkg/lib/python3.10/site-packages/perception_pkg/__pycache__/fake_d555_publisher.cpython-310.pyc
/home/cofla/adaptive_manip_ws/install/perception_pkg/lib/python3.10/site-packages/perception_pkg/__pycache__/detected_object_node.cpython-310.pyc
/home/cofla/adaptive_manip_ws/install/perception_pkg/lib/python3.10/site-packages/perception_pkg/__pycache__/pixel_to_3d.cpython-310.pyc
/home/cofla/adaptive_manip_ws/install/perception_pkg/lib/python3.10/site-packages/perception_pkg/__pycache__/roi_detector.cpython-310.pyc
/home/cofla/adaptive_manip_ws/install/perception_pkg/lib/python3.10/site-packages/perception_pkg/__pycache__/__init__.cpython-310.pyc
/home/cofla/adaptive_manip_ws/install/perception_pkg/lib/python3.10/site-packages/perception_pkg/__pycache__/point_cloud_utils.cpython-310.pyc
/home/cofla/adaptive_manip_ws/install/perception_pkg/lib/python3.10/site-packages/perception_pkg/__pycache__/experiment_logger.cpython-310.pyc
/home/cofla/adaptive_manip_ws/install/perception_pkg/lib/python3.10/site-packages/perception_pkg/__pycache__/base_link_transform.cpython-310.pyc
/home/cofla/adaptive_manip_ws/install/perception_pkg/share/ament_index/resource_index/packages/perception_pkg
/home/cofla/adaptive_manip_ws/install/perception_pkg/share/perception_pkg/package.xml
/home/cofla/adaptive_manip_ws/install/perception_pkg/share/perception_pkg/sample_data/fake_input.json
/home/cofla/adaptive_manip_ws/install/perception_pkg/lib/python3.10/site-packages/perception_pkg-0.0.1-py3.10.egg-info/SOURCES.txt
/home/cofla/adaptive_manip_ws/install/perception_pkg/lib/python3.10/site-packages/perception_pkg-0.0.1-py3.10.egg-info/PKG-INFO
/home/cofla/adaptive_manip_ws/install/perception_pkg/lib/python3.10/site-packages/perception_pkg-0.0.1-py3.10.egg-info/dependency_links.txt
/home/cofla/adaptive_manip_ws/install/perception_pkg/lib/python3.10/site-packages/perception_pkg-0.0.1-py3.10.egg-info/top_level.txt
/home/cofla/adaptive_manip_ws/install/perception_pkg/lib/python3.10/site-packages/perception_pkg-0.0.1-py3.10.egg-info/zip-safe
/home/cofla/adaptive_manip_ws/install/perception_pkg/lib/python3.10/site-packages/perception_pkg-0.0.1-py3.10.egg-info/requires.txt
/home/cofla/adaptive_manip_ws/install/perception_pkg/lib/python3.10/site-packages/perception_pkg-0.0.1-py3.10.egg-info/entry_points.txt
/home/cofla/adaptive_manip_ws/install/perception_pkg/lib/perception_pkg/detected_object_node
/home/cofla/adaptive_manip_ws/install/perception_pkg/lib/perception_pkg/fake_d555_publisher
