-- The C compiler identification is GNU 11.4.0
-- The CXX compiler identification is GNU 11.4.0
-- Detecting C compiler ABI info
-- Detecting C compiler ABI info - done
-- Check for working C compiler: /usr/bin/cc - skipped
-- Detecting C compile features
-- Detecting C compile features - done
-- Detecting CXX compiler ABI info
-- Detecting CXX compiler ABI info - done
-- Check for working CXX compiler: /usr/bin/c++ - skipped
-- Detecting CXX compile features
-- Detecting CXX compile features - done
-- Found ament_cmake: 1.3.14 (/opt/ros/humble/share/ament_cmake/cmake)
-- Found Python3: /usr/bin/python3 (found version "3.10.12") found components: Interpreter 
-- Override CMake install command with custom implementation using symlinks instead of copying resources
-- Configuring done
-- Generating done
-- Build files have been written to: /home/students/workspace/build/iw_hub_navigation
-- Install configuration: ""
-- Execute custom install script
-- Symlinking: /home/students/workspace/install/iw_hub_navigation/share/iw_hub_navigation/launch/iw_hub_navigation.launch.py
-- Symlinking: /home/students/workspace/install/iw_hub_navigation/share/iw_hub_navigation/launch/iw_hub_navigation_isaacsim.launch.py
-- Symlinking: /home/students/workspace/install/iw_hub_navigation/share/iw_hub_navigation/params/iw_hub_navigation_params.yaml
-- Symlinking: /home/students/workspace/install/iw_hub_navigation/share/iw_hub_navigation/maps/iw_hub_warehouse_navigation.png
-- Symlinking: /home/students/workspace/install/iw_hub_navigation/share/iw_hub_navigation/maps/iw_hub_warehouse_navigation.yaml
-- Symlinking: /home/students/workspace/install/iw_hub_navigation/share/iw_hub_navigation/rviz2/iw_hub_navigation.rviz
-- Symlinking: /home/students/workspace/install/iw_hub_navigation/share/ament_index/resource_index/package_run_dependencies/iw_hub_navigation
-- Symlinking: /home/students/workspace/install/iw_hub_navigation/share/ament_index/resource_index/parent_prefix_path/iw_hub_navigation
-- Symlinking: /home/students/workspace/install/iw_hub_navigation/share/iw_hub_navigation/environment/ament_prefix_path.sh
-- Symlinking: /home/students/workspace/install/iw_hub_navigation/share/iw_hub_navigation/environment/ament_prefix_path.dsv
-- Symlinking: /home/students/workspace/install/iw_hub_navigation/share/iw_hub_navigation/environment/path.sh
-- Symlinking: /home/students/workspace/install/iw_hub_navigation/share/iw_hub_navigation/environment/path.dsv
-- Symlinking: /home/students/workspace/install/iw_hub_navigation/share/iw_hub_navigation/local_setup.bash
-- Symlinking: /home/students/workspace/install/iw_hub_navigation/share/iw_hub_navigation/local_setup.sh
-- Symlinking: /home/students/workspace/install/iw_hub_navigation/share/iw_hub_navigation/local_setup.zsh
-- Symlinking: /home/students/workspace/install/iw_hub_navigation/share/iw_hub_navigation/local_setup.dsv
-- Symlinking: /home/students/workspace/install/iw_hub_navigation/share/iw_hub_navigation/package.dsv
-- Symlinking: /home/students/workspace/install/iw_hub_navigation/share/ament_index/resource_index/packages/iw_hub_navigation
-- Symlinking: /home/students/workspace/install/iw_hub_navigation/share/iw_hub_navigation/cmake/iw_hub_navigationConfig.cmake
-- Symlinking: /home/students/workspace/install/iw_hub_navigation/share/iw_hub_navigation/cmake/iw_hub_navigationConfig-version.cmake
-- Symlinking: /home/students/workspace/install/iw_hub_navigation/share/iw_hub_navigation/package.xml
