[0.655s] Invoking command in '/home/students/workspace/build/iw_hub_navigation': CMAKE_PREFIX_PATH=${CMAKE_PREFIX_PATH}:/home/students/workspace/install/isaacsim_bringup:/home/students/workspace/install/isaac_ros_navigation_goal:/home/students/workspace/install/isaac_moveit:/home/students/workspace/install/isaac_compressed_image_decoder:/home/students/workspace/install/h1_fullbody_controller:/home/students/workspace/install/cmdvel_to_ackermann:/opt/ros/humble /usr/bin/cmake /home/students/workspace/src/navigation/iw_hub_navigation -DAMENT_CMAKE_SYMLINK_INSTALL=1 -DCMAKE_INSTALL_PREFIX=/home/students/workspace/install/iw_hub_navigation
[0.690s] -- The C compiler identification is GNU 11.4.0
[0.717s] -- The CXX compiler identification is GNU 11.4.0
[0.721s] -- Detecting C compiler ABI info
[0.763s] -- Detecting C compiler ABI info - done
[0.766s] -- Check for working C compiler: /usr/bin/cc - skipped
[0.766s] -- Detecting C compile features
[0.766s] -- Detecting C compile features - done
[0.768s] -- Detecting CXX compiler ABI info
[0.811s] -- Detecting CXX compiler ABI info - done
[0.815s] -- Check for working CXX compiler: /usr/bin/c++ - skipped
[0.815s] -- Detecting CXX compile features
[0.816s] -- Detecting CXX compile features - done
[0.817s] -- Found ament_cmake: 1.3.14 (/opt/ros/humble/share/ament_cmake/cmake)
[0.910s] -- Found Python3: /usr/bin/python3 (found version "3.10.12") found components: Interpreter 
[0.951s] -- Override CMake install command with custom implementation using symlinks instead of copying resources
[1.011s] -- Configuring done
[1.013s] -- Generating done
[1.014s] -- Build files have been written to: /home/students/workspace/build/iw_hub_navigation
[1.022s] Invoked command in '/home/students/workspace/build/iw_hub_navigation' returned '0': CMAKE_PREFIX_PATH=${CMAKE_PREFIX_PATH}:/home/students/workspace/install/isaacsim_bringup:/home/students/workspace/install/isaac_ros_navigation_goal:/home/students/workspace/install/isaac_moveit:/home/students/workspace/install/isaac_compressed_image_decoder:/home/students/workspace/install/h1_fullbody_controller:/home/students/workspace/install/cmdvel_to_ackermann:/opt/ros/humble /usr/bin/cmake /home/students/workspace/src/navigation/iw_hub_navigation -DAMENT_CMAKE_SYMLINK_INSTALL=1 -DCMAKE_INSTALL_PREFIX=/home/students/workspace/install/iw_hub_navigation
[1.025s] Invoking command in '/home/students/workspace/build/iw_hub_navigation': CMAKE_PREFIX_PATH=${CMAKE_PREFIX_PATH}:/home/students/workspace/install/isaacsim_bringup:/home/students/workspace/install/isaac_ros_navigation_goal:/home/students/workspace/install/isaac_moveit:/home/students/workspace/install/isaac_compressed_image_decoder:/home/students/workspace/install/h1_fullbody_controller:/home/students/workspace/install/cmdvel_to_ackermann:/opt/ros/humble /usr/bin/cmake --build /home/students/workspace/build/iw_hub_navigation -- -j24 -l24
[1.052s] Invoked command in '/home/students/workspace/build/iw_hub_navigation' returned '0': CMAKE_PREFIX_PATH=${CMAKE_PREFIX_PATH}:/home/students/workspace/install/isaacsim_bringup:/home/students/workspace/install/isaac_ros_navigation_goal:/home/students/workspace/install/isaac_moveit:/home/students/workspace/install/isaac_compressed_image_decoder:/home/students/workspace/install/h1_fullbody_controller:/home/students/workspace/install/cmdvel_to_ackermann:/opt/ros/humble /usr/bin/cmake --build /home/students/workspace/build/iw_hub_navigation -- -j24 -l24
[1.053s] Invoking command in '/home/students/workspace/build/iw_hub_navigation': CMAKE_PREFIX_PATH=${CMAKE_PREFIX_PATH}:/home/students/workspace/install/isaacsim_bringup:/home/students/workspace/install/isaac_ros_navigation_goal:/home/students/workspace/install/isaac_moveit:/home/students/workspace/install/isaac_compressed_image_decoder:/home/students/workspace/install/h1_fullbody_controller:/home/students/workspace/install/cmdvel_to_ackermann:/opt/ros/humble /usr/bin/cmake --install /home/students/workspace/build/iw_hub_navigation
[1.058s] -- Install configuration: ""
[1.058s] -- Execute custom install script
[1.058s] -- Symlinking: /home/students/workspace/install/iw_hub_navigation/share/iw_hub_navigation/launch/iw_hub_navigation.launch.py
[1.062s] -- Symlinking: /home/students/workspace/install/iw_hub_navigation/share/iw_hub_navigation/launch/iw_hub_navigation_isaacsim.launch.py
[1.067s] -- Symlinking: /home/students/workspace/install/iw_hub_navigation/share/iw_hub_navigation/params/iw_hub_navigation_params.yaml
[1.071s] -- Symlinking: /home/students/workspace/install/iw_hub_navigation/share/iw_hub_navigation/maps/iw_hub_warehouse_navigation.png
[1.075s] -- Symlinking: /home/students/workspace/install/iw_hub_navigation/share/iw_hub_navigation/maps/iw_hub_warehouse_navigation.yaml
[1.080s] -- Symlinking: /home/students/workspace/install/iw_hub_navigation/share/iw_hub_navigation/rviz2/iw_hub_navigation.rviz
[1.086s] -- Symlinking: /home/students/workspace/install/iw_hub_navigation/share/ament_index/resource_index/package_run_dependencies/iw_hub_navigation
[1.092s] -- Symlinking: /home/students/workspace/install/iw_hub_navigation/share/ament_index/resource_index/parent_prefix_path/iw_hub_navigation
[1.097s] -- Symlinking: /home/students/workspace/install/iw_hub_navigation/share/iw_hub_navigation/environment/ament_prefix_path.sh
[1.103s] -- Symlinking: /home/students/workspace/install/iw_hub_navigation/share/iw_hub_navigation/environment/ament_prefix_path.dsv
[1.108s] -- Symlinking: /home/students/workspace/install/iw_hub_navigation/share/iw_hub_navigation/environment/path.sh
[1.111s] -- Symlinking: /home/students/workspace/install/iw_hub_navigation/share/iw_hub_navigation/environment/path.dsv
[1.117s] -- Symlinking: /home/students/workspace/install/iw_hub_navigation/share/iw_hub_navigation/local_setup.bash
[1.122s] -- Symlinking: /home/students/workspace/install/iw_hub_navigation/share/iw_hub_navigation/local_setup.sh
[1.128s] -- Symlinking: /home/students/workspace/install/iw_hub_navigation/share/iw_hub_navigation/local_setup.zsh
[1.133s] -- Symlinking: /home/students/workspace/install/iw_hub_navigation/share/iw_hub_navigation/local_setup.dsv
[1.138s] -- Symlinking: /home/students/workspace/install/iw_hub_navigation/share/iw_hub_navigation/package.dsv
[1.146s] -- Symlinking: /home/students/workspace/install/iw_hub_navigation/share/ament_index/resource_index/packages/iw_hub_navigation
[1.149s] -- Symlinking: /home/students/workspace/install/iw_hub_navigation/share/iw_hub_navigation/cmake/iw_hub_navigationConfig.cmake
[1.154s] -- Symlinking: /home/students/workspace/install/iw_hub_navigation/share/iw_hub_navigation/cmake/iw_hub_navigationConfig-version.cmake
[1.160s] -- Symlinking: /home/students/workspace/install/iw_hub_navigation/share/iw_hub_navigation/package.xml
[1.166s] Invoked command in '/home/students/workspace/build/iw_hub_navigation' returned '0': CMAKE_PREFIX_PATH=${CMAKE_PREFIX_PATH}:/home/students/workspace/install/isaacsim_bringup:/home/students/workspace/install/isaac_ros_navigation_goal:/home/students/workspace/install/isaac_moveit:/home/students/workspace/install/isaac_compressed_image_decoder:/home/students/workspace/install/h1_fullbody_controller:/home/students/workspace/install/cmdvel_to_ackermann:/opt/ros/humble /usr/bin/cmake --install /home/students/workspace/build/iw_hub_navigation
