[1.039s] Invoking command in '/home/ciderlab-server3/workspace/2026_industry_cowork/IsaacSim-ros_workspaces/humble_ws/src/ackermann_control/cmdvel_to_ackermann': PYTHONPATH=/home/ciderlab-server3/workspace/2026_industry_cowork/IsaacSim-ros_workspaces/humble_ws/build/cmdvel_to_ackermann/prefix_override:/usr/lib/python3/dist-packages/colcon_core/task/python/colcon_distutils_commands:/home/ciderlab-server3/workspace/2026_industry_cowork/IsaacSim-ros_workspaces/humble_ws/install/cmdvel_to_ackermann/lib/python3.10/site-packages:${PYTHONPATH} /usr/bin/python3 -W ignore:setup.py install is deprecated -W ignore:easy_install command is deprecated setup.py egg_info --egg-base ../../../build/cmdvel_to_ackermann build --build-base /home/ciderlab-server3/workspace/2026_industry_cowork/IsaacSim-ros_workspaces/humble_ws/build/cmdvel_to_ackermann/build install --record /home/ciderlab-server3/workspace/2026_industry_cowork/IsaacSim-ros_workspaces/humble_ws/build/cmdvel_to_ackermann/install.log --install-scripts $base/lib/cmdvel_to_ackermann --single-version-externally-managed install_data
[1.160s] running egg_info
[1.160s] writing ../../../build/cmdvel_to_ackermann/cmdvel_to_ackermann.egg-info/PKG-INFO
[1.161s] writing dependency_links to ../../../build/cmdvel_to_ackermann/cmdvel_to_ackermann.egg-info/dependency_links.txt
[1.161s] writing entry points to ../../../build/cmdvel_to_ackermann/cmdvel_to_ackermann.egg-info/entry_points.txt
[1.161s] writing requirements to ../../../build/cmdvel_to_ackermann/cmdvel_to_ackermann.egg-info/requires.txt
[1.161s] writing top-level names to ../../../build/cmdvel_to_ackermann/cmdvel_to_ackermann.egg-info/top_level.txt
[1.161s] reading manifest file '../../../build/cmdvel_to_ackermann/cmdvel_to_ackermann.egg-info/SOURCES.txt'
[1.161s] writing manifest file '../../../build/cmdvel_to_ackermann/cmdvel_to_ackermann.egg-info/SOURCES.txt'
[1.161s] running build
[1.161s] running build_py
[1.161s] running install
[1.161s] running install_lib
[1.163s] running install_data
[1.163s] running install_egg_info
[1.166s] removing '/home/ciderlab-server3/workspace/2026_industry_cowork/IsaacSim-ros_workspaces/humble_ws/install/cmdvel_to_ackermann/lib/python3.10/site-packages/cmdvel_to_ackermann-0.1.0-py3.10.egg-info' (and everything under it)
[1.167s] Copying ../../../build/cmdvel_to_ackermann/cmdvel_to_ackermann.egg-info to /home/ciderlab-server3/workspace/2026_industry_cowork/IsaacSim-ros_workspaces/humble_ws/install/cmdvel_to_ackermann/lib/python3.10/site-packages/cmdvel_to_ackermann-0.1.0-py3.10.egg-info
[1.167s] running install_scripts
[1.174s] Installing cmdvel_to_ackermann script to /home/ciderlab-server3/workspace/2026_industry_cowork/IsaacSim-ros_workspaces/humble_ws/install/cmdvel_to_ackermann/lib/cmdvel_to_ackermann
[1.174s] writing list of installed files to '/home/ciderlab-server3/workspace/2026_industry_cowork/IsaacSim-ros_workspaces/humble_ws/build/cmdvel_to_ackermann/install.log'
[1.201s] Invoked command in '/home/ciderlab-server3/workspace/2026_industry_cowork/IsaacSim-ros_workspaces/humble_ws/src/ackermann_control/cmdvel_to_ackermann' returned '0': PYTHONPATH=/home/ciderlab-server3/workspace/2026_industry_cowork/IsaacSim-ros_workspaces/humble_ws/build/cmdvel_to_ackermann/prefix_override:/usr/lib/python3/dist-packages/colcon_core/task/python/colcon_distutils_commands:/home/ciderlab-server3/workspace/2026_industry_cowork/IsaacSim-ros_workspaces/humble_ws/install/cmdvel_to_ackermann/lib/python3.10/site-packages:${PYTHONPATH} /usr/bin/python3 -W ignore:setup.py install is deprecated -W ignore:easy_install command is deprecated setup.py egg_info --egg-base ../../../build/cmdvel_to_ackermann build --build-base /home/ciderlab-server3/workspace/2026_industry_cowork/IsaacSim-ros_workspaces/humble_ws/build/cmdvel_to_ackermann/build install --record /home/ciderlab-server3/workspace/2026_industry_cowork/IsaacSim-ros_workspaces/humble_ws/build/cmdvel_to_ackermann/install.log --install-scripts $base/lib/cmdvel_to_ackermann --single-version-externally-managed install_data
