[0.685s] Invoking command in '/home/cofla/adaptive_manip_ws/src/perception_pkg': AMENT_PREFIX_PATH=/home/cofla/adaptive_manip_ws/install/perception_interfaces:${AMENT_PREFIX_PATH} CMAKE_PREFIX_PATH=/home/cofla/adaptive_manip_ws/install/perception_interfaces LD_LIBRARY_PATH=/home/cofla/adaptive_manip_ws/install/perception_interfaces/lib:${LD_LIBRARY_PATH} PYTHONPATH=/home/cofla/adaptive_manip_ws/build/perception_pkg/prefix_override:/usr/lib/python3/dist-packages/colcon_core/task/python/colcon_distutils_commands:/home/cofla/adaptive_manip_ws/install/perception_pkg/lib/python3.10/site-packages:/home/cofla/adaptive_manip_ws/install/perception_interfaces/local/lib/python3.10/dist-packages:${PYTHONPATH} /usr/bin/python3 -W ignore:setup.py install is deprecated -W ignore:easy_install command is deprecated setup.py egg_info --egg-base ../../build/perception_pkg build --build-base /home/cofla/adaptive_manip_ws/build/perception_pkg/build install --record /home/cofla/adaptive_manip_ws/build/perception_pkg/install.log --install-scripts $base/lib/perception_pkg --single-version-externally-managed install_data
[0.830s] running egg_info
[0.830s] writing ../../build/perception_pkg/perception_pkg.egg-info/PKG-INFO
[0.830s] writing dependency_links to ../../build/perception_pkg/perception_pkg.egg-info/dependency_links.txt
[0.830s] writing entry points to ../../build/perception_pkg/perception_pkg.egg-info/entry_points.txt
[0.830s] writing requirements to ../../build/perception_pkg/perception_pkg.egg-info/requires.txt
[0.830s] writing top-level names to ../../build/perception_pkg/perception_pkg.egg-info/top_level.txt
[0.831s] reading manifest file '../../build/perception_pkg/perception_pkg.egg-info/SOURCES.txt'
[0.833s] writing manifest file '../../build/perception_pkg/perception_pkg.egg-info/SOURCES.txt'
[0.833s] running build
[0.833s] running build_py
[0.833s] running install
[0.833s] running install_lib
[0.835s] running install_data
[0.835s] running install_egg_info
[0.837s] removing '/home/cofla/adaptive_manip_ws/install/perception_pkg/lib/python3.10/site-packages/perception_pkg-0.0.1-py3.10.egg-info' (and everything under it)
[0.838s] Copying ../../build/perception_pkg/perception_pkg.egg-info to /home/cofla/adaptive_manip_ws/install/perception_pkg/lib/python3.10/site-packages/perception_pkg-0.0.1-py3.10.egg-info
[0.839s] running install_scripts
[0.855s] Installing detected_object_node script to /home/cofla/adaptive_manip_ws/install/perception_pkg/lib/perception_pkg
[0.855s] Installing fake_d555_publisher script to /home/cofla/adaptive_manip_ws/install/perception_pkg/lib/perception_pkg
[0.856s] writing list of installed files to '/home/cofla/adaptive_manip_ws/build/perception_pkg/install.log'
[0.875s] Invoked command in '/home/cofla/adaptive_manip_ws/src/perception_pkg' returned '0': AMENT_PREFIX_PATH=/home/cofla/adaptive_manip_ws/install/perception_interfaces:${AMENT_PREFIX_PATH} CMAKE_PREFIX_PATH=/home/cofla/adaptive_manip_ws/install/perception_interfaces LD_LIBRARY_PATH=/home/cofla/adaptive_manip_ws/install/perception_interfaces/lib:${LD_LIBRARY_PATH} PYTHONPATH=/home/cofla/adaptive_manip_ws/build/perception_pkg/prefix_override:/usr/lib/python3/dist-packages/colcon_core/task/python/colcon_distutils_commands:/home/cofla/adaptive_manip_ws/install/perception_pkg/lib/python3.10/site-packages:/home/cofla/adaptive_manip_ws/install/perception_interfaces/local/lib/python3.10/dist-packages:${PYTHONPATH} /usr/bin/python3 -W ignore:setup.py install is deprecated -W ignore:easy_install command is deprecated setup.py egg_info --egg-base ../../build/perception_pkg build --build-base /home/cofla/adaptive_manip_ws/build/perception_pkg/build install --record /home/cofla/adaptive_manip_ws/build/perception_pkg/install.log --install-scripts $base/lib/perception_pkg --single-version-externally-managed install_data
