[0.564s] Invoking command in '/home/cofla/adaptive_manip_ws/src/perception_pkg': PYTHONPATH=/home/cofla/adaptive_manip_ws/build/perception_pkg/prefix_override:/usr/lib/python3/dist-packages/colcon_core/task/python/colcon_distutils_commands:/home/cofla/adaptive_manip_ws/install/perception_pkg/lib/python3.10/site-packages:${PYTHONPATH} /usr/bin/python3 -W ignore:setup.py install is deprecated -W ignore:easy_install command is deprecated setup.py egg_info --egg-base ../../build/perception_pkg build --build-base /home/cofla/adaptive_manip_ws/build/perception_pkg/build install --record /home/cofla/adaptive_manip_ws/build/perception_pkg/install.log --install-scripts $base/lib/perception_pkg --single-version-externally-managed install_data
[0.737s] running egg_info
[0.737s] writing ../../build/perception_pkg/perception_pkg.egg-info/PKG-INFO
[0.738s] writing dependency_links to ../../build/perception_pkg/perception_pkg.egg-info/dependency_links.txt
[0.738s] writing entry points to ../../build/perception_pkg/perception_pkg.egg-info/entry_points.txt
[0.738s] writing requirements to ../../build/perception_pkg/perception_pkg.egg-info/requires.txt
[0.739s] writing top-level names to ../../build/perception_pkg/perception_pkg.egg-info/top_level.txt
[0.740s] reading manifest file '../../build/perception_pkg/perception_pkg.egg-info/SOURCES.txt'
[0.741s] writing manifest file '../../build/perception_pkg/perception_pkg.egg-info/SOURCES.txt'
[0.741s] running build
[0.741s] running build_py
[0.741s] running install
[0.742s] running install_lib
[0.743s] running install_data
[0.743s] running install_egg_info
[0.745s] removing '/home/cofla/adaptive_manip_ws/install/perception_pkg/lib/python3.10/site-packages/perception_pkg-0.0.1-py3.10.egg-info' (and everything under it)
[0.745s] Copying ../../build/perception_pkg/perception_pkg.egg-info to /home/cofla/adaptive_manip_ws/install/perception_pkg/lib/python3.10/site-packages/perception_pkg-0.0.1-py3.10.egg-info
[0.746s] running install_scripts
[0.761s] Installing detected_object_node script to /home/cofla/adaptive_manip_ws/install/perception_pkg/lib/perception_pkg
[0.761s] Installing fake_d555_publisher script to /home/cofla/adaptive_manip_ws/install/perception_pkg/lib/perception_pkg
[0.761s] writing list of installed files to '/home/cofla/adaptive_manip_ws/build/perception_pkg/install.log'
[0.780s] Invoked command in '/home/cofla/adaptive_manip_ws/src/perception_pkg' returned '0': PYTHONPATH=/home/cofla/adaptive_manip_ws/build/perception_pkg/prefix_override:/usr/lib/python3/dist-packages/colcon_core/task/python/colcon_distutils_commands:/home/cofla/adaptive_manip_ws/install/perception_pkg/lib/python3.10/site-packages:${PYTHONPATH} /usr/bin/python3 -W ignore:setup.py install is deprecated -W ignore:easy_install command is deprecated setup.py egg_info --egg-base ../../build/perception_pkg build --build-base /home/cofla/adaptive_manip_ws/build/perception_pkg/build install --record /home/cofla/adaptive_manip_ws/build/perception_pkg/install.log --install-scripts $base/lib/perception_pkg --single-version-externally-managed install_data
