[0.043s] Invoking command in '/home/students/workspace/build/turtlebot3_manipulation_hardware': CMAKE_PREFIX_PATH=${CMAKE_PREFIX_PATH}:/home/students/workspace/install/isaacsim_bringup:/home/students/workspace/install/isaac_ros_navigation_goal:/home/students/workspace/install/isaac_moveit:/home/students/workspace/install/isaac_compressed_image_decoder:/home/students/workspace/install/h1_fullbody_controller:/home/students/workspace/install/cmdvel_to_ackermann:/opt/ros/humble /usr/bin/cmake /home/students/workspace/src/turtlebot3_manipulation/turtlebot3_manipulation_hardware -DAMENT_CMAKE_SYMLINK_INSTALL=1 -DCMAKE_INSTALL_PREFIX=/home/students/workspace/install/turtlebot3_manipulation_hardware
[0.677s] -- The C compiler identification is GNU 11.4.0
[0.677s] -- The CXX compiler identification is GNU 11.4.0
[0.677s] -- Detecting C compiler ABI info
[0.677s] -- Detecting C compiler ABI info - done
[0.677s] -- Check for working C compiler: /usr/bin/cc - skipped
[0.677s] -- Detecting C compile features
[0.677s] -- Detecting C compile features - done
[0.677s] -- Detecting CXX compiler ABI info
[0.677s] -- Detecting CXX compiler ABI info - done
[0.677s] -- Check for working CXX compiler: /usr/bin/c++ - skipped
[0.677s] -- Detecting CXX compile features
[0.677s] -- Detecting CXX compile features - done
[0.677s] -- Found ament_cmake: 1.3.14 (/opt/ros/humble/share/ament_cmake/cmake)
[0.677s] -- Found Python3: /usr/bin/python3 (found version "3.10.12") found components: Interpreter 
[0.677s] -- Override CMake install command with custom implementation using symlinks instead of copying resources
[0.677s] -- Found dynamixel_sdk: 4.0.3 (/opt/ros/humble/share/dynamixel_sdk/cmake)
[0.677s] -- Found hardware_interface: 2.54.0 (/opt/ros/humble/share/hardware_interface/cmake)
[0.677s] -- Found rosidl_generator_c: 3.1.9 (/opt/ros/humble/share/rosidl_generator_c/cmake)
[0.677s] -- Found rosidl_adapter: 3.1.9 (/opt/ros/humble/share/rosidl_adapter/cmake)
[0.677s] -- Found rosidl_generator_cpp: 3.1.9 (/opt/ros/humble/share/rosidl_generator_cpp/cmake)
[0.677s] -- Using all available rosidl_typesupport_c: rosidl_typesupport_fastrtps_c;rosidl_typesupport_introspection_c
[0.677s] -- Using all available rosidl_typesupport_cpp: rosidl_typesupport_fastrtps_cpp;rosidl_typesupport_introspection_cpp
[0.677s] -- Found rmw_implementation_cmake: 6.1.2 (/opt/ros/humble/share/rmw_implementation_cmake/cmake)
[0.677s] -- Found rmw_fastrtps_cpp: 6.2.10 (/opt/ros/humble/share/rmw_fastrtps_cpp/cmake)
[0.679s] -- Found TinyXML2 via Config file: TinyXML2_DIR-NOTFOUND
[0.679s] -- Found OpenSSL: /usr/lib/x86_64-linux-gnu/libcrypto.so (found version "3.0.2")  
[0.679s] -- Found TinyXML2 via Config file: TinyXML2_DIR-NOTFOUND
[0.679s] -- Found FastRTPS: /opt/ros/humble/include  
[0.679s] -- Found TinyXML2 via Config file: TinyXML2_DIR-NOTFOUND
[0.679s] -- Found TinyXML2 via Config file: TinyXML2_DIR-NOTFOUND
[0.679s] -- Using RMW implementation 'rmw_fastrtps_cpp' as default
[0.679s] -- Looking for pthread.h
[0.679s] -- Looking for pthread.h - found
[0.679s] -- Performing Test CMAKE_HAVE_LIBC_PTHREAD
[0.698s] -- Performing Test CMAKE_HAVE_LIBC_PTHREAD - Success
[0.698s] -- Found Threads: TRUE  
[0.765s] -- Configuring done
[0.770s] -- Generating done
[0.772s] -- Build files have been written to: /home/students/workspace/build/turtlebot3_manipulation_hardware
[0.791s] Invoked command in '/home/students/workspace/build/turtlebot3_manipulation_hardware' returned '0': CMAKE_PREFIX_PATH=${CMAKE_PREFIX_PATH}:/home/students/workspace/install/isaacsim_bringup:/home/students/workspace/install/isaac_ros_navigation_goal:/home/students/workspace/install/isaac_moveit:/home/students/workspace/install/isaac_compressed_image_decoder:/home/students/workspace/install/h1_fullbody_controller:/home/students/workspace/install/cmdvel_to_ackermann:/opt/ros/humble /usr/bin/cmake /home/students/workspace/src/turtlebot3_manipulation/turtlebot3_manipulation_hardware -DAMENT_CMAKE_SYMLINK_INSTALL=1 -DCMAKE_INSTALL_PREFIX=/home/students/workspace/install/turtlebot3_manipulation_hardware
[0.792s] Invoking command in '/home/students/workspace/build/turtlebot3_manipulation_hardware': CMAKE_PREFIX_PATH=${CMAKE_PREFIX_PATH}:/home/students/workspace/install/isaacsim_bringup:/home/students/workspace/install/isaac_ros_navigation_goal:/home/students/workspace/install/isaac_moveit:/home/students/workspace/install/isaac_compressed_image_decoder:/home/students/workspace/install/h1_fullbody_controller:/home/students/workspace/install/cmdvel_to_ackermann:/opt/ros/humble /usr/bin/cmake --build /home/students/workspace/build/turtlebot3_manipulation_hardware -- -j24 -l24
[0.806s] [ 25%] [32mBuilding CXX object CMakeFiles/turtlebot3_manipulation_hardware.dir/src/dynamixel_sdk_wrapper.cpp.o[0m
[0.806s] [ 50%] [32mBuilding CXX object CMakeFiles/turtlebot3_manipulation_hardware.dir/src/opencr.cpp.o[0m
[0.807s] [ 75%] [32mBuilding CXX object CMakeFiles/turtlebot3_manipulation_hardware.dir/src/turtlebot3_manipulation_system.cpp.o[0m
[2.644s] [100%] [32m[1mLinking CXX shared library libturtlebot3_manipulation_hardware.so[0m
[2.753s] [100%] Built target turtlebot3_manipulation_hardware
[2.762s] Invoked command in '/home/students/workspace/build/turtlebot3_manipulation_hardware' returned '0': CMAKE_PREFIX_PATH=${CMAKE_PREFIX_PATH}:/home/students/workspace/install/isaacsim_bringup:/home/students/workspace/install/isaac_ros_navigation_goal:/home/students/workspace/install/isaac_moveit:/home/students/workspace/install/isaac_compressed_image_decoder:/home/students/workspace/install/h1_fullbody_controller:/home/students/workspace/install/cmdvel_to_ackermann:/opt/ros/humble /usr/bin/cmake --build /home/students/workspace/build/turtlebot3_manipulation_hardware -- -j24 -l24
[2.763s] Invoking command in '/home/students/workspace/build/turtlebot3_manipulation_hardware': CMAKE_PREFIX_PATH=${CMAKE_PREFIX_PATH}:/home/students/workspace/install/isaacsim_bringup:/home/students/workspace/install/isaac_ros_navigation_goal:/home/students/workspace/install/isaac_moveit:/home/students/workspace/install/isaac_compressed_image_decoder:/home/students/workspace/install/h1_fullbody_controller:/home/students/workspace/install/cmdvel_to_ackermann:/opt/ros/humble /usr/bin/cmake --install /home/students/workspace/build/turtlebot3_manipulation_hardware
[2.767s] -- Install configuration: ""
[2.768s] -- Execute custom install script
[2.768s] -- Symlinking: /home/students/workspace/install/turtlebot3_manipulation_hardware/share/turtlebot3_manipulation_hardware//turtlebot3_manipulation_hardware.xml
[2.774s] -- Symlinking: /home/students/workspace/install/turtlebot3_manipulation_hardware/include/turtlebot3_manipulation_hardware/dynamixel_sdk_wrapper.hpp
[2.778s] -- Symlinking: /home/students/workspace/install/turtlebot3_manipulation_hardware/include/turtlebot3_manipulation_hardware/opencr.hpp
[2.783s] -- Symlinking: /home/students/workspace/install/turtlebot3_manipulation_hardware/include/turtlebot3_manipulation_hardware/opencr_control_table.hpp
[2.788s] -- Symlinking: /home/students/workspace/install/turtlebot3_manipulation_hardware/include/turtlebot3_manipulation_hardware/opencr_definitions.hpp
[2.793s] -- Symlinking: /home/students/workspace/install/turtlebot3_manipulation_hardware/include/turtlebot3_manipulation_hardware/turtlebot3_manipulation_system.hpp
[2.798s] -- Symlinking: /home/students/workspace/install/turtlebot3_manipulation_hardware/include/turtlebot3_manipulation_hardware/visibility_control.h
[2.803s] -- Symlinking: /home/students/workspace/install/turtlebot3_manipulation_hardware/lib/libturtlebot3_manipulation_hardware.so
[2.807s] -- Symlinking: /home/students/workspace/install/turtlebot3_manipulation_hardware/share/turtlebot3_manipulation_hardware/environment/library_path.sh
[2.812s] -- Symlinking: /home/students/workspace/install/turtlebot3_manipulation_hardware/share/turtlebot3_manipulation_hardware/environment/library_path.dsv
[2.817s] -- Symlinking: /home/students/workspace/install/turtlebot3_manipulation_hardware/share/ament_index/resource_index/package_run_dependencies/turtlebot3_manipulation_hardware
[2.821s] -- Symlinking: /home/students/workspace/install/turtlebot3_manipulation_hardware/share/ament_index/resource_index/parent_prefix_path/turtlebot3_manipulation_hardware
[2.827s] -- Symlinking: /home/students/workspace/install/turtlebot3_manipulation_hardware/share/turtlebot3_manipulation_hardware/environment/ament_prefix_path.sh
[2.831s] -- Symlinking: /home/students/workspace/install/turtlebot3_manipulation_hardware/share/turtlebot3_manipulation_hardware/environment/ament_prefix_path.dsv
[2.835s] -- Symlinking: /home/students/workspace/install/turtlebot3_manipulation_hardware/share/turtlebot3_manipulation_hardware/environment/path.sh
[2.840s] -- Symlinking: /home/students/workspace/install/turtlebot3_manipulation_hardware/share/turtlebot3_manipulation_hardware/environment/path.dsv
[2.845s] -- Symlinking: /home/students/workspace/install/turtlebot3_manipulation_hardware/share/turtlebot3_manipulation_hardware/local_setup.bash
[2.850s] -- Symlinking: /home/students/workspace/install/turtlebot3_manipulation_hardware/share/turtlebot3_manipulation_hardware/local_setup.sh
[2.855s] -- Symlinking: /home/students/workspace/install/turtlebot3_manipulation_hardware/share/turtlebot3_manipulation_hardware/local_setup.zsh
[2.859s] -- Symlinking: /home/students/workspace/install/turtlebot3_manipulation_hardware/share/turtlebot3_manipulation_hardware/local_setup.dsv
[2.863s] -- Symlinking: /home/students/workspace/install/turtlebot3_manipulation_hardware/share/turtlebot3_manipulation_hardware/package.dsv
[2.867s] -- Symlinking: /home/students/workspace/install/turtlebot3_manipulation_hardware/share/ament_index/resource_index/packages/turtlebot3_manipulation_hardware
[2.871s] -- Symlinking: /home/students/workspace/install/turtlebot3_manipulation_hardware/share/ament_index/resource_index/hardware_interface__pluginlib__plugin/turtlebot3_manipulation_hardware
[2.876s] -- Symlinking: /home/students/workspace/install/turtlebot3_manipulation_hardware/share/turtlebot3_manipulation_hardware/cmake/ament_cmake_export_include_directories-extras.cmake
[2.881s] -- Symlinking: /home/students/workspace/install/turtlebot3_manipulation_hardware/share/turtlebot3_manipulation_hardware/cmake/ament_cmake_export_libraries-extras.cmake
[2.887s] -- Symlinking: /home/students/workspace/install/turtlebot3_manipulation_hardware/share/turtlebot3_manipulation_hardware/cmake/ament_cmake_export_dependencies-extras.cmake
[2.892s] -- Symlinking: /home/students/workspace/install/turtlebot3_manipulation_hardware/share/turtlebot3_manipulation_hardware/cmake/turtlebot3_manipulation_hardwareConfig.cmake
[2.897s] -- Symlinking: /home/students/workspace/install/turtlebot3_manipulation_hardware/share/turtlebot3_manipulation_hardware/cmake/turtlebot3_manipulation_hardwareConfig-version.cmake
[2.901s] -- Symlinking: /home/students/workspace/install/turtlebot3_manipulation_hardware/share/turtlebot3_manipulation_hardware/package.xml
[2.908s] Invoked command in '/home/students/workspace/build/turtlebot3_manipulation_hardware' returned '0': CMAKE_PREFIX_PATH=${CMAKE_PREFIX_PATH}:/home/students/workspace/install/isaacsim_bringup:/home/students/workspace/install/isaac_ros_navigation_goal:/home/students/workspace/install/isaac_moveit:/home/students/workspace/install/isaac_compressed_image_decoder:/home/students/workspace/install/h1_fullbody_controller:/home/students/workspace/install/cmdvel_to_ackermann:/opt/ros/humble /usr/bin/cmake --install /home/students/workspace/build/turtlebot3_manipulation_hardware
