[0.046s] DEBUG:colcon:Command line arguments: ['/usr/bin/colcon', 'build', '--base-paths', 'ai_festa_src', '--packages-select', 'ai_festa_navigation', '--symlink-install']
[0.046s] DEBUG:colcon:Parsed command line arguments: Namespace(log_base=None, log_level=None, verb_name='build', build_base='build', install_base='install', merge_install=False, symlink_install=True, test_result_base=None, continue_on_error=False, executor='parallel', parallel_workers=24, event_handlers=None, ignore_user_meta=False, metas=['./colcon.meta'], base_paths=['ai_festa_src'], packages_ignore=None, packages_ignore_regex=None, paths=None, packages_up_to=None, packages_up_to_regex=None, packages_above=None, packages_above_and_dependencies=None, packages_above_depth=None, packages_select_by_dep=None, packages_skip_by_dep=None, packages_skip_up_to=None, packages_select_build_failed=False, packages_skip_build_finished=False, packages_select_test_failures=False, packages_skip_test_passed=False, packages_select=['ai_festa_navigation'], packages_skip=None, packages_select_regex=None, packages_skip_regex=None, packages_start=None, packages_end=None, allow_overriding=[], cmake_args=None, cmake_target=None, cmake_target_skip_unavailable=False, cmake_clean_cache=False, cmake_clean_first=False, cmake_force_configure=False, ament_cmake_args=None, catkin_cmake_args=None, catkin_skip_building_tests=False, mixin_files=None, mixin=None, verb_parser=<colcon_mixin.mixin.mixin_argument.MixinArgumentDecorator object at 0x7059b4c74fd0>, verb_extension=<colcon_core.verb.build.BuildVerb object at 0x7059b4ed20e0>, main=<bound method BuildVerb.main of <colcon_core.verb.build.BuildVerb object at 0x7059b4ed20e0>>, mixin_verb=('build',))
[0.110s] Level 1:colcon.colcon_core.package_discovery:discover_packages(colcon_meta) check parameters
[0.110s] Level 1:colcon.colcon_core.package_discovery:discover_packages(recursive) check parameters
[0.110s] Level 1:colcon.colcon_core.package_discovery:discover_packages(ignore) check parameters
[0.110s] Level 1:colcon.colcon_core.package_discovery:discover_packages(path) check parameters
[0.110s] Level 1:colcon.colcon_core.package_discovery:discover_packages(recursive) discover
[0.110s] INFO:colcon.colcon_core.package_discovery:Crawling recursively for packages in '/home/students/workspace/ai_festa_src'
[0.110s] Level 1:colcon.colcon_core.package_identification:_identify(ai_festa_src) by extensions ['ignore', 'ignore_ament_install']
[0.110s] Level 1:colcon.colcon_core.package_identification:_identify(ai_festa_src) by extension 'ignore'
[0.110s] Level 1:colcon.colcon_core.package_identification:_identify(ai_festa_src) by extension 'ignore_ament_install'
[0.110s] Level 1:colcon.colcon_core.package_identification:_identify(ai_festa_src) by extensions ['colcon_pkg']
[0.110s] Level 1:colcon.colcon_core.package_identification:_identify(ai_festa_src) by extension 'colcon_pkg'
[0.110s] Level 1:colcon.colcon_core.package_identification:_identify(ai_festa_src) by extensions ['colcon_meta']
[0.110s] Level 1:colcon.colcon_core.package_identification:_identify(ai_festa_src) by extension 'colcon_meta'
[0.110s] Level 1:colcon.colcon_core.package_identification:_identify(ai_festa_src) by extensions ['ros']
[0.110s] Level 1:colcon.colcon_core.package_identification:_identify(ai_festa_src) by extension 'ros'
[0.115s] Level 1:colcon.colcon_core.package_identification:_identify(ai_festa_src) by extensions ['cmake', 'python']
[0.115s] Level 1:colcon.colcon_core.package_identification:_identify(ai_festa_src) by extension 'cmake'
[0.115s] Level 1:colcon.colcon_core.package_identification:_identify(ai_festa_src) by extension 'python'
[0.115s] Level 1:colcon.colcon_core.package_identification:_identify(ai_festa_src) by extensions ['python_setup_py']
[0.115s] Level 1:colcon.colcon_core.package_identification:_identify(ai_festa_src) by extension 'python_setup_py'
[0.115s] Level 1:colcon.colcon_core.package_identification:_identify(ai_festa_src/ai_festa_navigation) by extensions ['ignore', 'ignore_ament_install']
[0.115s] Level 1:colcon.colcon_core.package_identification:_identify(ai_festa_src/ai_festa_navigation) by extension 'ignore'
[0.115s] Level 1:colcon.colcon_core.package_identification:_identify(ai_festa_src/ai_festa_navigation) by extension 'ignore_ament_install'
[0.115s] Level 1:colcon.colcon_core.package_identification:_identify(ai_festa_src/ai_festa_navigation) by extensions ['colcon_pkg']
[0.115s] Level 1:colcon.colcon_core.package_identification:_identify(ai_festa_src/ai_festa_navigation) by extension 'colcon_pkg'
[0.115s] Level 1:colcon.colcon_core.package_identification:_identify(ai_festa_src/ai_festa_navigation) by extensions ['colcon_meta']
[0.115s] Level 1:colcon.colcon_core.package_identification:_identify(ai_festa_src/ai_festa_navigation) by extension 'colcon_meta'
[0.115s] Level 1:colcon.colcon_core.package_identification:_identify(ai_festa_src/ai_festa_navigation) by extensions ['ros']
[0.115s] Level 1:colcon.colcon_core.package_identification:_identify(ai_festa_src/ai_festa_navigation) by extension 'ros'
[0.116s] DEBUG:colcon.colcon_core.package_identification:Package 'ai_festa_src/ai_festa_navigation' with type 'ros.ament_cmake' and name 'ai_festa_navigation'
[0.116s] Level 1:colcon.colcon_core.package_discovery:discover_packages(recursive) using defaults
[0.129s] Level 1:colcon.colcon_core.package_discovery:discover_packages(prefix_path) check parameters
[0.130s] Level 1:colcon.colcon_core.package_discovery:discover_packages(prefix_path) discover
[0.131s] DEBUG:colcon.colcon_installed_package_information.package_discovery:Found 21 installed packages in /home/students/workspace/install
[0.131s] DEBUG:colcon.colcon_installed_package_information.package_discovery:Found 446 installed packages in /opt/ros/humble
[0.132s] Level 1:colcon.colcon_core.package_discovery:discover_packages(prefix_path) using defaults
[0.152s] Level 5:colcon.colcon_core.verb:set package 'ai_festa_navigation' build argument 'cmake_args' from command line to 'None'
[0.152s] Level 5:colcon.colcon_core.verb:set package 'ai_festa_navigation' build argument 'cmake_target' from command line to 'None'
[0.152s] Level 5:colcon.colcon_core.verb:set package 'ai_festa_navigation' build argument 'cmake_target_skip_unavailable' from command line to 'False'
[0.152s] Level 5:colcon.colcon_core.verb:set package 'ai_festa_navigation' build argument 'cmake_clean_cache' from command line to 'False'
[0.152s] Level 5:colcon.colcon_core.verb:set package 'ai_festa_navigation' build argument 'cmake_clean_first' from command line to 'False'
[0.152s] Level 5:colcon.colcon_core.verb:set package 'ai_festa_navigation' build argument 'cmake_force_configure' from command line to 'False'
[0.152s] Level 5:colcon.colcon_core.verb:set package 'ai_festa_navigation' build argument 'ament_cmake_args' from command line to 'None'
[0.152s] Level 5:colcon.colcon_core.verb:set package 'ai_festa_navigation' build argument 'catkin_cmake_args' from command line to 'None'
[0.152s] Level 5:colcon.colcon_core.verb:set package 'ai_festa_navigation' build argument 'catkin_skip_building_tests' from command line to 'False'
[0.152s] DEBUG:colcon.colcon_core.verb:Building package 'ai_festa_navigation' with the following arguments: {'ament_cmake_args': None, 'build_base': '/home/students/workspace/build/ai_festa_navigation', 'catkin_cmake_args': None, 'catkin_skip_building_tests': False, 'cmake_args': None, 'cmake_clean_cache': False, 'cmake_clean_first': False, 'cmake_force_configure': False, 'cmake_target': None, 'cmake_target_skip_unavailable': False, 'install_base': '/home/students/workspace/install/ai_festa_navigation', 'merge_install': False, 'path': '/home/students/workspace/ai_festa_src/ai_festa_navigation', 'symlink_install': True, 'test_result_base': None}
[0.152s] INFO:colcon.colcon_core.executor:Executing jobs using 'parallel' executor
[0.153s] DEBUG:colcon.colcon_parallel_executor.executor.parallel:run_until_complete
[0.153s] INFO:colcon.colcon_ros.task.ament_cmake.build:Building ROS package in '/home/students/workspace/ai_festa_src/ai_festa_navigation' with build type 'ament_cmake'
[0.153s] INFO:colcon.colcon_cmake.task.cmake.build:Building CMake package in '/home/students/workspace/ai_festa_src/ai_festa_navigation'
[0.154s] INFO:colcon.colcon_core.plugin_system:Skipping extension 'colcon_core.shell.bat': Not used on non-Windows systems
[0.154s] INFO:colcon.colcon_core.shell:Skip shell extension 'powershell' for command environment: Not usable outside of PowerShell
[0.154s] DEBUG:colcon.colcon_core.shell:Skip shell extension 'dsv' for command environment
[30.192s] DEBUG:colcon.colcon_core.event_handler.log_command:Invoking command in '/home/students/workspace/build/ai_festa_navigation': CMAKE_PREFIX_PATH=${CMAKE_PREFIX_PATH}:/home/students/workspace/install/isaacsim_bringup:/home/students/workspace/install/isaac_ros_navigation_goal:/home/students/workspace/install/isaac_moveit:/home/students/workspace/install/isaac_compressed_image_decoder:/home/students/workspace/install/h1_fullbody_controller:/home/students/workspace/install/cmdvel_to_ackermann:/opt/ros/humble /usr/bin/cmake /home/students/workspace/ai_festa_src/ai_festa_navigation -DAMENT_CMAKE_SYMLINK_INSTALL=1 -DCMAKE_INSTALL_PREFIX=/home/students/workspace/install/ai_festa_navigation
[60.198s] DEBUG:colcon.colcon_core.event_handler.log_command:Invoked command in '/home/students/workspace/build/ai_festa_navigation' returned '0': CMAKE_PREFIX_PATH=${CMAKE_PREFIX_PATH}:/home/students/workspace/install/isaacsim_bringup:/home/students/workspace/install/isaac_ros_navigation_goal:/home/students/workspace/install/isaac_moveit:/home/students/workspace/install/isaac_compressed_image_decoder:/home/students/workspace/install/h1_fullbody_controller:/home/students/workspace/install/cmdvel_to_ackermann:/opt/ros/humble /usr/bin/cmake /home/students/workspace/ai_festa_src/ai_festa_navigation -DAMENT_CMAKE_SYMLINK_INSTALL=1 -DCMAKE_INSTALL_PREFIX=/home/students/workspace/install/ai_festa_navigation
[60.199s] DEBUG:colcon.colcon_core.event_handler.log_command:Invoking command in '/home/students/workspace/build/ai_festa_navigation': CMAKE_PREFIX_PATH=${CMAKE_PREFIX_PATH}:/home/students/workspace/install/isaacsim_bringup:/home/students/workspace/install/isaac_ros_navigation_goal:/home/students/workspace/install/isaac_moveit:/home/students/workspace/install/isaac_compressed_image_decoder:/home/students/workspace/install/h1_fullbody_controller:/home/students/workspace/install/cmdvel_to_ackermann:/opt/ros/humble /usr/bin/cmake --build /home/students/workspace/build/ai_festa_navigation -- -j24 -l24
[60.221s] DEBUG:colcon.colcon_core.event_handler.log_command:Invoked command in '/home/students/workspace/build/ai_festa_navigation' returned '0': CMAKE_PREFIX_PATH=${CMAKE_PREFIX_PATH}:/home/students/workspace/install/isaacsim_bringup:/home/students/workspace/install/isaac_ros_navigation_goal:/home/students/workspace/install/isaac_moveit:/home/students/workspace/install/isaac_compressed_image_decoder:/home/students/workspace/install/h1_fullbody_controller:/home/students/workspace/install/cmdvel_to_ackermann:/opt/ros/humble /usr/bin/cmake --build /home/students/workspace/build/ai_festa_navigation -- -j24 -l24
[60.228s] DEBUG:colcon.colcon_core.event_handler.log_command:Invoking command in '/home/students/workspace/build/ai_festa_navigation': CMAKE_PREFIX_PATH=${CMAKE_PREFIX_PATH}:/home/students/workspace/install/isaacsim_bringup:/home/students/workspace/install/isaac_ros_navigation_goal:/home/students/workspace/install/isaac_moveit:/home/students/workspace/install/isaac_compressed_image_decoder:/home/students/workspace/install/h1_fullbody_controller:/home/students/workspace/install/cmdvel_to_ackermann:/opt/ros/humble /usr/bin/cmake --install /home/students/workspace/build/ai_festa_navigation
[90.228s] Level 1:colcon.colcon_core.environment:create_environment_scripts_only(ai_festa_navigation)
[90.229s] DEBUG:colcon.colcon_core.event_handler.log_command:Invoked command in '/home/students/workspace/build/ai_festa_navigation' returned '0': CMAKE_PREFIX_PATH=${CMAKE_PREFIX_PATH}:/home/students/workspace/install/isaacsim_bringup:/home/students/workspace/install/isaac_ros_navigation_goal:/home/students/workspace/install/isaac_moveit:/home/students/workspace/install/isaac_compressed_image_decoder:/home/students/workspace/install/h1_fullbody_controller:/home/students/workspace/install/cmdvel_to_ackermann:/opt/ros/humble /usr/bin/cmake --install /home/students/workspace/build/ai_festa_navigation
[90.231s] Level 1:colcon.colcon_core.environment:checking '/home/students/workspace/install/ai_festa_navigation' for CMake module files
[90.231s] Level 1:colcon.colcon_core.environment:checking '/home/students/workspace/install/ai_festa_navigation' for CMake config files
[90.231s] Level 1:colcon.colcon_core.shell:create_environment_hook('ai_festa_navigation', 'cmake_prefix_path')
[90.231s] INFO:colcon.colcon_core.shell:Creating environment hook '/home/students/workspace/install/ai_festa_navigation/share/ai_festa_navigation/hook/cmake_prefix_path.ps1'
[90.232s] INFO:colcon.colcon_core.shell:Creating environment descriptor '/home/students/workspace/install/ai_festa_navigation/share/ai_festa_navigation/hook/cmake_prefix_path.dsv'
[90.232s] INFO:colcon.colcon_core.shell:Creating environment hook '/home/students/workspace/install/ai_festa_navigation/share/ai_festa_navigation/hook/cmake_prefix_path.sh'
[90.232s] Level 1:colcon.colcon_core.environment:checking '/home/students/workspace/install/ai_festa_navigation/bin'
[90.232s] Level 1:colcon.colcon_core.environment:checking '/home/students/workspace/install/ai_festa_navigation/lib/pkgconfig/ai_festa_navigation.pc'
[90.232s] Level 1:colcon.colcon_core.environment:checking '/home/students/workspace/install/ai_festa_navigation/lib/python3.10/site-packages'
[90.233s] Level 1:colcon.colcon_core.environment:checking '/home/students/workspace/install/ai_festa_navigation/bin'
[90.233s] INFO:colcon.colcon_core.shell:Creating package script '/home/students/workspace/install/ai_festa_navigation/share/ai_festa_navigation/package.ps1'
[90.233s] INFO:colcon.colcon_core.shell:Creating package descriptor '/home/students/workspace/install/ai_festa_navigation/share/ai_festa_navigation/package.dsv'
[90.233s] INFO:colcon.colcon_core.shell:Creating package script '/home/students/workspace/install/ai_festa_navigation/share/ai_festa_navigation/package.sh'
[90.234s] INFO:colcon.colcon_core.shell:Creating package script '/home/students/workspace/install/ai_festa_navigation/share/ai_festa_navigation/package.bash'
[90.234s] INFO:colcon.colcon_core.shell:Creating package script '/home/students/workspace/install/ai_festa_navigation/share/ai_festa_navigation/package.zsh'
[90.234s] Level 1:colcon.colcon_core.environment:create_file_with_runtime_dependencies(/home/students/workspace/install/ai_festa_navigation/share/colcon-core/packages/ai_festa_navigation)
[90.235s] Level 1:colcon.colcon_core.environment:create_environment_scripts_only(ai_festa_navigation)
[90.235s] Level 1:colcon.colcon_core.environment:checking '/home/students/workspace/install/ai_festa_navigation' for CMake module files
[90.235s] Level 1:colcon.colcon_core.environment:checking '/home/students/workspace/install/ai_festa_navigation' for CMake config files
[90.235s] Level 1:colcon.colcon_core.shell:create_environment_hook('ai_festa_navigation', 'cmake_prefix_path')
[90.235s] INFO:colcon.colcon_core.shell:Creating environment hook '/home/students/workspace/install/ai_festa_navigation/share/ai_festa_navigation/hook/cmake_prefix_path.ps1'
[90.235s] INFO:colcon.colcon_core.shell:Creating environment descriptor '/home/students/workspace/install/ai_festa_navigation/share/ai_festa_navigation/hook/cmake_prefix_path.dsv'
[90.235s] INFO:colcon.colcon_core.shell:Creating environment hook '/home/students/workspace/install/ai_festa_navigation/share/ai_festa_navigation/hook/cmake_prefix_path.sh'
[90.235s] Level 1:colcon.colcon_core.environment:checking '/home/students/workspace/install/ai_festa_navigation/bin'
[90.236s] Level 1:colcon.colcon_core.environment:checking '/home/students/workspace/install/ai_festa_navigation/lib/pkgconfig/ai_festa_navigation.pc'
[90.236s] Level 1:colcon.colcon_core.environment:checking '/home/students/workspace/install/ai_festa_navigation/lib/python3.10/site-packages'
[90.236s] Level 1:colcon.colcon_core.environment:checking '/home/students/workspace/install/ai_festa_navigation/bin'
[90.236s] INFO:colcon.colcon_core.shell:Creating package script '/home/students/workspace/install/ai_festa_navigation/share/ai_festa_navigation/package.ps1'
[90.236s] INFO:colcon.colcon_core.shell:Creating package descriptor '/home/students/workspace/install/ai_festa_navigation/share/ai_festa_navigation/package.dsv'
[90.236s] INFO:colcon.colcon_core.shell:Creating package script '/home/students/workspace/install/ai_festa_navigation/share/ai_festa_navigation/package.sh'
[90.236s] INFO:colcon.colcon_core.shell:Creating package script '/home/students/workspace/install/ai_festa_navigation/share/ai_festa_navigation/package.bash'
[90.236s] INFO:colcon.colcon_core.shell:Creating package script '/home/students/workspace/install/ai_festa_navigation/share/ai_festa_navigation/package.zsh'
[90.237s] Level 1:colcon.colcon_core.environment:create_file_with_runtime_dependencies(/home/students/workspace/install/ai_festa_navigation/share/colcon-core/packages/ai_festa_navigation)
[90.237s] DEBUG:colcon.colcon_parallel_executor.executor.parallel:closing loop
[90.237s] DEBUG:colcon.colcon_parallel_executor.executor.parallel:loop closed
[90.237s] DEBUG:colcon.colcon_parallel_executor.executor.parallel:run_until_complete finished with '0'
[90.237s] DEBUG:colcon.colcon_core.event_reactor:joining thread
[90.237s] DEBUG:colcon.colcon_core.event_reactor:joined thread
[90.237s] INFO:colcon.colcon_core.shell:Creating prefix script '/home/students/workspace/install/local_setup.ps1'
[90.238s] INFO:colcon.colcon_core.shell:Creating prefix util module '/home/students/workspace/install/_local_setup_util_ps1.py'
[90.238s] INFO:colcon.colcon_core.shell:Creating prefix chain script '/home/students/workspace/install/setup.ps1'
[90.239s] INFO:colcon.colcon_core.shell:Creating prefix script '/home/students/workspace/install/local_setup.sh'
[90.239s] INFO:colcon.colcon_core.shell:Creating prefix util module '/home/students/workspace/install/_local_setup_util_sh.py'
[90.239s] INFO:colcon.colcon_core.shell:Creating prefix chain script '/home/students/workspace/install/setup.sh'
[90.240s] INFO:colcon.colcon_core.shell:Creating prefix script '/home/students/workspace/install/local_setup.bash'
[90.240s] INFO:colcon.colcon_core.shell:Creating prefix chain script '/home/students/workspace/install/setup.bash'
[90.240s] INFO:colcon.colcon_core.shell:Creating prefix script '/home/students/workspace/install/local_setup.zsh'
[90.240s] INFO:colcon.colcon_core.shell:Creating prefix chain script '/home/students/workspace/install/setup.zsh'
