-- The C compiler identification is GNU 11.4.0
-- The CXX compiler identification is GNU 11.4.0
-- Detecting C compiler ABI info
-- Detecting C compiler ABI info - done
-- Check for working C compiler: /usr/bin/cc - skipped
-- Detecting C compile features
-- Detecting C compile features - done
-- Detecting CXX compiler ABI info
-- Detecting CXX compiler ABI info - done
-- Check for working CXX compiler: /usr/bin/c++ - skipped
-- Detecting CXX compile features
-- Detecting CXX compile features - done
-- Found ament_cmake: 1.3.14 (/opt/ros/humble/share/ament_cmake/cmake)
-- Found Python3: /usr/bin/python3 (found version "3.10.12") found components: Interpreter 
-- Override CMake install command with custom implementation using symlinks instead of copying resources
-- Configuring done
-- Generating done
-- Build files have been written to: /home/students/workspace/build/isaacsim_clearpath_nav2
-- Install configuration: ""
-- Execute custom install script
-- Symlinking: /home/students/workspace/install/isaacsim_clearpath_nav2/share/isaacsim_clearpath_nav2/launch/clearpath_navigation.launch.py
-- Symlinking: /home/students/workspace/install/isaacsim_clearpath_nav2/share/isaacsim_clearpath_nav2/params/dd100/nav2.yaml
-- Symlinking: /home/students/workspace/install/isaacsim_clearpath_nav2/share/isaacsim_clearpath_nav2/params/dd100/robot.yaml
-- Symlinking: /home/students/workspace/install/isaacsim_clearpath_nav2/share/isaacsim_clearpath_nav2/params/rviz2/isaacsim_clearpath_nav2_namespaced.rviz
-- Symlinking: /home/students/workspace/install/isaacsim_clearpath_nav2/share/ament_index/resource_index/package_run_dependencies/isaacsim_clearpath_nav2
-- Symlinking: /home/students/workspace/install/isaacsim_clearpath_nav2/share/ament_index/resource_index/parent_prefix_path/isaacsim_clearpath_nav2
-- Symlinking: /home/students/workspace/install/isaacsim_clearpath_nav2/share/isaacsim_clearpath_nav2/environment/ament_prefix_path.sh
-- Symlinking: /home/students/workspace/install/isaacsim_clearpath_nav2/share/isaacsim_clearpath_nav2/environment/ament_prefix_path.dsv
-- Symlinking: /home/students/workspace/install/isaacsim_clearpath_nav2/share/isaacsim_clearpath_nav2/environment/path.sh
-- Symlinking: /home/students/workspace/install/isaacsim_clearpath_nav2/share/isaacsim_clearpath_nav2/environment/path.dsv
-- Symlinking: /home/students/workspace/install/isaacsim_clearpath_nav2/share/isaacsim_clearpath_nav2/local_setup.bash
-- Symlinking: /home/students/workspace/install/isaacsim_clearpath_nav2/share/isaacsim_clearpath_nav2/local_setup.sh
-- Symlinking: /home/students/workspace/install/isaacsim_clearpath_nav2/share/isaacsim_clearpath_nav2/local_setup.zsh
-- Symlinking: /home/students/workspace/install/isaacsim_clearpath_nav2/share/isaacsim_clearpath_nav2/local_setup.dsv
-- Symlinking: /home/students/workspace/install/isaacsim_clearpath_nav2/share/isaacsim_clearpath_nav2/package.dsv
-- Symlinking: /home/students/workspace/install/isaacsim_clearpath_nav2/share/ament_index/resource_index/packages/isaacsim_clearpath_nav2
-- Symlinking: /home/students/workspace/install/isaacsim_clearpath_nav2/share/isaacsim_clearpath_nav2/cmake/isaacsim_clearpath_nav2Config.cmake
-- Symlinking: /home/students/workspace/install/isaacsim_clearpath_nav2/share/isaacsim_clearpath_nav2/cmake/isaacsim_clearpath_nav2Config-version.cmake
-- Symlinking: /home/students/workspace/install/isaacsim_clearpath_nav2/share/isaacsim_clearpath_nav2/package.xml
