[0.641s] Invoking command in '/home/students/workspace/build/isaacsim_clearpath_nav2': CMAKE_PREFIX_PATH=${CMAKE_PREFIX_PATH}:/home/students/workspace/install/isaacsim_bringup:/home/students/workspace/install/isaac_ros_navigation_goal:/home/students/workspace/install/isaac_moveit:/home/students/workspace/install/isaac_compressed_image_decoder:/home/students/workspace/install/h1_fullbody_controller:/home/students/workspace/install/cmdvel_to_ackermann:/opt/ros/humble /usr/bin/cmake /home/students/workspace/src/navigation/isaacsim_clearpath_nav2 -DAMENT_CMAKE_SYMLINK_INSTALL=1 -DCMAKE_INSTALL_PREFIX=/home/students/workspace/install/isaacsim_clearpath_nav2
[0.663s] -- The C compiler identification is GNU 11.4.0
[0.696s] -- The CXX compiler identification is GNU 11.4.0
[0.703s] -- Detecting C compiler ABI info
[0.757s] -- Detecting C compiler ABI info - done
[0.757s] -- Check for working C compiler: /usr/bin/cc - skipped
[0.757s] -- Detecting C compile features
[0.757s] -- Detecting C compile features - done
[0.757s] -- Detecting CXX compiler ABI info
[0.812s] -- Detecting CXX compiler ABI info - done
[0.814s] -- Check for working CXX compiler: /usr/bin/c++ - skipped
[0.814s] -- Detecting CXX compile features
[0.814s] -- Detecting CXX compile features - done
[0.816s] -- Found ament_cmake: 1.3.14 (/opt/ros/humble/share/ament_cmake/cmake)
[0.899s] -- Found Python3: /usr/bin/python3 (found version "3.10.12") found components: Interpreter 
[0.929s] -- Override CMake install command with custom implementation using symlinks instead of copying resources
[0.993s] -- Configuring done
[0.993s] -- Generating done
[0.994s] -- Build files have been written to: /home/students/workspace/build/isaacsim_clearpath_nav2
[0.998s] Invoked command in '/home/students/workspace/build/isaacsim_clearpath_nav2' returned '0': CMAKE_PREFIX_PATH=${CMAKE_PREFIX_PATH}:/home/students/workspace/install/isaacsim_bringup:/home/students/workspace/install/isaac_ros_navigation_goal:/home/students/workspace/install/isaac_moveit:/home/students/workspace/install/isaac_compressed_image_decoder:/home/students/workspace/install/h1_fullbody_controller:/home/students/workspace/install/cmdvel_to_ackermann:/opt/ros/humble /usr/bin/cmake /home/students/workspace/src/navigation/isaacsim_clearpath_nav2 -DAMENT_CMAKE_SYMLINK_INSTALL=1 -DCMAKE_INSTALL_PREFIX=/home/students/workspace/install/isaacsim_clearpath_nav2
[0.999s] Invoking command in '/home/students/workspace/build/isaacsim_clearpath_nav2': CMAKE_PREFIX_PATH=${CMAKE_PREFIX_PATH}:/home/students/workspace/install/isaacsim_bringup:/home/students/workspace/install/isaac_ros_navigation_goal:/home/students/workspace/install/isaac_moveit:/home/students/workspace/install/isaac_compressed_image_decoder:/home/students/workspace/install/h1_fullbody_controller:/home/students/workspace/install/cmdvel_to_ackermann:/opt/ros/humble /usr/bin/cmake --build /home/students/workspace/build/isaacsim_clearpath_nav2 -- -j24 -l24
[1.027s] Invoked command in '/home/students/workspace/build/isaacsim_clearpath_nav2' returned '0': CMAKE_PREFIX_PATH=${CMAKE_PREFIX_PATH}:/home/students/workspace/install/isaacsim_bringup:/home/students/workspace/install/isaac_ros_navigation_goal:/home/students/workspace/install/isaac_moveit:/home/students/workspace/install/isaac_compressed_image_decoder:/home/students/workspace/install/h1_fullbody_controller:/home/students/workspace/install/cmdvel_to_ackermann:/opt/ros/humble /usr/bin/cmake --build /home/students/workspace/build/isaacsim_clearpath_nav2 -- -j24 -l24
[1.028s] Invoking command in '/home/students/workspace/build/isaacsim_clearpath_nav2': CMAKE_PREFIX_PATH=${CMAKE_PREFIX_PATH}:/home/students/workspace/install/isaacsim_bringup:/home/students/workspace/install/isaac_ros_navigation_goal:/home/students/workspace/install/isaac_moveit:/home/students/workspace/install/isaac_compressed_image_decoder:/home/students/workspace/install/h1_fullbody_controller:/home/students/workspace/install/cmdvel_to_ackermann:/opt/ros/humble /usr/bin/cmake --install /home/students/workspace/build/isaacsim_clearpath_nav2
[1.034s] -- Install configuration: ""
[1.034s] -- Execute custom install script
[1.034s] -- Symlinking: /home/students/workspace/install/isaacsim_clearpath_nav2/share/isaacsim_clearpath_nav2/launch/clearpath_navigation.launch.py
[1.041s] -- Symlinking: /home/students/workspace/install/isaacsim_clearpath_nav2/share/isaacsim_clearpath_nav2/params/dd100/nav2.yaml
[1.044s] -- Symlinking: /home/students/workspace/install/isaacsim_clearpath_nav2/share/isaacsim_clearpath_nav2/params/dd100/robot.yaml
[1.051s] -- Symlinking: /home/students/workspace/install/isaacsim_clearpath_nav2/share/isaacsim_clearpath_nav2/params/rviz2/isaacsim_clearpath_nav2_namespaced.rviz
[1.054s] -- Symlinking: /home/students/workspace/install/isaacsim_clearpath_nav2/share/ament_index/resource_index/package_run_dependencies/isaacsim_clearpath_nav2
[1.059s] -- Symlinking: /home/students/workspace/install/isaacsim_clearpath_nav2/share/ament_index/resource_index/parent_prefix_path/isaacsim_clearpath_nav2
[1.063s] -- Symlinking: /home/students/workspace/install/isaacsim_clearpath_nav2/share/isaacsim_clearpath_nav2/environment/ament_prefix_path.sh
[1.068s] -- Symlinking: /home/students/workspace/install/isaacsim_clearpath_nav2/share/isaacsim_clearpath_nav2/environment/ament_prefix_path.dsv
[1.072s] -- Symlinking: /home/students/workspace/install/isaacsim_clearpath_nav2/share/isaacsim_clearpath_nav2/environment/path.sh
[1.078s] -- Symlinking: /home/students/workspace/install/isaacsim_clearpath_nav2/share/isaacsim_clearpath_nav2/environment/path.dsv
[1.082s] -- Symlinking: /home/students/workspace/install/isaacsim_clearpath_nav2/share/isaacsim_clearpath_nav2/local_setup.bash
[1.087s] -- Symlinking: /home/students/workspace/install/isaacsim_clearpath_nav2/share/isaacsim_clearpath_nav2/local_setup.sh
[1.093s] -- Symlinking: /home/students/workspace/install/isaacsim_clearpath_nav2/share/isaacsim_clearpath_nav2/local_setup.zsh
[1.100s] -- Symlinking: /home/students/workspace/install/isaacsim_clearpath_nav2/share/isaacsim_clearpath_nav2/local_setup.dsv
[1.106s] -- Symlinking: /home/students/workspace/install/isaacsim_clearpath_nav2/share/isaacsim_clearpath_nav2/package.dsv
[1.112s] -- Symlinking: /home/students/workspace/install/isaacsim_clearpath_nav2/share/ament_index/resource_index/packages/isaacsim_clearpath_nav2
[1.117s] -- Symlinking: /home/students/workspace/install/isaacsim_clearpath_nav2/share/isaacsim_clearpath_nav2/cmake/isaacsim_clearpath_nav2Config.cmake
[1.122s] -- Symlinking: /home/students/workspace/install/isaacsim_clearpath_nav2/share/isaacsim_clearpath_nav2/cmake/isaacsim_clearpath_nav2Config-version.cmake
[1.127s] -- Symlinking: /home/students/workspace/install/isaacsim_clearpath_nav2/share/isaacsim_clearpath_nav2/package.xml
[1.133s] Invoked command in '/home/students/workspace/build/isaacsim_clearpath_nav2' returned '0': CMAKE_PREFIX_PATH=${CMAKE_PREFIX_PATH}:/home/students/workspace/install/isaacsim_bringup:/home/students/workspace/install/isaac_ros_navigation_goal:/home/students/workspace/install/isaac_moveit:/home/students/workspace/install/isaac_compressed_image_decoder:/home/students/workspace/install/h1_fullbody_controller:/home/students/workspace/install/cmdvel_to_ackermann:/opt/ros/humble /usr/bin/cmake --install /home/students/workspace/build/isaacsim_clearpath_nav2
