[0.527s] Invoking command in '/home/cofla/adaptive_manip_ws/src/perception_pkg': PYTHONPATH=/home/cofla/adaptive_manip_ws/build/perception_pkg/prefix_override:/usr/lib/python3/dist-packages/colcon_core/task/python/colcon_distutils_commands:/home/cofla/adaptive_manip_ws/install/perception_pkg/lib/python3.10/site-packages:${PYTHONPATH} /usr/bin/python3 -W ignore:setup.py install is deprecated -W ignore:easy_install command is deprecated setup.py egg_info --egg-base ../../build/perception_pkg build --build-base /home/cofla/adaptive_manip_ws/build/perception_pkg/build install --record /home/cofla/adaptive_manip_ws/build/perception_pkg/install.log --install-scripts $base/lib/perception_pkg --single-version-externally-managed install_data
[0.700s] running egg_info
[0.701s] writing ../../build/perception_pkg/perception_pkg.egg-info/PKG-INFO
[0.701s] writing dependency_links to ../../build/perception_pkg/perception_pkg.egg-info/dependency_links.txt
[0.702s] writing entry points to ../../build/perception_pkg/perception_pkg.egg-info/entry_points.txt
[0.702s] writing requirements to ../../build/perception_pkg/perception_pkg.egg-info/requires.txt
[0.702s] writing top-level names to ../../build/perception_pkg/perception_pkg.egg-info/top_level.txt
[0.702s] reading manifest file '../../build/perception_pkg/perception_pkg.egg-info/SOURCES.txt'
[0.702s] writing manifest file '../../build/perception_pkg/perception_pkg.egg-info/SOURCES.txt'
[0.702s] running build
[0.703s] running build_py
[0.703s] running install
[0.703s] running install_lib
[0.704s] running install_data
[0.704s] running install_egg_info
[0.706s] removing '/home/cofla/adaptive_manip_ws/install/perception_pkg/lib/python3.10/site-packages/perception_pkg-0.0.1-py3.10.egg-info' (and everything under it)
[0.706s] Copying ../../build/perception_pkg/perception_pkg.egg-info to /home/cofla/adaptive_manip_ws/install/perception_pkg/lib/python3.10/site-packages/perception_pkg-0.0.1-py3.10.egg-info
[0.707s] running install_scripts
[0.728s] Installing detected_object_node script to /home/cofla/adaptive_manip_ws/install/perception_pkg/lib/perception_pkg
[0.729s] Installing fake_d555_publisher script to /home/cofla/adaptive_manip_ws/install/perception_pkg/lib/perception_pkg
[0.729s] writing list of installed files to '/home/cofla/adaptive_manip_ws/build/perception_pkg/install.log'
[0.749s] Invoked command in '/home/cofla/adaptive_manip_ws/src/perception_pkg' returned '0': PYTHONPATH=/home/cofla/adaptive_manip_ws/build/perception_pkg/prefix_override:/usr/lib/python3/dist-packages/colcon_core/task/python/colcon_distutils_commands:/home/cofla/adaptive_manip_ws/install/perception_pkg/lib/python3.10/site-packages:${PYTHONPATH} /usr/bin/python3 -W ignore:setup.py install is deprecated -W ignore:easy_install command is deprecated setup.py egg_info --egg-base ../../build/perception_pkg build --build-base /home/cofla/adaptive_manip_ws/build/perception_pkg/build install --record /home/cofla/adaptive_manip_ws/build/perception_pkg/install.log --install-scripts $base/lib/perception_pkg --single-version-externally-managed install_data
