[0.010s] Invoking command in '/home/cofla/adaptive_manip_ws/build/perception_interfaces': CMAKE_PREFIX_PATH=${CMAKE_PREFIX_PATH}:/home/cofla/adaptive_manip_ws/install/perception_pkg:/opt/ros/humble /usr/bin/cmake --build /home/cofla/adaptive_manip_ws/build/perception_interfaces -- -j18 -l18
[0.049s] [  7%] Built target perception_interfaces__rs
[0.050s] [ 12%] Built target perception_interfaces__rosidl_generator_c
[0.050s] [ 15%] Built target perception_interfaces__cpp
[0.054s] [ 15%] Built target ament_cmake_python_copy_perception_interfaces
[0.072s] [ 25%] Built target perception_interfaces__rosidl_typesupport_c
[0.076s] [ 35%] Built target perception_interfaces__rosidl_typesupport_introspection_c
[0.077s] [ 45%] Built target perception_interfaces__rosidl_typesupport_cpp
[0.080s] [ 55%] Built target perception_interfaces__rosidl_typesupport_fastrtps_c
[0.083s] [ 65%] Built target perception_interfaces__rosidl_typesupport_introspection_cpp
[0.084s] [ 75%] Built target perception_interfaces__rosidl_typesupport_fastrtps_cpp
[0.102s] [ 75%] Built target perception_interfaces
[0.121s] [ 77%] Built target perception_interfaces__py
[0.138s] [ 85%] Built target perception_interfaces__rosidl_generator_py
[0.159s] [ 90%] Built target perception_interfaces__rosidl_typesupport_c__pyext
[0.159s] [ 95%] Built target perception_interfaces__rosidl_typesupport_fastrtps_c__pyext
[0.160s] [100%] Built target perception_interfaces__rosidl_typesupport_introspection_c__pyext
[0.258s] running egg_info
[0.258s] writing perception_interfaces.egg-info/PKG-INFO
[0.258s] writing dependency_links to perception_interfaces.egg-info/dependency_links.txt
[0.259s] writing top-level names to perception_interfaces.egg-info/top_level.txt
[0.260s] reading manifest file 'perception_interfaces.egg-info/SOURCES.txt'
[0.260s] writing manifest file 'perception_interfaces.egg-info/SOURCES.txt'
[0.279s] [100%] Built target ament_cmake_python_build_perception_interfaces_egg
[0.288s] Invoked command in '/home/cofla/adaptive_manip_ws/build/perception_interfaces' returned '0': CMAKE_PREFIX_PATH=${CMAKE_PREFIX_PATH}:/home/cofla/adaptive_manip_ws/install/perception_pkg:/opt/ros/humble /usr/bin/cmake --build /home/cofla/adaptive_manip_ws/build/perception_interfaces -- -j18 -l18
[0.296s] Invoking command in '/home/cofla/adaptive_manip_ws/build/perception_interfaces': CMAKE_PREFIX_PATH=${CMAKE_PREFIX_PATH}:/home/cofla/adaptive_manip_ws/install/perception_pkg:/opt/ros/humble /usr/bin/cmake --install /home/cofla/adaptive_manip_ws/build/perception_interfaces
[0.302s] -- Install configuration: ""
[0.303s] -- Up-to-date: /home/cofla/adaptive_manip_ws/install/perception_interfaces/share/ament_index/resource_index/rosidl_interfaces/perception_interfaces
[0.303s] -- Up-to-date: /home/cofla/adaptive_manip_ws/install/perception_interfaces/include/perception_interfaces/perception_interfaces
[0.303s] -- Up-to-date: /home/cofla/adaptive_manip_ws/install/perception_interfaces/include/perception_interfaces/perception_interfaces/msg
[0.303s] -- Up-to-date: /home/cofla/adaptive_manip_ws/install/perception_interfaces/include/perception_interfaces/perception_interfaces/msg/detected_object_array.h
[0.303s] -- Up-to-date: /home/cofla/adaptive_manip_ws/install/perception_interfaces/include/perception_interfaces/perception_interfaces/msg/detail
[0.303s] -- Up-to-date: /home/cofla/adaptive_manip_ws/install/perception_interfaces/include/perception_interfaces/perception_interfaces/msg/detail/detected_object__functions.h
[0.304s] -- Up-to-date: /home/cofla/adaptive_manip_ws/install/perception_interfaces/include/perception_interfaces/perception_interfaces/msg/detail/detected_object_array__type_support.h
[0.304s] -- Up-to-date: /home/cofla/adaptive_manip_ws/install/perception_interfaces/include/perception_interfaces/perception_interfaces/msg/detail/detected_object__functions.c
[0.304s] -- Up-to-date: /home/cofla/adaptive_manip_ws/install/perception_interfaces/include/perception_interfaces/perception_interfaces/msg/detail/detected_object__type_support.h
[0.304s] -- Up-to-date: /home/cofla/adaptive_manip_ws/install/perception_interfaces/include/perception_interfaces/perception_interfaces/msg/detail/detected_object_array__struct.h
[0.304s] -- Up-to-date: /home/cofla/adaptive_manip_ws/install/perception_interfaces/include/perception_interfaces/perception_interfaces/msg/detail/detected_object__struct.h
[0.304s] -- Up-to-date: /home/cofla/adaptive_manip_ws/install/perception_interfaces/include/perception_interfaces/perception_interfaces/msg/detail/detected_object_array__functions.c
[0.304s] -- Up-to-date: /home/cofla/adaptive_manip_ws/install/perception_interfaces/include/perception_interfaces/perception_interfaces/msg/detail/detected_object_array__functions.h
[0.305s] -- Up-to-date: /home/cofla/adaptive_manip_ws/install/perception_interfaces/include/perception_interfaces/perception_interfaces/msg/rosidl_generator_c__visibility_control.h
[0.305s] -- Up-to-date: /home/cofla/adaptive_manip_ws/install/perception_interfaces/include/perception_interfaces/perception_interfaces/msg/detected_object.h
[0.305s] -- Up-to-date: /home/cofla/adaptive_manip_ws/install/perception_interfaces/share/perception_interfaces/environment/library_path.sh
[0.305s] -- Up-to-date: /home/cofla/adaptive_manip_ws/install/perception_interfaces/share/perception_interfaces/environment/library_path.dsv
[0.305s] -- Up-to-date: /home/cofla/adaptive_manip_ws/install/perception_interfaces/lib/libperception_interfaces__rosidl_generator_c.so
[0.305s] -- Up-to-date: /home/cofla/adaptive_manip_ws/install/perception_interfaces/include/perception_interfaces/perception_interfaces
[0.305s] -- Up-to-date: /home/cofla/adaptive_manip_ws/install/perception_interfaces/include/perception_interfaces/perception_interfaces/msg
[0.305s] -- Up-to-date: /home/cofla/adaptive_manip_ws/install/perception_interfaces/include/perception_interfaces/perception_interfaces/msg/detail
[0.305s] -- Up-to-date: /home/cofla/adaptive_manip_ws/install/perception_interfaces/include/perception_interfaces/perception_interfaces/msg/detail/detected_object__rosidl_typesupport_fastrtps_c.h
[0.305s] -- Up-to-date: /home/cofla/adaptive_manip_ws/install/perception_interfaces/include/perception_interfaces/perception_interfaces/msg/detail/detected_object_array__rosidl_typesupport_fastrtps_c.h
[0.305s] -- Up-to-date: /home/cofla/adaptive_manip_ws/install/perception_interfaces/include/perception_interfaces/perception_interfaces/msg/rosidl_typesupport_fastrtps_c__visibility_control.h
[0.305s] -- Up-to-date: /home/cofla/adaptive_manip_ws/install/perception_interfaces/lib/libperception_interfaces__rosidl_typesupport_fastrtps_c.so
[0.305s] -- Up-to-date: /home/cofla/adaptive_manip_ws/install/perception_interfaces/include/perception_interfaces/perception_interfaces
[0.306s] -- Up-to-date: /home/cofla/adaptive_manip_ws/install/perception_interfaces/include/perception_interfaces/perception_interfaces/msg
[0.306s] -- Up-to-date: /home/cofla/adaptive_manip_ws/install/perception_interfaces/include/perception_interfaces/perception_interfaces/msg/rosidl_typesupport_introspection_c__visibility_control.h
[0.306s] -- Up-to-date: /home/cofla/adaptive_manip_ws/install/perception_interfaces/include/perception_interfaces/perception_interfaces/msg/detail
[0.306s] -- Up-to-date: /home/cofla/adaptive_manip_ws/install/perception_interfaces/include/perception_interfaces/perception_interfaces/msg/detail/detected_object_array__rosidl_typesupport_introspection_c.h
[0.306s] -- Up-to-date: /home/cofla/adaptive_manip_ws/install/perception_interfaces/include/perception_interfaces/perception_interfaces/msg/detail/detected_object__type_support.c
[0.306s] -- Up-to-date: /home/cofla/adaptive_manip_ws/install/perception_interfaces/include/perception_interfaces/perception_interfaces/msg/detail/detected_object_array__type_support.c
[0.306s] -- Up-to-date: /home/cofla/adaptive_manip_ws/install/perception_interfaces/include/perception_interfaces/perception_interfaces/msg/detail/detected_object__rosidl_typesupport_introspection_c.h
[0.306s] -- Up-to-date: /home/cofla/adaptive_manip_ws/install/perception_interfaces/lib/libperception_interfaces__rosidl_typesupport_introspection_c.so
[0.306s] -- Up-to-date: /home/cofla/adaptive_manip_ws/install/perception_interfaces/lib/libperception_interfaces__rosidl_typesupport_c.so
[0.307s] -- Up-to-date: /home/cofla/adaptive_manip_ws/install/perception_interfaces/include/perception_interfaces/perception_interfaces
[0.307s] -- Up-to-date: /home/cofla/adaptive_manip_ws/install/perception_interfaces/include/perception_interfaces/perception_interfaces/msg
[0.307s] -- Up-to-date: /home/cofla/adaptive_manip_ws/install/perception_interfaces/include/perception_interfaces/perception_interfaces/msg/detected_object.hpp
[0.307s] -- Up-to-date: /home/cofla/adaptive_manip_ws/install/perception_interfaces/include/perception_interfaces/perception_interfaces/msg/detail
[0.307s] -- Up-to-date: /home/cofla/adaptive_manip_ws/install/perception_interfaces/include/perception_interfaces/perception_interfaces/msg/detail/detected_object_array__builder.hpp
[0.307s] -- Up-to-date: /home/cofla/adaptive_manip_ws/install/perception_interfaces/include/perception_interfaces/perception_interfaces/msg/detail/detected_object__builder.hpp
[0.307s] -- Up-to-date: /home/cofla/adaptive_manip_ws/install/perception_interfaces/include/perception_interfaces/perception_interfaces/msg/detail/detected_object__struct.hpp
[0.307s] -- Up-to-date: /home/cofla/adaptive_manip_ws/install/perception_interfaces/include/perception_interfaces/perception_interfaces/msg/detail/detected_object__type_support.hpp
[0.307s] -- Up-to-date: /home/cofla/adaptive_manip_ws/install/perception_interfaces/include/perception_interfaces/perception_interfaces/msg/detail/detected_object_array__type_support.hpp
[0.307s] -- Up-to-date: /home/cofla/adaptive_manip_ws/install/perception_interfaces/include/perception_interfaces/perception_interfaces/msg/detail/detected_object_array__traits.hpp
[0.307s] -- Up-to-date: /home/cofla/adaptive_manip_ws/install/perception_interfaces/include/perception_interfaces/perception_interfaces/msg/detail/detected_object__traits.hpp
[0.307s] -- Up-to-date: /home/cofla/adaptive_manip_ws/install/perception_interfaces/include/perception_interfaces/perception_interfaces/msg/detail/detected_object_array__struct.hpp
[0.307s] -- Up-to-date: /home/cofla/adaptive_manip_ws/install/perception_interfaces/include/perception_interfaces/perception_interfaces/msg/rosidl_generator_cpp__visibility_control.hpp
[0.307s] -- Up-to-date: /home/cofla/adaptive_manip_ws/install/perception_interfaces/include/perception_interfaces/perception_interfaces/msg/detected_object_array.hpp
[0.307s] -- Up-to-date: /home/cofla/adaptive_manip_ws/install/perception_interfaces/include/perception_interfaces/perception_interfaces
[0.307s] -- Up-to-date: /home/cofla/adaptive_manip_ws/install/perception_interfaces/include/perception_interfaces/perception_interfaces/msg
[0.307s] -- Up-to-date: /home/cofla/adaptive_manip_ws/install/perception_interfaces/include/perception_interfaces/perception_interfaces/msg/detail
[0.307s] -- Up-to-date: /home/cofla/adaptive_manip_ws/install/perception_interfaces/include/perception_interfaces/perception_interfaces/msg/detail/dds_fastrtps
[0.307s] -- Up-to-date: /home/cofla/adaptive_manip_ws/install/perception_interfaces/include/perception_interfaces/perception_interfaces/msg/detail/detected_object_array__rosidl_typesupport_fastrtps_cpp.hpp
[0.307s] -- Up-to-date: /home/cofla/adaptive_manip_ws/install/perception_interfaces/include/perception_interfaces/perception_interfaces/msg/detail/detected_object__rosidl_typesupport_fastrtps_cpp.hpp
[0.307s] -- Up-to-date: /home/cofla/adaptive_manip_ws/install/perception_interfaces/include/perception_interfaces/perception_interfaces/msg/rosidl_typesupport_fastrtps_cpp__visibility_control.h
[0.307s] -- Up-to-date: /home/cofla/adaptive_manip_ws/install/perception_interfaces/lib/libperception_interfaces__rosidl_typesupport_fastrtps_cpp.so
[0.307s] -- Up-to-date: /home/cofla/adaptive_manip_ws/install/perception_interfaces/include/perception_interfaces/perception_interfaces
[0.307s] -- Up-to-date: /home/cofla/adaptive_manip_ws/install/perception_interfaces/include/perception_interfaces/perception_interfaces/msg
[0.308s] -- Up-to-date: /home/cofla/adaptive_manip_ws/install/perception_interfaces/include/perception_interfaces/perception_interfaces/msg/detail
[0.308s] -- Up-to-date: /home/cofla/adaptive_manip_ws/install/perception_interfaces/include/perception_interfaces/perception_interfaces/msg/detail/detected_object__rosidl_typesupport_introspection_cpp.hpp
[0.308s] -- Up-to-date: /home/cofla/adaptive_manip_ws/install/perception_interfaces/include/perception_interfaces/perception_interfaces/msg/detail/detected_object_array__type_support.cpp
[0.308s] -- Up-to-date: /home/cofla/adaptive_manip_ws/install/perception_interfaces/include/perception_interfaces/perception_interfaces/msg/detail/detected_object__type_support.cpp
[0.308s] -- Up-to-date: /home/cofla/adaptive_manip_ws/install/perception_interfaces/include/perception_interfaces/perception_interfaces/msg/detail/detected_object_array__rosidl_typesupport_introspection_cpp.hpp
[0.308s] -- Up-to-date: /home/cofla/adaptive_manip_ws/install/perception_interfaces/lib/libperception_interfaces__rosidl_typesupport_introspection_cpp.so
[0.308s] -- Up-to-date: /home/cofla/adaptive_manip_ws/install/perception_interfaces/lib/libperception_interfaces__rosidl_typesupport_cpp.so
[0.308s] -- Up-to-date: /home/cofla/adaptive_manip_ws/install/perception_interfaces/share/perception_interfaces/environment/pythonpath.sh
[0.308s] -- Up-to-date: /home/cofla/adaptive_manip_ws/install/perception_interfaces/share/perception_interfaces/environment/pythonpath.dsv
[0.308s] -- Up-to-date: /home/cofla/adaptive_manip_ws/install/perception_interfaces/local/lib/python3.10/dist-packages/perception_interfaces-0.0.1-py3.10.egg-info
[0.308s] -- Installing: /home/cofla/adaptive_manip_ws/install/perception_interfaces/local/lib/python3.10/dist-packages/perception_interfaces-0.0.1-py3.10.egg-info/SOURCES.txt
[0.308s] -- Installing: /home/cofla/adaptive_manip_ws/install/perception_interfaces/local/lib/python3.10/dist-packages/perception_interfaces-0.0.1-py3.10.egg-info/PKG-INFO
[0.308s] -- Installing: /home/cofla/adaptive_manip_ws/install/perception_interfaces/local/lib/python3.10/dist-packages/perception_interfaces-0.0.1-py3.10.egg-info/dependency_links.txt
[0.308s] -- Installing: /home/cofla/adaptive_manip_ws/install/perception_interfaces/local/lib/python3.10/dist-packages/perception_interfaces-0.0.1-py3.10.egg-info/top_level.txt
[0.308s] -- Up-to-date: /home/cofla/adaptive_manip_ws/install/perception_interfaces/local/lib/python3.10/dist-packages/perception_interfaces
[0.308s] -- Up-to-date: /home/cofla/adaptive_manip_ws/install/perception_interfaces/local/lib/python3.10/dist-packages/perception_interfaces/_perception_interfaces_s.ep.rosidl_typesupport_introspection_c.c
[0.308s] -- Up-to-date: /home/cofla/adaptive_manip_ws/install/perception_interfaces/local/lib/python3.10/dist-packages/perception_interfaces/perception_interfaces_s__rosidl_typesupport_introspection_c.cpython-310-x86_64-linux-gnu.so
[0.308s] -- Up-to-date: /home/cofla/adaptive_manip_ws/install/perception_interfaces/local/lib/python3.10/dist-packages/perception_interfaces/perception_interfaces_s__rosidl_typesupport_c.cpython-310-x86_64-linux-gnu.so
[0.308s] -- Up-to-date: /home/cofla/adaptive_manip_ws/install/perception_interfaces/local/lib/python3.10/dist-packages/perception_interfaces/perception_interfaces_s__rosidl_typesupport_fastrtps_c.cpython-310-x86_64-linux-gnu.so
[0.308s] -- Up-to-date: /home/cofla/adaptive_manip_ws/install/perception_interfaces/local/lib/python3.10/dist-packages/perception_interfaces/_perception_interfaces_s.ep.rosidl_typesupport_c.c
[0.308s] -- Up-to-date: /home/cofla/adaptive_manip_ws/install/perception_interfaces/local/lib/python3.10/dist-packages/perception_interfaces/__init__.py
[0.308s] -- Up-to-date: /home/cofla/adaptive_manip_ws/install/perception_interfaces/local/lib/python3.10/dist-packages/perception_interfaces/msg
[0.308s] -- Up-to-date: /home/cofla/adaptive_manip_ws/install/perception_interfaces/local/lib/python3.10/dist-packages/perception_interfaces/msg/_detected_object_s.c
[0.308s] -- Up-to-date: /home/cofla/adaptive_manip_ws/install/perception_interfaces/local/lib/python3.10/dist-packages/perception_interfaces/msg/_detected_object_array_s.c
[0.308s] -- Up-to-date: /home/cofla/adaptive_manip_ws/install/perception_interfaces/local/lib/python3.10/dist-packages/perception_interfaces/msg/_detected_object.py
[0.308s] -- Up-to-date: /home/cofla/adaptive_manip_ws/install/perception_interfaces/local/lib/python3.10/dist-packages/perception_interfaces/msg/__init__.py
[0.308s] -- Up-to-date: /home/cofla/adaptive_manip_ws/install/perception_interfaces/local/lib/python3.10/dist-packages/perception_interfaces/msg/_detected_object_array.py
[0.308s] -- Up-to-date: /home/cofla/adaptive_manip_ws/install/perception_interfaces/local/lib/python3.10/dist-packages/perception_interfaces/_perception_interfaces_s.ep.rosidl_typesupport_fastrtps_c.c
[0.308s] -- Up-to-date: /home/cofla/adaptive_manip_ws/install/perception_interfaces/local/lib/python3.10/dist-packages/perception_interfaces/libperception_interfaces__rosidl_generator_py.so
[0.334s] Listing '/home/cofla/adaptive_manip_ws/install/perception_interfaces/local/lib/python3.10/dist-packages/perception_interfaces'...
[0.334s] Listing '/home/cofla/adaptive_manip_ws/install/perception_interfaces/local/lib/python3.10/dist-packages/perception_interfaces/msg'...
[0.338s] -- Up-to-date: /home/cofla/adaptive_manip_ws/install/perception_interfaces/local/lib/python3.10/dist-packages/perception_interfaces/perception_interfaces_s__rosidl_typesupport_fastrtps_c.cpython-310-x86_64-linux-gnu.so
[0.338s] -- Up-to-date: /home/cofla/adaptive_manip_ws/install/perception_interfaces/local/lib/python3.10/dist-packages/perception_interfaces/perception_interfaces_s__rosidl_typesupport_introspection_c.cpython-310-x86_64-linux-gnu.so
[0.339s] -- Up-to-date: /home/cofla/adaptive_manip_ws/install/perception_interfaces/local/lib/python3.10/dist-packages/perception_interfaces/perception_interfaces_s__rosidl_typesupport_c.cpython-310-x86_64-linux-gnu.so
[0.339s] -- Up-to-date: /home/cofla/adaptive_manip_ws/install/perception_interfaces/lib/libperception_interfaces__rosidl_generator_py.so
[0.340s] -- Up-to-date: /home/cofla/adaptive_manip_ws/install/perception_interfaces/share/ament_index/resource_index/rust_packages/perception_interfaces
[0.340s] -- Up-to-date: /home/cofla/adaptive_manip_ws/install/perception_interfaces/share/perception_interfaces/rust
[0.340s] -- Up-to-date: /home/cofla/adaptive_manip_ws/install/perception_interfaces/share/perception_interfaces/rust/Cargo.toml
[0.340s] -- Up-to-date: /home/cofla/adaptive_manip_ws/install/perception_interfaces/share/perception_interfaces/rust/src
[0.340s] -- Up-to-date: /home/cofla/adaptive_manip_ws/install/perception_interfaces/share/perception_interfaces/rust/src/msg.rs
[0.340s] -- Up-to-date: /home/cofla/adaptive_manip_ws/install/perception_interfaces/share/perception_interfaces/rust/src/lib.rs
[0.340s] -- Up-to-date: /home/cofla/adaptive_manip_ws/install/perception_interfaces/share/perception_interfaces/rust/src/msg
[0.340s] -- Up-to-date: /home/cofla/adaptive_manip_ws/install/perception_interfaces/share/perception_interfaces/rust/src/msg/rmw.rs
[0.341s] -- Up-to-date: /home/cofla/adaptive_manip_ws/install/perception_interfaces/share/perception_interfaces/rust/build.rs
[0.341s] -- Up-to-date: /home/cofla/adaptive_manip_ws/install/perception_interfaces/share/perception_interfaces/msg/DetectedObject.idl
[0.341s] -- Up-to-date: /home/cofla/adaptive_manip_ws/install/perception_interfaces/share/perception_interfaces/msg/DetectedObjectArray.idl
[0.341s] -- Up-to-date: /home/cofla/adaptive_manip_ws/install/perception_interfaces/share/perception_interfaces/msg/DetectedObject.msg
[0.341s] -- Up-to-date: /home/cofla/adaptive_manip_ws/install/perception_interfaces/share/perception_interfaces/msg/DetectedObjectArray.msg
[0.341s] -- Up-to-date: /home/cofla/adaptive_manip_ws/install/perception_interfaces/share/ament_index/resource_index/package_run_dependencies/perception_interfaces
[0.341s] -- Up-to-date: /home/cofla/adaptive_manip_ws/install/perception_interfaces/share/ament_index/resource_index/parent_prefix_path/perception_interfaces
[0.341s] -- Up-to-date: /home/cofla/adaptive_manip_ws/install/perception_interfaces/share/perception_interfaces/environment/ament_prefix_path.sh
[0.341s] -- Up-to-date: /home/cofla/adaptive_manip_ws/install/perception_interfaces/share/perception_interfaces/environment/ament_prefix_path.dsv
[0.341s] -- Up-to-date: /home/cofla/adaptive_manip_ws/install/perception_interfaces/share/perception_interfaces/environment/path.sh
[0.341s] -- Up-to-date: /home/cofla/adaptive_manip_ws/install/perception_interfaces/share/perception_interfaces/environment/path.dsv
[0.342s] -- Up-to-date: /home/cofla/adaptive_manip_ws/install/perception_interfaces/share/perception_interfaces/local_setup.bash
[0.342s] -- Up-to-date: /home/cofla/adaptive_manip_ws/install/perception_interfaces/share/perception_interfaces/local_setup.sh
[0.342s] -- Up-to-date: /home/cofla/adaptive_manip_ws/install/perception_interfaces/share/perception_interfaces/local_setup.zsh
[0.342s] -- Up-to-date: /home/cofla/adaptive_manip_ws/install/perception_interfaces/share/perception_interfaces/local_setup.dsv
[0.342s] -- Installing: /home/cofla/adaptive_manip_ws/install/perception_interfaces/share/perception_interfaces/package.dsv
[0.342s] -- Up-to-date: /home/cofla/adaptive_manip_ws/install/perception_interfaces/share/ament_index/resource_index/packages/perception_interfaces
[0.342s] -- Up-to-date: /home/cofla/adaptive_manip_ws/install/perception_interfaces/share/perception_interfaces/cmake/export_perception_interfaces__rosidl_generator_cExport.cmake
[0.343s] -- Up-to-date: /home/cofla/adaptive_manip_ws/install/perception_interfaces/share/perception_interfaces/cmake/export_perception_interfaces__rosidl_generator_cExport-noconfig.cmake
[0.343s] -- Up-to-date: /home/cofla/adaptive_manip_ws/install/perception_interfaces/share/perception_interfaces/cmake/export_perception_interfaces__rosidl_typesupport_fastrtps_cExport.cmake
[0.343s] -- Up-to-date: /home/cofla/adaptive_manip_ws/install/perception_interfaces/share/perception_interfaces/cmake/export_perception_interfaces__rosidl_typesupport_fastrtps_cExport-noconfig.cmake
[0.343s] -- Up-to-date: /home/cofla/adaptive_manip_ws/install/perception_interfaces/share/perception_interfaces/cmake/perception_interfaces__rosidl_typesupport_introspection_cExport.cmake
[0.343s] -- Up-to-date: /home/cofla/adaptive_manip_ws/install/perception_interfaces/share/perception_interfaces/cmake/perception_interfaces__rosidl_typesupport_introspection_cExport-noconfig.cmake
[0.343s] -- Up-to-date: /home/cofla/adaptive_manip_ws/install/perception_interfaces/share/perception_interfaces/cmake/perception_interfaces__rosidl_typesupport_cExport.cmake
[0.343s] -- Up-to-date: /home/cofla/adaptive_manip_ws/install/perception_interfaces/share/perception_interfaces/cmake/perception_interfaces__rosidl_typesupport_cExport-noconfig.cmake
[0.343s] -- Up-to-date: /home/cofla/adaptive_manip_ws/install/perception_interfaces/share/perception_interfaces/cmake/export_perception_interfaces__rosidl_generator_cppExport.cmake
[0.343s] -- Up-to-date: /home/cofla/adaptive_manip_ws/install/perception_interfaces/share/perception_interfaces/cmake/export_perception_interfaces__rosidl_typesupport_fastrtps_cppExport.cmake
[0.343s] -- Up-to-date: /home/cofla/adaptive_manip_ws/install/perception_interfaces/share/perception_interfaces/cmake/export_perception_interfaces__rosidl_typesupport_fastrtps_cppExport-noconfig.cmake
[0.343s] -- Up-to-date: /home/cofla/adaptive_manip_ws/install/perception_interfaces/share/perception_interfaces/cmake/perception_interfaces__rosidl_typesupport_introspection_cppExport.cmake
[0.343s] -- Up-to-date: /home/cofla/adaptive_manip_ws/install/perception_interfaces/share/perception_interfaces/cmake/perception_interfaces__rosidl_typesupport_introspection_cppExport-noconfig.cmake
[0.343s] -- Up-to-date: /home/cofla/adaptive_manip_ws/install/perception_interfaces/share/perception_interfaces/cmake/perception_interfaces__rosidl_typesupport_cppExport.cmake
[0.343s] -- Up-to-date: /home/cofla/adaptive_manip_ws/install/perception_interfaces/share/perception_interfaces/cmake/perception_interfaces__rosidl_typesupport_cppExport-noconfig.cmake
[0.344s] -- Up-to-date: /home/cofla/adaptive_manip_ws/install/perception_interfaces/share/perception_interfaces/cmake/export_perception_interfaces__rosidl_generator_pyExport.cmake
[0.344s] -- Up-to-date: /home/cofla/adaptive_manip_ws/install/perception_interfaces/share/perception_interfaces/cmake/export_perception_interfaces__rosidl_generator_pyExport-noconfig.cmake
[0.344s] -- Up-to-date: /home/cofla/adaptive_manip_ws/install/perception_interfaces/share/perception_interfaces/cmake/rosidl_cmake-extras.cmake
[0.344s] -- Up-to-date: /home/cofla/adaptive_manip_ws/install/perception_interfaces/share/perception_interfaces/cmake/ament_cmake_export_dependencies-extras.cmake
[0.344s] -- Up-to-date: /home/cofla/adaptive_manip_ws/install/perception_interfaces/share/perception_interfaces/cmake/ament_cmake_export_include_directories-extras.cmake
[0.344s] -- Up-to-date: /home/cofla/adaptive_manip_ws/install/perception_interfaces/share/perception_interfaces/cmake/ament_cmake_export_libraries-extras.cmake
[0.344s] -- Up-to-date: /home/cofla/adaptive_manip_ws/install/perception_interfaces/share/perception_interfaces/cmake/ament_cmake_export_targets-extras.cmake
[0.344s] -- Up-to-date: /home/cofla/adaptive_manip_ws/install/perception_interfaces/share/perception_interfaces/cmake/rosidl_cmake_export_typesupport_targets-extras.cmake
[0.345s] -- Up-to-date: /home/cofla/adaptive_manip_ws/install/perception_interfaces/share/perception_interfaces/cmake/rosidl_cmake_export_typesupport_libraries-extras.cmake
[0.346s] -- Up-to-date: /home/cofla/adaptive_manip_ws/install/perception_interfaces/share/perception_interfaces/cmake/rosidl_cmake_aggregate_target-extras.cmake
[0.347s] -- Up-to-date: /home/cofla/adaptive_manip_ws/install/perception_interfaces/share/perception_interfaces/cmake/perception_interfacesConfig.cmake
[0.347s] -- Up-to-date: /home/cofla/adaptive_manip_ws/install/perception_interfaces/share/perception_interfaces/cmake/perception_interfacesConfig-version.cmake
[0.348s] -- Up-to-date: /home/cofla/adaptive_manip_ws/install/perception_interfaces/share/perception_interfaces/package.xml
[0.348s] Invoked command in '/home/cofla/adaptive_manip_ws/build/perception_interfaces' returned '0': CMAKE_PREFIX_PATH=${CMAKE_PREFIX_PATH}:/home/cofla/adaptive_manip_ws/install/perception_pkg:/opt/ros/humble /usr/bin/cmake --install /home/cofla/adaptive_manip_ws/build/perception_interfaces
