[0.971s] Invoking command in '/home/ciderlab-server3/workspace/2026_industry_cowork/IsaacSim-ros_workspaces/humble_ws/src/humanoid_locomotion_policy_example/h1_fullbody_controller': PYTHONPATH=/home/ciderlab-server3/workspace/2026_industry_cowork/IsaacSim-ros_workspaces/humble_ws/build/h1_fullbody_controller/prefix_override:/usr/lib/python3/dist-packages/colcon_core/task/python/colcon_distutils_commands:/home/ciderlab-server3/workspace/2026_industry_cowork/IsaacSim-ros_workspaces/humble_ws/install/h1_fullbody_controller/lib/python3.10/site-packages:${PYTHONPATH} /usr/bin/python3 -W ignore:setup.py install is deprecated -W ignore:easy_install command is deprecated setup.py egg_info --egg-base ../../../build/h1_fullbody_controller build --build-base /home/ciderlab-server3/workspace/2026_industry_cowork/IsaacSim-ros_workspaces/humble_ws/build/h1_fullbody_controller/build install --record /home/ciderlab-server3/workspace/2026_industry_cowork/IsaacSim-ros_workspaces/humble_ws/build/h1_fullbody_controller/install.log --install-scripts $base/lib/h1_fullbody_controller --single-version-externally-managed install_data
[1.093s] running egg_info
[1.093s] creating ../../../build/h1_fullbody_controller/h1_fullbody_controller.egg-info
[1.094s] writing ../../../build/h1_fullbody_controller/h1_fullbody_controller.egg-info/PKG-INFO
[1.094s] writing dependency_links to ../../../build/h1_fullbody_controller/h1_fullbody_controller.egg-info/dependency_links.txt
[1.094s] writing entry points to ../../../build/h1_fullbody_controller/h1_fullbody_controller.egg-info/entry_points.txt
[1.094s] writing requirements to ../../../build/h1_fullbody_controller/h1_fullbody_controller.egg-info/requires.txt
[1.094s] writing top-level names to ../../../build/h1_fullbody_controller/h1_fullbody_controller.egg-info/top_level.txt
[1.094s] writing manifest file '../../../build/h1_fullbody_controller/h1_fullbody_controller.egg-info/SOURCES.txt'
[1.095s] reading manifest file '../../../build/h1_fullbody_controller/h1_fullbody_controller.egg-info/SOURCES.txt'
[1.095s] writing manifest file '../../../build/h1_fullbody_controller/h1_fullbody_controller.egg-info/SOURCES.txt'
[1.095s] running build
[1.095s] running build_py
[1.095s] creating /home/ciderlab-server3/workspace/2026_industry_cowork/IsaacSim-ros_workspaces/humble_ws/build/h1_fullbody_controller/build
[1.095s] creating /home/ciderlab-server3/workspace/2026_industry_cowork/IsaacSim-ros_workspaces/humble_ws/build/h1_fullbody_controller/build/lib
[1.095s] creating /home/ciderlab-server3/workspace/2026_industry_cowork/IsaacSim-ros_workspaces/humble_ws/build/h1_fullbody_controller/build/lib/h1_fullbody_controller
[1.095s] copying h1_fullbody_controller/h1_fullbody_controller.py -> /home/ciderlab-server3/workspace/2026_industry_cowork/IsaacSim-ros_workspaces/humble_ws/build/h1_fullbody_controller/build/lib/h1_fullbody_controller
[1.095s] copying h1_fullbody_controller/__init__.py -> /home/ciderlab-server3/workspace/2026_industry_cowork/IsaacSim-ros_workspaces/humble_ws/build/h1_fullbody_controller/build/lib/h1_fullbody_controller
[1.095s] running install
[1.095s] running install_lib
[1.096s] creating /home/ciderlab-server3/workspace/2026_industry_cowork/IsaacSim-ros_workspaces/humble_ws/install/h1_fullbody_controller/lib/python3.10/site-packages/h1_fullbody_controller
[1.096s] copying /home/ciderlab-server3/workspace/2026_industry_cowork/IsaacSim-ros_workspaces/humble_ws/build/h1_fullbody_controller/build/lib/h1_fullbody_controller/h1_fullbody_controller.py -> /home/ciderlab-server3/workspace/2026_industry_cowork/IsaacSim-ros_workspaces/humble_ws/install/h1_fullbody_controller/lib/python3.10/site-packages/h1_fullbody_controller
[1.096s] copying /home/ciderlab-server3/workspace/2026_industry_cowork/IsaacSim-ros_workspaces/humble_ws/build/h1_fullbody_controller/build/lib/h1_fullbody_controller/__init__.py -> /home/ciderlab-server3/workspace/2026_industry_cowork/IsaacSim-ros_workspaces/humble_ws/install/h1_fullbody_controller/lib/python3.10/site-packages/h1_fullbody_controller
[1.096s] byte-compiling /home/ciderlab-server3/workspace/2026_industry_cowork/IsaacSim-ros_workspaces/humble_ws/install/h1_fullbody_controller/lib/python3.10/site-packages/h1_fullbody_controller/h1_fullbody_controller.py to h1_fullbody_controller.cpython-310.pyc
[1.097s] byte-compiling /home/ciderlab-server3/workspace/2026_industry_cowork/IsaacSim-ros_workspaces/humble_ws/install/h1_fullbody_controller/lib/python3.10/site-packages/h1_fullbody_controller/__init__.py to __init__.cpython-310.pyc
[1.097s] running install_data
[1.097s] creating /home/ciderlab-server3/workspace/2026_industry_cowork/IsaacSim-ros_workspaces/humble_ws/install/h1_fullbody_controller/share/ament_index
[1.097s] creating /home/ciderlab-server3/workspace/2026_industry_cowork/IsaacSim-ros_workspaces/humble_ws/install/h1_fullbody_controller/share/ament_index/resource_index
[1.097s] creating /home/ciderlab-server3/workspace/2026_industry_cowork/IsaacSim-ros_workspaces/humble_ws/install/h1_fullbody_controller/share/ament_index/resource_index/packages
[1.097s] copying resource/h1_fullbody_controller -> /home/ciderlab-server3/workspace/2026_industry_cowork/IsaacSim-ros_workspaces/humble_ws/install/h1_fullbody_controller/share/ament_index/resource_index/packages
[1.097s] copying package.xml -> /home/ciderlab-server3/workspace/2026_industry_cowork/IsaacSim-ros_workspaces/humble_ws/install/h1_fullbody_controller/share/h1_fullbody_controller
[1.097s] creating /home/ciderlab-server3/workspace/2026_industry_cowork/IsaacSim-ros_workspaces/humble_ws/install/h1_fullbody_controller/share/h1_fullbody_controller/launch
[1.097s] copying launch/h1_fullbody_controller.launch.py -> /home/ciderlab-server3/workspace/2026_industry_cowork/IsaacSim-ros_workspaces/humble_ws/install/h1_fullbody_controller/share/h1_fullbody_controller/launch
[1.097s] creating /home/ciderlab-server3/workspace/2026_industry_cowork/IsaacSim-ros_workspaces/humble_ws/install/h1_fullbody_controller/share/h1_fullbody_controller/policy
[1.097s] copying policy/h1_env.yaml -> /home/ciderlab-server3/workspace/2026_industry_cowork/IsaacSim-ros_workspaces/humble_ws/install/h1_fullbody_controller/share/h1_fullbody_controller/policy
[1.097s] copying policy/h1_policy.pt -> /home/ciderlab-server3/workspace/2026_industry_cowork/IsaacSim-ros_workspaces/humble_ws/install/h1_fullbody_controller/share/h1_fullbody_controller/policy
[1.097s] running install_egg_info
[1.099s] Copying ../../../build/h1_fullbody_controller/h1_fullbody_controller.egg-info to /home/ciderlab-server3/workspace/2026_industry_cowork/IsaacSim-ros_workspaces/humble_ws/install/h1_fullbody_controller/lib/python3.10/site-packages/h1_fullbody_controller-0.1.0-py3.10.egg-info
[1.099s] running install_scripts
[1.109s] Installing h1_fullbody_controller script to /home/ciderlab-server3/workspace/2026_industry_cowork/IsaacSim-ros_workspaces/humble_ws/install/h1_fullbody_controller/lib/h1_fullbody_controller
[1.109s] writing list of installed files to '/home/ciderlab-server3/workspace/2026_industry_cowork/IsaacSim-ros_workspaces/humble_ws/build/h1_fullbody_controller/install.log'
[1.125s] Invoked command in '/home/ciderlab-server3/workspace/2026_industry_cowork/IsaacSim-ros_workspaces/humble_ws/src/humanoid_locomotion_policy_example/h1_fullbody_controller' returned '0': PYTHONPATH=/home/ciderlab-server3/workspace/2026_industry_cowork/IsaacSim-ros_workspaces/humble_ws/build/h1_fullbody_controller/prefix_override:/usr/lib/python3/dist-packages/colcon_core/task/python/colcon_distutils_commands:/home/ciderlab-server3/workspace/2026_industry_cowork/IsaacSim-ros_workspaces/humble_ws/install/h1_fullbody_controller/lib/python3.10/site-packages:${PYTHONPATH} /usr/bin/python3 -W ignore:setup.py install is deprecated -W ignore:easy_install command is deprecated setup.py egg_info --egg-base ../../../build/h1_fullbody_controller build --build-base /home/ciderlab-server3/workspace/2026_industry_cowork/IsaacSim-ros_workspaces/humble_ws/build/h1_fullbody_controller/build install --record /home/ciderlab-server3/workspace/2026_industry_cowork/IsaacSim-ros_workspaces/humble_ws/build/h1_fullbody_controller/install.log --install-scripts $base/lib/h1_fullbody_controller --single-version-externally-managed install_data
